Component: ARM Compiler 5.06 update 6 (build 750) Tool: armlink [4d35ed]

==============================================================================

Section Cross References

    startup_stm32f334x8.o(RESET) refers to startup_stm32f334x8.o(STACK) for __initial_sp
    startup_stm32f334x8.o(RESET) refers to startup_stm32f334x8.o(.text) for Reset_Handler
    startup_stm32f334x8.o(RESET) refers to stm32f3xx_it.o(i.NMI_Handler) for NMI_Handler
    startup_stm32f334x8.o(RESET) refers to stm32f3xx_it.o(i.HardFault_Handler) for HardFault_Handler
    startup_stm32f334x8.o(RESET) refers to stm32f3xx_it.o(i.MemManage_Handler) for MemManage_Handler
    startup_stm32f334x8.o(RESET) refers to stm32f3xx_it.o(i.BusFault_Handler) for BusFault_Handler
    startup_stm32f334x8.o(RESET) refers to stm32f3xx_it.o(i.UsageFault_Handler) for UsageFault_Handler
    startup_stm32f334x8.o(RESET) refers to stm32f3xx_it.o(i.SVC_Handler) for SVC_Handler
    startup_stm32f334x8.o(RESET) refers to stm32f3xx_it.o(i.DebugMon_Handler) for DebugMon_Handler
    startup_stm32f334x8.o(RESET) refers to stm32f3xx_it.o(i.PendSV_Handler) for PendSV_Handler
    startup_stm32f334x8.o(RESET) refers to stm32f3xx_it.o(i.SysTick_Handler) for SysTick_Handler
    startup_stm32f334x8.o(RESET) refers to stm32f3xx_it.o(i.RCC_IRQHandler) for RCC_IRQHandler
    startup_stm32f334x8.o(RESET) refers to stm32f3xx_it.o(i.EXTI2_TSC_IRQHandler) for EXTI2_TSC_IRQHandler
    startup_stm32f334x8.o(RESET) refers to stm32f3xx_it.o(i.ADC1_2_IRQHandler) for ADC1_2_IRQHandler
    startup_stm32f334x8.o(RESET) refers to stm32f3xx_it.o(i.EXTI9_5_IRQHandler) for EXTI9_5_IRQHandler
    startup_stm32f334x8.o(RESET) refers to porttimer.o(i.TIM2_IRQHandler) for TIM2_IRQHandler
    startup_stm32f334x8.o(RESET) refers to stm32f3xx_it.o(i.TIM3_IRQHandler) for TIM3_IRQHandler
    startup_stm32f334x8.o(RESET) refers to stm32f3xx_it.o(i.I2C1_EV_IRQHandler) for I2C1_EV_IRQHandler
    startup_stm32f334x8.o(RESET) refers to stm32f3xx_it.o(i.I2C1_ER_IRQHandler) for I2C1_ER_IRQHandler
    startup_stm32f334x8.o(RESET) refers to portserial.o(i.USART1_IRQHandler) for USART1_IRQHandler
    startup_stm32f334x8.o(RESET) refers to stm32f3xx_it.o(i.EXTI15_10_IRQHandler) for EXTI15_10_IRQHandler
    startup_stm32f334x8.o(RESET) refers to stm32f3xx_it.o(i.TIM6_DAC1_IRQHandler) for TIM6_DAC1_IRQHandler
    startup_stm32f334x8.o(RESET) refers to stm32f3xx_it.o(i.HRTIM1_Master_IRQHandler) for HRTIM1_Master_IRQHandler
    startup_stm32f334x8.o(.text) refers to system_stm32f3xx.o(i.SystemInit) for SystemInit
    startup_stm32f334x8.o(.text) refers to entry.o(.ARM.Collect$$$$00000000) for __main
    main.o(i.BSP_EcecuteDisplay) refers to ssd1306.o(i.SSD1306_SetPos) for SSD1306_SetPos
    main.o(i.BSP_EcecuteDisplay) refers to print.o(i.printstr) for printstr
    main.o(i.BSP_EcecuteDisplay) refers to bsp.o(i.BSP_FBC_State) for BSP_FBC_State
    main.o(i.BSP_EcecuteDisplay) refers to print.o(i.printint) for printint
    main.o(i.BSP_EcecuteDisplay) refers to smbus.o(i.SMBUS_getValue) for SMBUS_getValue
    main.o(i.BSP_EcecuteDisplay) refers to smbus.o(i.SMBUS_getCntErr) for SMBUS_getCntErr
    main.o(i.BSP_EcecuteDisplay) refers to bsp.o(i.BSP_LDC_State) for BSP_LDC_State
    main.o(i.BSP_EcecuteDisplay) refers to stm32f3xx_hal.o(i.HAL_GetTick) for HAL_GetTick
    main.o(i.BSP_EcecuteDisplay) refers to ssd1306.o(i.SSD1306_PutChar) for SSD1306_PutChar
    main.o(i.BSP_EcecuteDisplay) refers to stm32f3xx_it.o(.data) for PowerLimitation
    main.o(i.BSP_EcecuteDisplay) refers to bsp.o(.data) for LastStepOptimize
    main.o(i.BSP_EcecuteDisplay) refers to bsp.o(.data) for IpanConversion
    main.o(i.BSP_EcecuteDisplay) refers to bsp.o(.data) for IbatConversion
    main.o(i.BSP_EcecuteDisplay) refers to main.o(.data) for .data
    main.o(i.BSP_ExecuteCeremonial) refers to main.o(i.LongTime) for LongTime
    main.o(i.BSP_ExecuteCeremonial) refers to bsp.o(i.BSP_LDC_State) for BSP_LDC_State
    main.o(i.BSP_ExecuteCeremonial) refers to bsp.o(i.BSP_LDC_SetState) for BSP_LDC_SetState
    main.o(i.BSP_ExecuteCeremonial) refers to bsp.o(.data) for AlightStateLevel
    main.o(i.BSP_ExecuteCeremonial) refers to conf_sruct.o(.constdata) for Ceremonial
    main.o(i.BSP_ExecuteCeremonial) refers to main.o(.data) for .data
    main.o(i.BSP_ExecuteControl) refers to bsp.o(i.BSP_LDC_State) for BSP_LDC_State
    main.o(i.BSP_ExecuteControl) refers to main.o(i.SunlightTrigger) for SunlightTrigger
    main.o(i.BSP_ExecuteControl) refers to bsp.o(i.BSP_LDC_SetState) for BSP_LDC_SetState
    main.o(i.BSP_ExecuteControl) refers to bsp.o(i.BSP_FBC_State) for BSP_FBC_State
    main.o(i.BSP_ExecuteControl) refers to bsp.o(i.BSP_FBC_SetState) for BSP_FBC_SetState
    main.o(i.BSP_ExecuteControl) refers to bsp.o(i.BSP_ELC_State) for BSP_ELC_State
    main.o(i.BSP_ExecuteControl) refers to bsp.o(i.BSP_ELC_SetState) for BSP_ELC_SetState
    main.o(i.BSP_ExecuteControl) refers to main.o(.udata) for .udata
[...]
    .data                                    0x200000dc   Section      172  mb.o(.data)
    eMBState                                 0x200000dc   Data           1  mb.o(.data)
    ucRcvAddress                             0x200000dd   Data           1  mb.o(.data)
    ucFunctionCode                           0x200000de   Data           1  mb.o(.data)
    eException                               0x200000df   Data           1  mb.o(.data)
    ucMBAddress                              0x200000e0   Data           1  mb.o(.data)
    eMBCurrentMode                           0x200000e1   Data           1  mb.o(.data)
    usLength                                 0x200000e2   Data           2  mb.o(.data)
    ucMBFrame                                0x200000e4   Data           4  mb.o(.data)
    peMBFrameSendCur                         0x200000e8   Data           4  mb.o(.data)
    pvMBFrameStartCur                        0x200000ec   Data           4  mb.o(.data)
    pvMBFrameStopCur                         0x200000f0   Data           4  mb.o(.data)
    peMBFrameReceiveCur                      0x200000f4   Data           4  mb.o(.data)
    pvMBFrameCloseCur                        0x200000f8   Data           4  mb.o(.data)
    xFuncHandlers                            0x20000108   Data         128  mb.o(.data)
    .data                                    0x20000188   Section        2  mbfuncother.o(.data)
    usMBSlaveIDLen                           0x20000188   Data           2  mbfuncother.o(.data)
    .data                                    0x2000018c   Section       12  mbrtu.o(.data)
    eSndState                                0x2000018c   Data           1  mbrtu.o(.data)
    eRcvState                                0x2000018d   Data           1  mbrtu.o(.data)
    usSndBufferCount                         0x2000018e   Data           2  mbrtu.o(.data)
    usRcvBufferPos                           0x20000190   Data           2  mbrtu.o(.data)
    pucSndBufferCur                          0x20000194   Data           4  mbrtu.o(.data)
    .data                                    0x20000198   Section        2  mbrtu_var.o(.data)
    .data                                    0x2000019a   Section        2  portevent.o(.data)
    eQueuedEvent                             0x2000019a   Data           1  portevent.o(.data)
    xEventInQueue                            0x2000019b   Data           1  portevent.o(.data)
    .udata                                   0x2000019c   Section       20  main.o(.udata)
    .udata                                   0x200001b0   Section        2  bsp.o(.udata)
    .bss                                     0x200001b4   Section       56  main.o(.bss)
    .bss                                     0x200001ec   Section      132  usart.o(.bss)
    .bss                                     0x20000270   Section      160  adc.o(.bss)
    .bss                                     0x20000310   Section      220  hrtim.o(.bss)
    .bss                                     0x200003ec   Section      152  tim.o(.bss)
    .bss                                     0x20000484   Section      168  ssd1306.o(.bss)
    ScreenMirror                             0x20000484   Data         168  ssd1306.o(.bss)
    .bss                                     0x2000052c   Section      156  smbus.o(.bss)
    .bss                                     0x200005c8   Section       32  mbfuncother.o(.bss)
    ucMBSlaveID                              0x200005c8   Data          32  mbfuncother.o(.bss)
    .bss                                     0x200005e8   Section      256  mbrtu.o(.bss)
    .bss                                     0x200006e8   Section       10  mbrtu_var.o(.bss)
    STACK                                    0x200006f8   Section     1024  startup_stm32f334x8.o(STACK)

    Global Symbols

    Symbol Name                              Value     Ov Type        Size  Object(Section)

    BuildAttributes$$THM_ISAv4$E$P$D$K$B$S$7EM$VFPi3$EXTD16$VFPS$VFMA$PE$A:L22UL41UL21$X:L11$S22US41US21$IEEE1$IW$USESV6$~STKCKD$USESV7$~SHL$OSPACE$ROPI$EBA8$MICROLIB$REQ8$PRES8$EABIv2 0x00000000   Number         0  anon$$obj.o ABSOLUTE
    __ARM_use_no_argv                        0x00000000   Number         0  main.o ABSOLUTE
    __cpp_initialize__aeabi_                  - Undefined Weak Reference
    __cxa_finalize                            - Undefined Weak Reference
    _clock_init                               - Undefined Weak Reference
    _microlib_exit                            - Undefined Weak Reference
    __Vectors_Size                           0x00000188   Number         0  startup_stm32f334x8.o ABSOLUTE
    __Vectors                                0x08000000   Data           4  startup_stm32f334x8.o(RESET)
    __Vectors_End                            0x08000188   Data           0  startup_stm32f334x8.o(RESET)
    __main                                   0x08000189   Thumb Code     0  entry.o(.ARM.Collect$$$$00000000)
    _main_stk                                0x08000189   Thumb Code     0  entry2.o(.ARM.Collect$$$$00000001)
    _main_scatterload                        0x0800018d   Thumb Code     0  entry5.o(.ARM.Collect$$$$00000004)
    __main_after_scatterload                 0x08000191   Thumb Code     0  entry5.o(.ARM.Collect$$$$00000004)
    _main_clock                              0x08000191   Thumb Code     0  entry7b.o(.ARM.Collect$$$$00000008)
    _main_cpp_init                           0x08000191   Thumb Code     0  entry8b.o(.ARM.Collect$$$$0000000A)
    _main_init                               0x08000191   Thumb Code     0  entry9a.o(.ARM.Collect$$$$0000000B)
    __rt_final_cpp                           0x08000199   Thumb Code     0  entry10a.o(.ARM.Collect$$$$0000000D)
    __rt_final_exit                          0x08000199   Thumb Code     0  entry11a.o(.ARM.Collect$$$$0000000F)
    Reset_Handler                            0x0800019d   Thumb Code     8  startup_stm32f334x8.o(.text)
    CAN_RX0_IRQHandler                       0x080001b7   Thumb Code     0  startup_stm32f334x8.o(.text)
    CAN_RX1_IRQHandler                       0x080001b7   Thumb Code     0  startup_stm32f334x8.o(.text)
    CAN_SCE_IRQHandler                       0x080001b7   Thumb Code     0  startup_stm32f334x8.o(.text)
    CAN_TX_IRQHandler                        0x080001b7   Thumb Code     0  startup_stm32f334x8.o(.text)
    COMP2_IRQHandler                         0x080001b7   Thumb Code     0  startup_stm32f334x8.o(.text)
    COMP4_6_IRQHandler                       0x080001b7   Thumb Code     0  startup_stm32f334x8.o(.text)
    DMA1_Channel1_IRQHandler                 0x080001b7   Thumb Code     0  startup_stm32f334x8.o(.text)
    DMA1_Channel2_IRQHandler                 0x080001b7   Thumb Code     0  startup_stm32f334x8.o(.text)
    DMA1_Channel3_IRQHandler                 0x080001b7   Thumb Code     0  startup_stm32f334x8.o(.text)
    DMA1_Channel4_IRQHandler                 0x080001b7   Thumb Code     0  startup_stm32f334x8.o(.text)
    DMA1_Channel5_IRQHandler                 0x080001b7   Thumb Code     0  startup_stm32f334x8.o(.text)
    DMA1_Channel6_IRQHandler                 0x080001b7   Thumb Code     0  startup_stm32f334x8.o(.text)
    DMA1_Channel7_IRQHandler                 0x080001b7   Thumb Code     0  startup_stm32f334x8.o(.text)
    EXTI0_IRQHandler                         0x080001b7   Thumb Code     0  startup_stm32f334x8.o(.text)
    EXTI1_IRQHandler                         0x080001b7   Thumb Code     0  startup_stm32f334x8.o(.text)
    EXTI3_IRQHandler                         0x080001b7   Thumb Code     0  startup_stm32f334x8.o(.text)
    EXTI4_IRQHandler                         0x080001b7   Thumb Code     0  startup_stm32f334x8.o(.text)
    FLASH_IRQHandler                         0x080001b7   Thumb Code     0  startup_stm32f334x8.o(.text)
    FPU_IRQHandler                           0x080001b7   Thumb Code     0  startup_stm32f334x8.o(.text)
    HRTIM1_FLT_IRQHandler                    0x080001b7   Thumb Code     0  startup_stm32f334x8.o(.text)
    HRTIM1_TIMA_IRQHandler                   0x080001b7   Thumb Code     0  startup_stm32f334x8.o(.text)
    HRTIM1_TIMB_IRQHandler                   0x080001b7   Thumb Code     0  startup_stm32f334x8.o(.text)
    HRTIM1_TIMC_IRQHandler                   0x080001b7   Thumb Code     0  startup_stm32f334x8.o(.text)
    HRTIM1_TIMD_IRQHandler                   0x080001b7   Thumb Code     0  startup_stm32f334x8.o(.text)
    HRTIM1_TIME_IRQHandler                   0x080001b7   Thumb Code     0  startup_stm32f334x8.o(.text)
    PVD_IRQHandler                           0x080001b7   Thumb Code     0  startup_stm32f334x8.o(.text)
    RTC_Alarm_IRQHandler                     0x080001b7   Thumb Code     0  startup_stm32f334x8.o(.text)
    RTC_WKUP_IRQHandler                      0x080001b7   Thumb Code     0  startup_stm32f334x8.o(.text)
    SPI1_IRQHandler                          0x080001b7   Thumb Code     0  startup_stm32f334x8.o(.text)
    TAMP_STAMP_IRQHandler                    0x080001b7   Thumb Code     0  startup_stm32f334x8.o(.text)
    TIM1_BRK_TIM15_IRQHandler                0x080001b7   Thumb Code     0  startup_stm32f334x8.o(.text)
    TIM1_CC_IRQHandler                       0x080001b7   Thumb Code     0  startup_stm32f334x8.o(.text)
    TIM1_TRG_COM_TIM17_IRQHandler            0x080001b7   Thumb Code     0  startup_stm32f334x8.o(.text)
    TIM1_UP_TIM16_IRQHandler                 0x080001b7   Thumb Code     0  startup_stm32f334x8.o(.text)
    TIM7_DAC2_IRQHandler                     0x080001b7   Thumb Code     0  startup_stm32f334x8.o(.text)
    USART2_IRQHandler                        0x080001b7   Thumb Code     0  startup_stm32f334x8.o(.text)
    USART3_IRQHandler                        0x080001b7   Thumb Code     0  startup_stm32f334x8.o(.text)
    WWDG_IRQHandler                          0x080001b7   Thumb Code     0  startup_stm32f334x8.o(.text)
    __aeabi_uldivmod                         0x080001c1   Thumb Code    98  uldiv.o(.text)
    __aeabi_llsr                             0x08000223   Thumb Code    32  llushr.o(.text)
    _ll_ushift_r                             0x08000223   Thumb Code     0  llushr.o(.text)
    div                                      0x08000243   Thumb Code    20  sidiv.o(.text)
    __aeabi_memcpy                           0x08000257   Thumb Code    36  memcpya.o(.text)
    __aeabi_memcpy4                          0x08000257   Thumb Code     0  memcpya.o(.text)
    __aeabi_memcpy8                          0x08000257   Thumb Code     0  memcpya.o(.text)
    __aeabi_memset                           0x0800027b   Thumb Code    14  memseta.o(.text)
    __aeabi_memset4                          0x0800027b   Thumb Code     0  memseta.o(.text)
    __aeabi_memset8                          0x0800027b   Thumb Code     0  memseta.o(.text)
    __aeabi_memclr                           0x08000289   Thumb Code     4  memseta.o(.text)
    __aeabi_memclr4                          0x08000289   Thumb Code     0  memseta.o(.text)
    __aeabi_memclr8                          0x08000289   Thumb Code     0  memseta.o(.text)
    _memset$wrapper                          0x0800028d   Thumb Code    18  memseta.o(.text)
    __aeabi_ui2d                             0x0800029f   Thumb Code    26  dfltui.o(.text)
    __aeabi_cdrcmple                         0x080002b9   Thumb Code    48  cdrcmple.o(.text)
    __aeabi_idiv                             0x080002e9   Thumb Code     0  idiv.o(.text)
    __aeabi_idivmod                          0x080002e9   Thumb Code    40  idiv.o(.text)
    __aeabi_llsl                             0x08000311   Thumb Code    30  llshl.o(.text)
    _ll_shift_l                              0x08000311   Thumb Code     0  llshl.o(.text)
    __I$use$fp                               0x0800032f   Thumb Code     0  iusefp.o(.text)
    _double_round                            0x0800032f   Thumb Code    30  depilogue.o(.text)
    _double_epilogue                         0x0800034d   Thumb Code   156  depilogue.o(.text)
    __scatterload                            0x080003e9   Thumb Code    28  init.o(.text)
    __scatterload_rt2                        0x080003e9   Thumb Code     0  init.o(.text)
    __aeabi_uidiv                            0x0800040d   Thumb Code     0  uidiv.o(.text)
    __aeabi_uidivmod                         0x0800040d   Thumb Code    44  uidiv.o(.text)
    __decompress                             0x08000439   Thumb Code     0  __dczerorl2.o(.text)
    __decompress1                            0x08000439   Thumb Code    86  __dczerorl2.o(.text)
    ADC1_2_IRQHandler                        0x08000491   Thumb Code   176  stm32f3xx_it.o(i.ADC1_2_IRQHandler)
    BSP_ELC_SetState                         0x08000629   Thumb Code    34  bsp.o(i.BSP_ELC_SetState)
    BSP_ELC_State                            0x08000655   Thumb Code     6  bsp.o(i.BSP_ELC_State)
    BSP_ExecuteCeremonial                    0x08000661   Thumb Code    90  main.o(i.BSP_ExecuteCeremonial)
    BSP_ExecuteControl                       0x080006cd   Thumb Code   304  main.o(i.BSP_ExecuteControl)
    BSP_ExecuteLEDshow                       0x0800081d   Thumb Code   292  main.o(i.BSP_ExecuteLEDshow)
    BSP_FBC_CutGearNumber                    0x0800094d   Thumb Code    28  bsp.o(i.BSP_FBC_CutGearNumber)
    BSP_FBC_Reset                            0x0800096d   Thumb Code    30  bsp.o(i.BSP_FBC_Reset)
    BSP_FBC_SetDutyCycles                    0x08000991   Thumb Code   150  bsp.o(i.BSP_FBC_SetDutyCycles)
    BSP_FBC_SetGearNumber                    0x08000a31   Thumb Code   102  bsp.o(i.BSP_FBC_SetGearNumber)
    BSP_FBC_SetState                         0x08000aa5   Thumb Code    42  bsp.o(i.BSP_FBC_SetState)
    BSP_FBC_State                            0x08000add   Thumb Code     6  bsp.o(i.BSP_FBC_State)
    BSP_Init                                 0x08000ae9   Thumb Code    92  bsp.o(i.BSP_Init)
    BSP_LDC_SetState                         0x08000b55   Thumb Code    40  bsp.o(i.BSP_LDC_SetState)
    BSP_LDC_State                            0x08000b89   Thumb Code     6  bsp.o(i.BSP_LDC_State)
    BSP_LED_SetState                         0x08000b95   Thumb Code   156  bsp.o(i.BSP_LED_SetState)
    BSP_Reset                                0x08000c39   Thumb Code    26  bsp.o(i.BSP_Reset)
    BusFault_Handler                         0x08000c5d   Thumb Code     4  stm32f3xx_it.o(i.BusFault_Handler)
    DebugMon_Handler                         0x08000cf7   Thumb Code     4  stm32f3xx_it.o(i.DebugMon_Handler)
    EXTI15_10_IRQHandler                     0x08000cfb   Thumb Code    30  stm32f3xx_it.o(i.EXTI15_10_IRQHandler)
    EXTI2_TSC_IRQHandler                     0x08000d19   Thumb Code     6  stm32f3xx_it.o(i.EXTI2_TSC_IRQHandler)
    EXTI9_5_IRQHandler                       0x08000d1f   Thumb Code     6  stm32f3xx_it.o(i.EXTI9_5_IRQHandler)
    HAL_ADCEx_Calibration_Start              0x08000d25   Thumb Code   150  stm32f3xx_hal_adc_ex.o(i.HAL_ADCEx_Calibration_Start)
    HAL_ADCEx_InjectedConfigChannel          0x08000dbd   Thumb Code   978  stm32f3xx_hal_adc_ex.o(i.HAL_ADCEx_InjectedConfigChannel)
    HAL_ADCEx_InjectedConvCpltCallback       0x080011a9   Thumb Code     2  stm32f3xx_hal_adc_ex.o(i.HAL_ADCEx_InjectedConvCpltCallback)
    HAL_ADCEx_InjectedQueueOverflowCallback  0x080011ab   Thumb Code     2  stm32f3xx_hal_adc_ex.o(i.HAL_ADCEx_InjectedQueueOverflowCallback)
    HAL_ADCEx_InjectedStart_IT               0x080011ad   Thumb Code   224  stm32f3xx_hal_adc_ex.o(i.HAL_ADCEx_InjectedStart_IT)
    HAL_ADCEx_LevelOutOfWindow2Callback      0x0800128d   Thumb Code     2  stm32f3xx_hal_adc_ex.o(i.HAL_ADCEx_LevelOutOfWindow2Callback)
    HAL_ADCEx_LevelOutOfWindow3Callback      0x0800128f   Thumb Code     2  stm32f3xx_hal_adc_ex.o(i.HAL_ADCEx_LevelOutOfWindow3Callback)
    HAL_ADCEx_MultiModeConfigChannel         0x08001291   Thumb Code   214  stm32f3xx_hal_adc_ex.o(i.HAL_ADCEx_MultiModeConfigChannel)
    HAL_ADC_ConvCpltCallback                 0x08001371   Thumb Code     2  stm32f3xx_hal_adc.o(i.HAL_ADC_ConvCpltCallback)
    HAL_ADC_ErrorCallback                    0x08001373   Thumb Code     2  stm32f3xx_hal_adc.o(i.HAL_ADC_ErrorCallback)
    HAL_ADC_IRQHandler                       0x08001375   Thumb Code   612  stm32f3xx_hal_adc_ex.o(i.HAL_ADC_IRQHandler)
    HAL_ADC_Init                             0x080015dd   Thumb Code   460  stm32f3xx_hal_adc_ex.o(i.HAL_ADC_Init)
    HAL_ADC_LevelOutOfWindowCallback         0x080017c1   Thumb Code     2  stm32f3xx_hal_adc.o(i.HAL_ADC_LevelOutOfWindowCallback)
    HAL_ADC_MspInit                          0x080017c5   Thumb Code   160  adc.o(i.HAL_ADC_MspInit)
    HAL_CRCEx_Polynomial_Set                 0x08001879   Thumb Code    78  stm32f3xx_hal_crc_ex.o(i.HAL_CRCEx_Polynomial_Set)
    HAL_CRC_Accumulate                       0x080018c9   Thumb Code    68  stm32f3xx_hal_crc.o(i.HAL_CRC_Accumulate)
    HAL_CRC_Init                             0x0800190d   Thumb Code   112  stm32f3xx_hal_crc.o(i.HAL_CRC_Init)
    HAL_CRC_MspInit                          0x08001981   Thumb Code    30  main.o(i.HAL_CRC_MspInit)
    HAL_Delay                                0x080019a9   Thumb Code    32  stm32f3xx_hal.o(i.HAL_Delay)
    HAL_GPIO_EXTI_Callback                   0x080019cd   Thumb Code    76  bsp.o(i.HAL_GPIO_EXTI_Callback)
    HAL_GPIO_EXTI_IRQHandler                 0x08001a2d   Thumb Code    18  stm32f3xx_hal_gpio.o(i.HAL_GPIO_EXTI_IRQHandler)
    HAL_GPIO_Init                            0x08001a45   Thumb Code   396  stm32f3xx_hal_gpio.o(i.HAL_GPIO_Init)
    HAL_GPIO_ReadPin                         0x08001be9   Thumb Code    10  stm32f3xx_hal_gpio.o(i.HAL_GPIO_ReadPin)
    HAL_GPIO_TogglePin                       0x08001bf3   Thumb Code    16  stm32f3xx_hal_gpio.o(i.HAL_GPIO_TogglePin)
    HAL_GPIO_WritePin                        0x08001c03   Thumb Code    10  stm32f3xx_hal_gpio.o(i.HAL_GPIO_WritePin)
    HAL_GetTick                              0x08001c0d   Thumb Code     6  stm32f3xx_hal.o(i.HAL_GetTick)
    HAL_HRTIM_ADCTriggerConfig               0x08001c19   Thumb Code   190  stm32f3xx_hal_hrtim.o(i.HAL_HRTIM_ADCTriggerConfig)
    HAL_HRTIM_BurstModePeriodCallback        0x08001cd7   Thumb Code     2  stm32f3xx_hal_hrtim.o(i.HAL_HRTIM_BurstModePeriodCallback)
    HAL_HRTIM_Capture1EventCallback          0x08001cd9   Thumb Code     2  stm32f3xx_hal_hrtim.o(i.HAL_HRTIM_Capture1EventCallback)
    HAL_HRTIM_Capture2EventCallback          0x08001cdb   Thumb Code     2  stm32f3xx_hal_hrtim.o(i.HAL_HRTIM_Capture2EventCallback)
    HAL_HRTIM_Compare1EventCallback          0x08001cdd   Thumb Code     2  stm32f3xx_hal_hrtim.o(i.HAL_HRTIM_Compare1EventCallback)
    HAL_HRTIM_Compare2EventCallback          0x08001cdf   Thumb Code     2  stm32f3xx_hal_hrtim.o(i.HAL_HRTIM_Compare2EventCallback)
    HAL_HRTIM_Compare3EventCallback          0x08001ce1   Thumb Code     2  stm32f3xx_hal_hrtim.o(i.HAL_HRTIM_Compare3EventCallback)
    HAL_HRTIM_Compare4EventCallback          0x08001ce3   Thumb Code     2  stm32f3xx_hal_hrtim.o(i.HAL_HRTIM_Compare4EventCallback)
    HAL_HRTIM_CounterResetCallback           0x08001ce5   Thumb Code     2  stm32f3xx_hal_hrtim.o(i.HAL_HRTIM_CounterResetCallback)
    HAL_HRTIM_DLLCalibrationReadyCallback    0x08001ce7   Thumb Code     2  stm32f3xx_hal_hrtim.o(i.HAL_HRTIM_DLLCalibrationReadyCallback)
    HAL_HRTIM_DLLCalibrationStart            0x08001ce9   Thumb Code    98  stm32f3xx_hal_hrtim.o(i.HAL_HRTIM_DLLCalibrationStart)
    HAL_HRTIM_DeadTimeConfig                 0x08001d4d   Thumb Code   136  stm32f3xx_hal_hrtim.o(i.HAL_HRTIM_DeadTimeConfig)
    HAL_HRTIM_DelayedProtectionCallback      0x08001dd9   Thumb Code     2  stm32f3xx_hal_hrtim.o(i.HAL_HRTIM_DelayedProtectionCallback)
    HAL_HRTIM_Fault1Callback                 0x08001ddb   Thumb Code     2  stm32f3xx_hal_hrtim.o(i.HAL_HRTIM_Fault1Callback)
    HAL_HRTIM_Fault2Callback                 0x08001ddd   Thumb Code     2  stm32f3xx_hal_hrtim.o(i.HAL_HRTIM_Fault2Callback)
    HAL_HRTIM_Fault3Callback                 0x08001ddf   Thumb Code     2  stm32f3xx_hal_hrtim.o(i.HAL_HRTIM_Fault3Callback)
    HAL_HRTIM_Fault4Callback                 0x08001de1   Thumb Code     2  stm32f3xx_hal_hrtim.o(i.HAL_HRTIM_Fault4Callback)
    HAL_HRTIM_Fault5Callback                 0x08001de3   Thumb Code     2  stm32f3xx_hal_hrtim.o(i.HAL_HRTIM_Fault5Callback)
    HAL_HRTIM_IRQHandler                     0x08001de5   Thumb Code    20  stm32f3xx_hal_hrtim.o(i.HAL_HRTIM_IRQHandler)
    HAL_HRTIM_Init                           0x08001df9   Thumb Code   180  stm32f3xx_hal_hrtim.o(i.HAL_HRTIM_Init)
    HAL_HRTIM_MspInit                        0x08001eb5   Thumb Code    50  hrtim.o(i.HAL_HRTIM_MspInit)
    HAL_HRTIM_MspPostInit                    0x08001ef1   Thumb Code    56  hrtim.o(i.HAL_HRTIM_MspPostInit)
    HAL_HRTIM_Output1ResetCallback           0x08001f31   Thumb Code     2  stm32f3xx_hal_hrtim.o(i.HAL_HRTIM_Output1ResetCallback)
    HAL_HRTIM_Output1SetCallback             0x08001f33   Thumb Code     2  stm32f3xx_hal_hrtim.o(i.HAL_HRTIM_Output1SetCallback)
    HAL_HRTIM_Output2ResetCallback           0x08001f35   Thumb Code     2  stm32f3xx_hal_hrtim.o(i.HAL_HRTIM_Output2ResetCallback)
    HAL_HRTIM_Output2SetCallback             0x08001f37   Thumb Code     2  stm32f3xx_hal_hrtim.o(i.HAL_HRTIM_Output2SetCallback)
    HAL_HRTIM_PollForDLLCalibration          0x08001f39   Thumb Code    66  stm32f3xx_hal_hrtim.o(i.HAL_HRTIM_PollForDLLCalibration)
    HAL_HRTIM_RegistersUpdateCallback        0x08001f7b   Thumb Code     2  stm32f3xx_hal_hrtim.o(i.HAL_HRTIM_RegistersUpdateCallback)
    HAL_HRTIM_RepetitionEventCallback        0x08001f7d   Thumb Code     2  stm32f3xx_hal_hrtim.o(i.HAL_HRTIM_RepetitionEventCallback)
    HAL_HRTIM_SynchronizationEventCallback   0x08001f7f   Thumb Code     2  stm32f3xx_hal_hrtim.o(i.HAL_HRTIM_SynchronizationEventCallback)
    HAL_HRTIM_SystemFaultCallback            0x08001f81   Thumb Code     2  stm32f3xx_hal_hrtim.o(i.HAL_HRTIM_SystemFaultCallback)
    HAL_HRTIM_TimeBaseConfig                 0x08001f83   Thumb Code   122  stm32f3xx_hal_hrtim.o(i.HAL_HRTIM_TimeBaseConfig)
    HAL_HRTIM_WaveformCompareConfig          0x08001ffd   Thumb Code   308  stm32f3xx_hal_hrtim.o(i.HAL_HRTIM_WaveformCompareConfig)
    HAL_HRTIM_WaveformCountStart_IT          0x08002131   Thumb Code   128  stm32f3xx_hal_hrtim.o(i.HAL_HRTIM_WaveformCountStart_IT)
    HAL_HRTIM_WaveformOutputConfig           0x080021b5   Thumb Code    54  stm32f3xx_hal_hrtim.o(i.HAL_HRTIM_WaveformOutputConfig)
    HAL_HRTIM_WaveformOutputStart            0x080021eb   Thumb Code    48  stm32f3xx_hal_hrtim.o(i.HAL_HRTIM_WaveformOutputStart)
    HAL_HRTIM_WaveformOutputStop             0x0800221b   Thumb Code    48  stm32f3xx_hal_hrtim.o(i.HAL_HRTIM_WaveformOutputStop)
    HAL_HRTIM_WaveformTimerConfig            0x0800224b   Thumb Code   186  stm32f3xx_hal_hrtim.o(i.HAL_HRTIM_WaveformTimerConfig)
    HAL_IWDG_Init                            0x08002305   Thumb Code   150  stm32f3xx_hal_iwdg.o(i.HAL_IWDG_Init)
    HAL_IWDG_MspInit                         0x0800239b   Thumb Code     2  stm32f3xx_hal_iwdg.o(i.HAL_IWDG_MspInit)
    HAL_IWDG_Refresh                         0x0800239d   Thumb Code    84  stm32f3xx_hal_iwdg.o(i.HAL_IWDG_Refresh)
    HAL_IncTick                              0x080023f1   Thumb Code    12  stm32f3xx_hal.o(i.HAL_IncTick)
    HAL_Init                                 0x08002401   Thumb Code    32  stm32f3xx_hal.o(i.HAL_Init)
    HAL_InitTick                             0x08002425   Thumb Code    54  stm32f3xx_hal.o(i.HAL_InitTick)
    HAL_MspInit                              0x08002465   Thumb Code    38  stm32f3xx_hal_msp.o(i.HAL_MspInit)
    HAL_NVIC_EnableIRQ                       0x08002491   Thumb Code    26  stm32f3xx_hal_cortex.o(i.HAL_NVIC_EnableIRQ)
    HAL_NVIC_SetPriority                     0x080024ad   Thumb Code    60  stm32f3xx_hal_cortex.o(i.HAL_NVIC_SetPriority)
    HAL_NVIC_SetPriorityGrouping             0x080024ed   Thumb Code    26  stm32f3xx_hal_cortex.o(i.HAL_NVIC_SetPriorityGrouping)
    HAL_RCCEx_PeriphCLKConfig                0x08002511   Thumb Code   378  stm32f3xx_hal_rcc_ex.o(i.HAL_RCCEx_PeriphCLKConfig)
    HAL_RCC_ClockConfig                      0x08002699   Thumb Code   308  stm32f3xx_hal_rcc.o(i.HAL_RCC_ClockConfig)
    HAL_RCC_GetHCLKFreq                      0x080027e1   Thumb Code     6  stm32f3xx_hal_rcc.o(i.HAL_RCC_GetHCLKFreq)
    HAL_RCC_GetPCLK1Freq                     0x080027ed   Thumb Code    34  stm32f3xx_hal_rcc.o(i.HAL_RCC_GetPCLK1Freq)
    HAL_RCC_GetPCLK2Freq                     0x0800281d   Thumb Code    34  stm32f3xx_hal_rcc.o(i.HAL_RCC_GetPCLK2Freq)
    HAL_RCC_GetSysClockFreq                  0x0800284d   Thumb Code    92  stm32f3xx_hal_rcc.o(i.HAL_RCC_GetSysClockFreq)
    HAL_RCC_OscConfig                        0x080028b9   Thumb Code  1480  stm32f3xx_hal_rcc.o(i.HAL_RCC_OscConfig)
    HAL_SMBUS_AddrCallback                   0x08002e81   Thumb Code     2  stm32f3xx_hal_smbus.o(i.HAL_SMBUS_AddrCallback)
    HAL_SMBUS_ER_IRQHandler                  0x08002e83   Thumb Code     4  stm32f3xx_hal_smbus.o(i.HAL_SMBUS_ER_IRQHandler)
    HAL_SMBUS_EV_IRQHandler                  0x08002e87   Thumb Code   186  stm32f3xx_hal_smbus.o(i.HAL_SMBUS_EV_IRQHandler)
    HAL_SMBUS_ErrorCallback                  0x08002f41   Thumb Code     2  stm32f3xx_hal_smbus.o(i.HAL_SMBUS_ErrorCallback)
    HAL_SMBUS_GetState                       0x08002f43   Thumb Code     4  stm32f3xx_hal_smbus.o(i.HAL_SMBUS_GetState)
    HAL_SMBUS_Init                           0x08002f49   Thumb Code   226  stm32f3xx_hal_smbus.o(i.HAL_SMBUS_Init)
    HAL_SMBUS_ListenCpltCallback             0x08003031   Thumb Code     2  stm32f3xx_hal_smbus.o(i.HAL_SMBUS_ListenCpltCallback)
    HAL_SMBUS_MasterRxCpltCallback           0x08003033   Thumb Code     2  stm32f3xx_hal_smbus.o(i.HAL_SMBUS_MasterRxCpltCallback)
    HAL_SMBUS_MasterTxCpltCallback           0x08003035   Thumb Code     2  stm32f3xx_hal_smbus.o(i.HAL_SMBUS_MasterTxCpltCallback)
    HAL_SMBUS_Master_Receive_IT              0x08003039   Thumb Code   176  stm32f3xx_hal_smbus.o(i.HAL_SMBUS_Master_Receive_IT)
    HAL_SMBUS_Master_Transmit_IT             0x080030ed   Thumb Code   204  stm32f3xx_hal_smbus.o(i.HAL_SMBUS_Master_Transmit_IT)
    HAL_SMBUS_MspInit                        0x080031bd   Thumb Code    92  smbus.o(i.HAL_SMBUS_MspInit)
    HAL_SMBUS_SlaveRxCpltCallback            0x08003225   Thumb Code     2  stm32f3xx_hal_smbus.o(i.HAL_SMBUS_SlaveRxCpltCallback)
    HAL_SMBUS_SlaveTxCpltCallback            0x08003227   Thumb Code     2  stm32f3xx_hal_smbus.o(i.HAL_SMBUS_SlaveTxCpltCallback)
    HAL_SYSTICK_CLKSourceConfig              0x08003229   Thumb Code    24  stm32f3xx_hal_cortex.o(i.HAL_SYSTICK_CLKSourceConfig)
    HAL_SYSTICK_Callback                     0x08003241   Thumb Code     2  stm32f3xx_hal_cortex.o(i.HAL_SYSTICK_Callback)
    HAL_SYSTICK_Config                       0x08003243   Thumb Code    40  stm32f3xx_hal_cortex.o(i.HAL_SYSTICK_Config)
    HAL_SYSTICK_IRQHandler                   0x0800326b   Thumb Code     8  stm32f3xx_hal_cortex.o(i.HAL_SYSTICK_IRQHandler)
    HAL_TIMEx_Break2Callback                 0x08003273   Thumb Code     2  stm32f3xx_hal_tim_ex.o(i.HAL_TIMEx_Break2Callback)
    HAL_TIMEx_BreakCallback                  0x08003275   Thumb Code     2  stm32f3xx_hal_tim_ex.o(i.HAL_TIMEx_BreakCallback)
    HAL_TIMEx_CommutCallback                 0x08003277   Thumb Code     2  stm32f3xx_hal_tim_ex.o(i.HAL_TIMEx_CommutCallback)
    HAL_TIMEx_MasterConfigSynchronization    0x08003279   Thumb Code   104  stm32f3xx_hal_tim_ex.o(i.HAL_TIMEx_MasterConfigSynchronization)
    HAL_TIM_Base_Init                        0x080032ed   Thumb Code    98  stm32f3xx_hal_tim.o(i.HAL_TIM_Base_Init)
    HAL_TIM_Base_MspInit                     0x08003351   Thumb Code    74  tim.o(i.HAL_TIM_Base_MspInit)
    HAL_TIM_Base_Start                       0x080033a9   Thumb Code    72  stm32f3xx_hal_tim.o(i.HAL_TIM_Base_Start)
    HAL_TIM_Base_Stop                        0x08003401   Thumb Code    38  stm32f3xx_hal_tim.o(i.HAL_TIM_Base_Stop)
    HAL_TIM_ConfigClockSource                0x08003429   Thumb Code   214  stm32f3xx_hal_tim.o(i.HAL_TIM_ConfigClockSource)
    HAL_TIM_IC_CaptureCallback               0x08003505   Thumb Code     2  stm32f3xx_hal_tim.o(i.HAL_TIM_IC_CaptureCallback)
    HAL_TIM_IRQHandler                       0x08003507   Thumb Code   388  stm32f3xx_hal_tim.o(i.HAL_TIM_IRQHandler)
    HAL_TIM_OC_DelayElapsedCallback          0x0800368b   Thumb Code     2  stm32f3xx_hal_tim.o(i.HAL_TIM_OC_DelayElapsedCallback)
    HAL_TIM_PWM_ConfigChannel                0x0800368d   Thumb Code   286  stm32f3xx_hal_tim.o(i.HAL_TIM_PWM_ConfigChannel)
    HAL_TIM_PWM_Init                         0x080037ab   Thumb Code    98  stm32f3xx_hal_tim.o(i.HAL_TIM_PWM_Init)
    HAL_TIM_PWM_MspInit                      0x0800380d   Thumb Code     2  stm32f3xx_hal_tim.o(i.HAL_TIM_PWM_MspInit)
    HAL_TIM_PWM_PulseFinishedCallback        0x08003811   Thumb Code   148  bsp.o(i.HAL_TIM_PWM_PulseFinishedCallback)
    HAL_TIM_PWM_Start_IT                     0x080038b5   Thumb Code   242  stm32f3xx_hal_tim.o(i.HAL_TIM_PWM_Start_IT)
    HAL_TIM_PeriodElapsedCallback            0x080039c1   Thumb Code     2  stm32f3xx_hal_tim.o(i.HAL_TIM_PeriodElapsedCallback)
    HAL_TIM_TriggerCallback                  0x080039c3   Thumb Code     2  stm32f3xx_hal_tim.o(i.HAL_TIM_TriggerCallback)
    HAL_UART_Init                            0x080039c5   Thumb Code   102  stm32f3xx_hal_uart.o(i.HAL_UART_Init)
    HAL_UART_MspInit                         0x08003a2d   Thumb Code   114  usart.o(i.HAL_UART_MspInit)
    HRTIM1_Master_IRQHandler                 0x08003aad   Thumb Code   518  stm32f3xx_it.o(i.HRTIM1_Master_IRQHandler)
    HardFault_Handler                        0x08004327   Thumb Code     4  stm32f3xx_it.o(i.HardFault_Handler)
    I2C1_ER_IRQHandler                       0x0800432d   Thumb Code     6  stm32f3xx_it.o(i.I2C1_ER_IRQHandler)
    I2C1_EV_IRQHandler                       0x08004339   Thumb Code     6  stm32f3xx_it.o(i.I2C1_EV_IRQHandler)
    I2C_Delay                                0x08004345   Thumb Code    12  ssd1306.o(i.I2C_Delay)
    I2C_Start                                0x08004351   Thumb Code    38  ssd1306.o(i.I2C_Start)
    I2C_Stop                                 0x08004377   Thumb Code    30  ssd1306.o(i.I2C_Stop)
    I2C_Transmit                             0x08004395   Thumb Code    88  ssd1306.o(i.I2C_Transmit)
    LongTime                                 0x080043f1   Thumb Code    26  main.o(i.LongTime)
    MX_ADC1_Init                             0x08004415   Thumb Code   164  adc.o(i.MX_ADC1_Init)
    MX_ADC2_Init                             0x080044bd   Thumb Code   146  adc.o(i.MX_ADC2_Init)
    MX_GPIO_Init                             0x08004559   Thumb Code   294  gpio.o(i.MX_GPIO_Init)
    MX_HRTIM1_Init                           0x08004695   Thumb Code   354  hrtim.o(i.MX_HRTIM1_Init)
    MX_I2C1_SMBUS_Init                       0x08004801   Thumb Code    58  smbus.o(i.MX_I2C1_SMBUS_Init)
    MX_TIM3_Init                             0x08004849   Thumb Code    86  tim.o(i.MX_TIM3_Init)
    MX_TIM6_Init                             0x080048a9   Thumb Code    76  tim.o(i.MX_TIM6_Init)
    MX_USART1_UART_Init                      0x08004901   Thumb Code    36  usart.o(i.MX_USART1_UART_Init)
    MemManage_Handler                        0x0800492d   Thumb Code     4  stm32f3xx_it.o(i.MemManage_Handler)
    NMI_Handler                              0x08004931   Thumb Code     4  stm32f3xx_it.o(i.NMI_Handler)
    PendSV_Handler                           0x08004935   Thumb Code     4  stm32f3xx_it.o(i.PendSV_Handler)
    RCC_IRQHandler                           0x08004939   Thumb Code     4  stm32f3xx_it.o(i.RCC_IRQHandler)
    ROM_CRC32_Assigned                       0x0800493d   Thumb Code    20  main.o(i.ROM_CRC32_Assigned)
    ROM_CRC32_code                           0x08004955   Thumb Code    14  main.o(i.ROM_CRC32_code)
    ROM_CRC32_data                           0x0800496d   Thumb Code    16  main.o(i.ROM_CRC32_data)
    SCL0                                     0x08004985   Thumb Code    12  ssd1306.o(i.SCL0)
    SCL1                                     0x08004995   Thumb Code    10  ssd1306.o(i.SCL1)
    SDA0                                     0x080049a5   Thumb Code    12  ssd1306.o(i.SDA0)
    SDA1                                     0x080049b5   Thumb Code    10  ssd1306.o(i.SDA1)
    SMBUS_data_init                          0x08004f95   Thumb Code    76  smbus.o(i.SMBUS_data_init)
    SMBUS_task_cycle                         0x08004fe5   Thumb Code   308  smbus.o(i.SMBUS_task_cycle)
    SSD1306_Clear                            0x08005121   Thumb Code    68  ssd1306.o(i.SSD1306_Clear)
    SSD1306_Command                          0x0800516d   Thumb Code    28  ssd1306.o(i.SSD1306_Command)
    SSD1306_DrawChar                         0x08005189   Thumb Code    50  ssd1306.o(i.SSD1306_DrawChar)
    SSD1306_Init                             0x080051c5   Thumb Code   188  ssd1306.o(i.SSD1306_Init)
    SSD1306_MspInit                          0x08005281   Thumb Code    50  ssd1306.o(i.SSD1306_MspInit)
    SSD1306_PutChar                          0x080052bd   Thumb Code   112  ssd1306.o(i.SSD1306_PutChar)
    SSD1306_ScroolUp                         0x08005335   Thumb Code   130  ssd1306.o(i.SSD1306_ScroolUp)
    SSD1306_SetPointer                       0x080053c1   Thumb Code    48  ssd1306.o(i.SSD1306_SetPointer)
    SSD1306_SetPos                           0x080053f1   Thumb Code    22  ssd1306.o(i.SSD1306_SetPos)
    SSD1306_Start                            0x0800540d   Thumb Code    16  ssd1306.o(i.SSD1306_Start)
    SSD1306_Transmit                         0x0800541d   Thumb Code    28  ssd1306.o(i.SSD1306_Transmit)
    SVC_Handler                              0x08005439   Thumb Code     4  stm32f3xx_it.o(i.SVC_Handler)
    SysTick_Handler                          0x080054f9   Thumb Code    14  stm32f3xx_it.o(i.SysTick_Handler)
    SystemClock_Config                       0x08005507   Thumb Code   106  main.o(i.SystemClock_Config)
    SystemInit                               0x08005571   Thumb Code    12  system_stm32f3xx.o(i.SystemInit)
    TIM2_IRQHandler                          0x08005581   Thumb Code    24  porttimer.o(i.TIM2_IRQHandler)
    TIM3_IRQHandler                          0x0800559d   Thumb Code     6  stm32f3xx_it.o(i.TIM3_IRQHandler)
    TIM6_DAC1_IRQHandler                     0x080055a9   Thumb Code    14  stm32f3xx_it.o(i.TIM6_DAC1_IRQHandler)
    TIM_Base_SetConfig                       0x080055c1   Thumb Code   114  stm32f3xx_hal_tim.o(i.TIM_Base_SetConfig)
    TIM_CCxChannelCmd                        0x08005649   Thumb Code    26  stm32f3xx_hal_tim.o(i.TIM_CCxChannelCmd)
    TIM_ETR_SetConfig                        0x08005663   Thumb Code    20  stm32f3xx_hal_tim.o(i.TIM_ETR_SetConfig)
    TIM_OC2_SetConfig                        0x08005711   Thumb Code   108  stm32f3xx_hal_tim.o(i.TIM_OC2_SetConfig)
    UART_AdvFeatureConfig                    0x0800598f   Thumb Code   200  stm32f3xx_hal_uart.o(i.UART_AdvFeatureConfig)
    UART_CheckIdleState                      0x08005a57   Thumb Code    92  stm32f3xx_hal_uart.o(i.UART_CheckIdleState)
    UART_SetConfig                           0x08005ab5   Thumb Code   298  stm32f3xx_hal_uart.o(i.UART_SetConfig)
    UART_WaitOnFlagUntilTimeout              0x08005bf9   Thumb Code   164  stm32f3xx_hal_uart.o(i.UART_WaitOnFlagUntilTimeout)
    USART1_IRQHandler                        0x08005c9d   Thumb Code    64  portserial.o(i.USART1_IRQHandler)
    UsageFault_Handler                       0x08005ce9   Thumb Code     4  stm32f3xx_it.o(i.UsageFault_Handler)
    __scatterload_copy                       0x08005d0d   Thumb Code    14  handlers.o(i.__scatterload_copy)
    __scatterload_null                       0x08005d1b   Thumb Code     2  handlers.o(i.__scatterload_null)
    __scatterload_zeroinit                   0x08005d1d   Thumb Code    14  handlers.o(i.__scatterload_zeroinit)
    add_SBS_Commands                         0x08005d2d   Thumb Code    60  smbus.o(i.add_SBS_Commands)
    calc_crc8                                0x08005d6d   Thumb Code    30  smbus.o(i.calc_crc8)
    eMBEnable                                0x08005d91   Thumb Code    28  mb.o(i.eMBEnable)
    eMBFuncReadCoils                         0x08005db1   Thumb Code   114  mbfunccoils.o(i.eMBFuncReadCoils)
    eMBFuncReadDiscreteInputs                0x08005e23   Thumb Code   114  mbfuncdisc.o(i.eMBFuncReadDiscreteInputs)
    eMBFuncReadHoldingRegister               0x08005e95   Thumb Code    94  mbfuncholding.o(i.eMBFuncReadHoldingRegister)
    eMBFuncReadInputRegister                 0x08005ef3   Thumb Code    98  mbfuncinput.o(i.eMBFuncReadInputRegister)
    eMBFuncReadWriteMultipleHoldingRegister  0x08005f55   Thumb Code   156  mbfuncholding.o(i.eMBFuncReadWriteMultipleHoldingRegister)
    eMBFuncReportSlaveID                     0x08005ff1   Thumb Code    26  mbfuncother.o(i.eMBFuncReportSlaveID)
    eMBFuncWriteCoil                         0x08006015   Thumb Code    86  mbfunccoils.o(i.eMBFuncWriteCoil)
    eMBFuncWriteHoldingRegister              0x0800606b   Thumb Code    50  mbfuncholding.o(i.eMBFuncWriteHoldingRegister)
    eMBFuncWriteMultipleCoils                0x0800609d   Thumb Code   100  mbfunccoils.o(i.eMBFuncWriteMultipleCoils)
    eMBFuncWriteMultipleHoldingRegister      0x08006101   Thumb Code    78  mbfuncholding.o(i.eMBFuncWriteMultipleHoldingRegister)
    eMBInit                                  0x08006151   Thumb Code    96  mb.o(i.eMBInit)
    eMBRTUInit                               0x080061d1   Thumb Code    58  mbrtu.o(i.eMBRTUInit)
    eMBRTUReceive                            0x08006211   Thumb Code    64  mbrtu.o(i.eMBRTUReceive)
    eMBRTUSend                               0x08006259   Thumb Code    84  mbrtu.o(i.eMBRTUSend)
    eMBRTUStart                              0x080062b5   Thumb Code    26  mbrtu.o(i.eMBRTUStart)
    eMBRTUStop                               0x080062d5   Thumb Code    20  mbrtu.o(i.eMBRTUStop)
    eMBRegCoilsCB                            0x080062e9   Thumb Code     4  mbrtu_var.o(i.eMBRegCoilsCB)
    eMBRegDiscreteCB                         0x080062ed   Thumb Code     4  mbrtu_var.o(i.eMBRegDiscreteCB)
    eMBRegHoldingCB                          0x080062f1   Thumb Code   118  mbrtu_var.o(i.eMBRegHoldingCB)
    eMBRegInputCB                            0x08006371   Thumb Code     4  mbrtu_var.o(i.eMBRegInputCB)
    main                                     0x08006375   Thumb Code   644  main.o(i.main)
    on_Dim_Rolling                           0x0800666d   Thumb Code   130  bsp.o(i.on_Dim_Rolling)
    on_LED_FastBlink                         0x08006701   Thumb Code    92  bsp.o(i.on_LED_FastBlink)
    on_LED_SlowBlink                         0x08006765   Thumb Code    92  bsp.o(i.on_LED_SlowBlink)
    pbChargerFSM                             0x080067c9   Thumb Code   198  main.o(i.pbChargerFSM)
    printint                                 0x080068b5   Thumb Code   102  print.o(i.printint)
    printstr                                 0x0800691b   Thumb Code    20  print.o(i.printstr)
    prveMBError2Exception                    0x0800692f   Thumb Code    24  mbutils.o(i.prveMBError2Exception)
    usMBCRC16                                0x08006949   Thumb Code    40  mbcrc.o(i.usMBCRC16)
    vMBPortSerialEnable                      0x08006975   Thumb Code    38  portserial.o(i.vMBPortSerialEnable)
    vMBPortTimersDisable                     0x080069a1   Thumb Code    12  porttimer.o(i.vMBPortTimersDisable)
    vMBPortTimersEnable                      0x080069b1   Thumb Code    20  porttimer.o(i.vMBPortTimersEnable)
    xMBPortEventInit                         0x080069c9   Thumb Code    10  portevent.o(i.xMBPortEventInit)
    xMBPortEventPost                         0x080069d9   Thumb Code    12  portevent.o(i.xMBPortEventPost)
    xMBPortSerialGetByte                     0x080069e9   Thumb Code    10  portserial.o(i.xMBPortSerialGetByte)
    xMBPortSerialInit                        0x080069f9   Thumb Code    28  portserial.o(i.xMBPortSerialInit)
    xMBPortSerialPutByte                     0x08006a19   Thumb Code     8  portserial.o(i.xMBPortSerialPutByte)
    xMBPortTimersInit                        0x08006a25   Thumb Code    60  porttimer.o(i.xMBPortTimersInit)
    xMBRTUReceiveFSM                         0x08006a69   Thumb Code    88  mbrtu.o(i.xMBRTUReceiveFSM)
    xMBRTUTimerT35Expired                    0x08006ac9   Thumb Code    34  mbrtu.o(i.xMBRTUTimerT35Expired)
    xMBRTUTransmitFSM                        0x08006af1   Thumb Code    76  mbrtu.o(i.xMBRTUTransmitFSM)
    table_crc8                               0x08006d20   Data         256  smbus.o(.constdata)
    conf                                     0x08006e20   Data         100  conf_sruct.o(.constdata)
    Ceremonial                               0x08006e84   Data          92  conf_sruct.o(.constdata)
    aPLLMULFactorTable                       0x08006ee0   Data          16  stm32f3xx_hal_rcc.o(.constdata)
    aPredivFactorTable                       0x08006ef0   Data          16  stm32f3xx_hal_rcc.o(.constdata)
    AHBPrescTable                            0x08006f00   Data          16  system_stm32f3xx.o(.constdata)
    APBPrescTable                            0x08006f10   Data           8  system_stm32f3xx.o(.constdata)
    rom_crc_code                             0x08007118   Data           4  main.o(.rom_crc)
    rom_crc_data                             0x0800711c   Data           4  main.o(.rom_crc)
    Region$$Table$$Base                      0x08007120   Number         0  anon$$obj.o(Region$$Table)
    Region$$Table$$Limit                     0x08007140   Number         0  anon$$obj.o(Region$$Table)
    pbChargerEn                              0x20000000   Data           1  main.o(.data)
    _srom_crc                                0x20000004   Data           1  main.o(.data)
    _erom_crc                                0x20000005   Data           1  main.o(.data)
    _sidata                                  0x20000006   Data           1  main.o(.data)
    _sdata                                   0x20000007   Data           1  main.o(.data)
    _edata                                   0x20000008   Data           1  main.o(.data)
    minutesCnt                               0x20000022   Data           2  stm32f3xx_it.o(.data)
    StoppingTimeout                          0x20000024   Data           4  stm32f3xx_it.o(.data)
    OverloadTimeout                          0x20000028   Data           4  stm32f3xx_it.o(.data)
    PowerLimitation                          0x2000002c   Data           4  stm32f3xx_it.o(.data)
    initStat                                 0x2000005c   Data           1  tim.o(.data)
    BatCurrentLimit                          0x20000062   Data           2  bsp.o(.data)
    BatVoltageLimit                          0x20000064   Data           2  bsp.o(.data)
    Ref1Conversion                           0x20000066   Data           2  bsp.o(.data)
    Ref2Conversion                           0x20000068   Data           2  bsp.o(.data)
    AlightStateLevel                         0x2000006c   Data           1  bsp.o(.data)
    DimmedStateLevel                         0x2000006d   Data           1  bsp.o(.data)
    VpanConversion                           0x20000074   Data           2  bsp.o(.data)
    VbatConversion                           0x20000076   Data           2  bsp.o(.data)
    LastStepOptimize                         0x20000078   Data           2  bsp.o(.data)
    PanelVoltageMPPT                         0x2000007a   Data           2  bsp.o(.data)
    BridgeGearNumber                         0x20000080   Data           4  bsp.o(.data)
    DimmingDutyCycle                         0x20000084   Data           4  bsp.o(.data)
    LastPowerOfPanel                         0x20000088   Data           4  bsp.o(.data)
    SysSharedTimeout                         0x2000008c   Data           4  bsp.o(.data)
    SysBridgeTimeout                         0x20000090   Data           4  bsp.o(.data)
    PresenceDetector                         0x20000094   Data           4  bsp.o(.data)
    IpanConversion                           0x200000a4   Data           2  bsp.o(.data)
    IbatConversion                           0x200000a6   Data           2  bsp.o(.data)
    Voltage                                  0x200000aa   Data           2  smbus.o(.data)
    Current                                  0x200000ac   Data           2  smbus.o(.data)
    RemainingCapacity                        0x200000ae   Data           2  smbus.o(.data)
    uwTickFreq                               0x200000b4   Data           1  stm32f3xx_hal.o(.data)
    uwTickPrio                               0x200000b8   Data           4  stm32f3xx_hal.o(.data)
    uwTick                                   0x200000bc   Data           4  stm32f3xx_hal.o(.data)
    SystemCoreClock                          0x200000d8   Data           4  system_stm32f3xx.o(.data)
    pxMBFrameCBByteReceived                  0x200000fc   Data           4  mb.o(.data)
    pxMBFrameCBTransmitterEmpty              0x20000100   Data           4  mb.o(.data)
    pxMBPortCBTimerExpired                   0x20000104   Data           4  mb.o(.data)
    usRegHoldingStart                        0x20000198   Data           2  mbrtu_var.o(.data)
    udata_SunlightTrigger                    0x2000019c   Data           1  main.o(.udata)
    udata_BatteryTrigger                     0x2000019d   Data           1  main.o(.udata)
    udata_TemperatureResets                  0x2000019e   Data           2  main.o(.udata)
    udata_OvervoltageResets                  0x200001a0   Data           2  main.o(.udata)
    udata_OvercarrentResets                  0x200001a2   Data           2  main.o(.udata)
    udata_PowergoodResets                    0x200001a4   Data           2  main.o(.udata)
    udata_WatchdogResets                     0x200001a6   Data           2  main.o(.udata)
    udata_ExternalResets                     0x200001a8   Data           2  main.o(.udata)
    udata_LongTimeCounter                    0x200001ac   Data           4  main.o(.udata)
    udata_LightingState                      0x200001b0   Data           1  bsp.o(.udata)
    udata_ExtLoadState                       0x200001b1   Data           1  bsp.o(.udata)
    hcrc                                     0x200001b4   Data          36  main.o(.bss)
    hiwdg                                    0x200001d8   Data          20  main.o(.bss)
    huart1                                   0x200001ec   Data         132  usart.o(.bss)
    hadc1                                    0x20000270   Data          80  adc.o(.bss)
    hadc2                                    0x200002c0   Data          80  adc.o(.bss)
    hhrtim1                                  0x20000310   Data         220  hrtim.o(.bss)
    htim3                                    0x200003ec   Data          76  tim.o(.bss)
    htim6                                    0x20000438   Data          76  tim.o(.bss)
    hsmbus1                                  0x2000052c   Data          80  smbus.o(.bss)
    SBS_Commands                             0x2000057c   Data          60  smbus.o(.bss)
    smbusBufRX                               0x200005b8   Data          16  smbus.o(.bss)
    ucRTUBuf                                 0x200005e8   Data         256  mbrtu.o(.bss)
    usRegHoldingBuf                          0x200006e8   Data          10  mbrtu_var.o(.bss)
    __initial_sp                             0x20000af8   Data           0  startup_stm32f334x8.o(STACK)



==============================================================================

Memory Map of the image

  Image Entry point : 0x08000189

  Load Region LR_IROM1 (Base: 0x08000000, Size: 0x000072f4, Max: 0x00010000, ABSOLUTE, COMPRESSED[0x000071a4])

    Execution Region ER_IROM1 (Exec base: 0x08000000, Load base: 0x08000000, Size: 0x00007140, Max: 0x00010000, ABSOLUTE)

    Exec Addr    Load Addr    Size         Type   Attr      Idx    E Section Name        Object

    0x08000000   0x08000000   0x00000188   Data   RO            3    RESET               startup_stm32f334x8.o
    0x08000188   0x08000188   0x00000000   Code   RO         6106  * .ARM.Collect$$$$00000000  mc_w.l(entry.o)
    0x08000188   0x08000188   0x00000004   Code   RO         6129    .ARM.Collect$$$$00000001  mc_w.l(entry2.o)
    0x0800018c   0x0800018c   0x00000004   Code   RO         6132    .ARM.Collect$$$$00000004  mc_w.l(entry5.o)
    0x08000190   0x08000190   0x00000000   Code   RO         6134    .ARM.Collect$$$$00000008  mc_w.l(entry7b.o)
    0x08000190   0x08000190   0x00000000   Code   RO         6136    .ARM.Collect$$$$0000000A  mc_w.l(entry8b.o)
    0x08000190   0x08000190   0x00000008   Code   RO         6137    .ARM.Collect$$$$0000000B  mc_w.l(entry9a.o)
    0x08000198   0x08000198   0x00000000   Code   RO         6139    .ARM.Collect$$$$0000000D  mc_w.l(entry10a.o)
    0x08000198   0x08000198   0x00000000   Code   RO         6141    .ARM.Collect$$$$0000000F  mc_w.l(entry11a.o)
    0x08000198   0x08000198   0x00000004   Code   RO         6130    .ARM.Collect$$$$00002712  mc_w.l(entry2.o)
    0x0800019c   0x0800019c   0x00000024   Code   RO            4    .text               startup_stm32f334x8.o
    0x080001c0   0x080001c0   0x00000062   Code   RO         6109    .text               mc_w.l(uldiv.o)
    0x08000222   0x08000222   0x00000020   Code   RO         6111    .text               mc_w.l(llushr.o)
    0x08000242   0x08000242   0x00000014   Code   RO         6113    .text               mc_w.l(sidiv.o)
    0x08000256   0x08000256   0x00000024   Code   RO         6119    .text               mc_w.l(memcpya.o)
    0x0800027a   0x0800027a   0x00000024   Code   RO         6121    .text               mc_w.l(memseta.o)
    0x0800029e   0x0800029e   0x0000001a   Code   RO         6125    .text               mf_w.l(dfltui.o)
    0x080002b8   0x080002b8   0x00000030   Code   RO         6127    .text               mf_w.l(cdrcmple.o)
    0x080002e8   0x080002e8   0x00000028   Code   RO         6143    .text               mc_w.l(idiv.o)
    0x08000310   0x08000310   0x0000001e   Code   RO         6145    .text               mc_w.l(llshl.o)
    0x0800032e   0x0800032e   0x00000000   Code   RO         6147    .text               mc_w.l(iusefp.o)
    0x0800032e   0x0800032e   0x000000ba   Code   RO         6148    .text               mf_w.l(depilogue.o)
    0x080003e8   0x080003e8   0x00000024   Code   RO         6150    .text               mc_w.l(init.o)
    0x0800040c   0x0800040c   0x0000002c   Code   RO         6152    .text               mc_w.l(uidiv.o)
    0x08000438   0x08000438   0x00000056   Code   RO         6162    .text               mc_w.l(__dczerorl2.o)
    0x0800048e   0x0800048e   0x00000002   PAD
    0x08000490   0x08000490   0x000000d4   Code   RO          355    i.ADC1_2_IRQHandler  stm32f3xx_it.o
    0x08000564   0x08000564   0x00000062   Code   RO         4218    i.ADC_Disable       stm32f3xx_hal_adc_ex.o
    0x080005c6   0x080005c6   0x00000002   PAD
    0x080005c8   0x080005c8   0x00000060   Code   RO         4219    i.ADC_Enable        stm32f3xx_hal_adc_ex.o
    0x08000628   0x08000628   0x0000002c   Code   RO          817    i.BSP_ELC_SetState  bsp.o
    0x08000654   0x08000654   0x0000000c   Code   RO          818    i.BSP_ELC_State     bsp.o
    0x08000660   0x08000660   0x0000006c   Code   RO           14    i.BSP_ExecuteCeremonial  main.o
    0x080006cc   0x080006cc   0x00000150   Code   RO           15    i.BSP_ExecuteControl  main.o
    0x0800081c   0x0800081c   0x00000130   Code   RO           16    i.BSP_ExecuteLEDshow  main.o
    0x0800094c   0x0800094c   0x00000020   Code   RO          819    i.BSP_FBC_CutGearNumber  bsp.o
    0x0800096c   0x0800096c   0x00000024   Code   RO          820    i.BSP_FBC_Reset     bsp.o
    0x08000990   0x08000990   0x000000a0   Code   RO          821    i.BSP_FBC_SetDutyCycles  bsp.o
    0x08000a30   0x08000a30   0x00000074   Code   RO          822    i.BSP_FBC_SetGearNumber  bsp.o
    0x08000aa4   0x08000aa4   0x00000038   Code   RO          823    i.BSP_FBC_SetState  bsp.o
    0x08000adc   0x08000adc   0x0000000c   Code   RO          824    i.BSP_FBC_State     bsp.o
    0x08000ae8   0x08000ae8   0x0000006c   Code   RO          825    i.BSP_Init          bsp.o
    0x08000b54   0x08000b54   0x00000034   Code   RO          826    i.BSP_LDC_SetState  bsp.o
    0x08000b88   0x08000b88   0x0000000c   Code   RO          827    i.BSP_LDC_State     bsp.o
    0x08000b94   0x08000b94   0x000000a4   Code   RO          828    i.BSP_LED_SetState  bsp.o
    0x08000c38   0x08000c38   0x00000024   Code   RO          830    i.BSP_Reset         bsp.o
    0x08000c5c   0x08000c5c   0x00000004   Code   RO          356    i.BusFault_Handler  stm32f3xx_it.o
    0x08000c60   0x08000c60   0x00000030   Code   RO         5439    i.CRC_Handle_16     stm32f3xx_hal_crc.o
    0x08000c90   0x08000c90   0x00000066   Code   RO         5440    i.CRC_Handle_8      stm32f3xx_hal_crc.o
    0x08000cf6   0x08000cf6   0x00000004   Code   RO          357    i.DebugMon_Handler  stm32f3xx_it.o
    0x08000cfa   0x08000cfa   0x0000001e   Code   RO          358    i.EXTI15_10_IRQHandler  stm32f3xx_it.o
    0x08000d18   0x08000d18   0x00000006   Code   RO          359    i.EXTI2_TSC_IRQHandler  stm32f3xx_it.o
    0x08000d1e   0x08000d1e   0x00000006   Code   RO          360    i.EXTI9_5_IRQHandler  stm32f3xx_it.o
    0x08000d24   0x08000d24   0x00000096   Code   RO         4222    i.HAL_ADCEx_Calibration_Start  stm32f3xx_hal_adc_ex.o
    0x08000dba   0x08000dba   0x00000002   PAD
    0x08000dbc   0x08000dbc   0x000003ec   Code   RO         4223    i.HAL_ADCEx_InjectedConfigChannel  stm32f3xx_hal_adc_ex.o
    0x080011a8   0x080011a8   0x00000002   Code   RO         4224    i.HAL_ADCEx_InjectedConvCpltCallback  stm32f3xx_hal_adc_ex.o
    0x080011aa   0x080011aa   0x00000002   Code   RO         4227    i.HAL_ADCEx_InjectedQueueOverflowCallback  stm32f3xx_hal_adc_ex.o
    0x080011ac   0x080011ac   0x000000e0   Code   RO         4229    i.HAL_ADCEx_InjectedStart_IT  stm32f3xx_hal_adc_ex.o
    0x0800128c   0x0800128c   0x00000002   Code   RO         4232    i.HAL_ADCEx_LevelOutOfWindow2Callback  stm32f3xx_hal_adc_ex.o
    0x0800128e   0x0800128e   0x00000002   Code   RO         4233    i.HAL_ADCEx_LevelOutOfWindow3Callback  stm32f3xx_hal_adc_ex.o
    0x08001290   0x08001290   0x000000e0   Code   RO         4234    i.HAL_ADCEx_MultiModeConfigChannel  stm32f3xx_hal_adc_ex.o
    0x08001370   0x08001370   0x00000002   Code   RO         4066    i.HAL_ADC_ConvCpltCallback  stm32f3xx_hal_adc.o
    0x08001372   0x08001372   0x00000002   Code   RO         4069    i.HAL_ADC_ErrorCallback  stm32f3xx_hal_adc.o
    0x08001374   0x08001374   0x00000268   Code   RO         4246    i.HAL_ADC_IRQHandler  stm32f3xx_hal_adc_ex.o
    0x080015dc   0x080015dc   0x000001e4   Code   RO         4247    i.HAL_ADC_Init      stm32f3xx_hal_adc_ex.o
    0x080017c0   0x080017c0   0x00000002   Code   RO         4075    i.HAL_ADC_LevelOutOfWindowCallback  stm32f3xx_hal_adc.o
    0x080017c2   0x080017c2   0x00000002   PAD
    0x080017c4   0x080017c4   0x000000b4   Code   RO          545    i.HAL_ADC_MspInit   adc.o
    0x08001878   0x08001878   0x0000004e   Code   RO         5511    i.HAL_CRCEx_Polynomial_Set  stm32f3xx_hal_crc_ex.o
    0x080018c6   0x080018c6   0x00000002   PAD
    0x080018c8   0x080018c8   0x00000044   Code   RO         5441    i.HAL_CRC_Accumulate  stm32f3xx_hal_crc.o
    0x0800190c   0x0800190c   0x00000074   Code   RO         5445    i.HAL_CRC_Init      stm32f3xx_hal_crc.o
    0x08001980   0x08001980   0x00000028   Code   RO           19    i.HAL_CRC_MspInit   main.o
    0x080019a8   0x080019a8   0x00000024   Code   RO         2553    i.HAL_Delay         stm32f3xx_hal.o
    0x080019cc   0x080019cc   0x00000060   Code   RO          831    i.HAL_GPIO_EXTI_Callback  bsp.o
    0x08001a2c   0x08001a2c   0x00000018   Code   RO         2869    i.HAL_GPIO_EXTI_IRQHandler  stm32f3xx_hal_gpio.o
    0x08001a44   0x08001a44   0x000001a4   Code   RO         2870    i.HAL_GPIO_Init     stm32f3xx_hal_gpio.o
    0x08001be8   0x08001be8   0x0000000a   Code   RO         2872    i.HAL_GPIO_ReadPin  stm32f3xx_hal_gpio.o
    0x08001bf2   0x08001bf2   0x00000010   Code   RO         2873    i.HAL_GPIO_TogglePin  stm32f3xx_hal_gpio.o
    0x08001c02   0x08001c02   0x0000000a   Code   RO         2874    i.HAL_GPIO_WritePin  stm32f3xx_hal_gpio.o
    0x08001c0c   0x08001c0c   0x0000000c   Code   RO         2557    i.HAL_GetTick       stm32f3xx_hal.o
    0x08001c18   0x08001c18   0x000000be   Code   RO         4479    i.HAL_HRTIM_ADCTriggerConfig  stm32f3xx_hal_hrtim.o
    0x08001cd6   0x08001cd6   0x00000002   Code   RO         4485    i.HAL_HRTIM_BurstModePeriodCallback  stm32f3xx_hal_hrtim.o
    0x08001cd8   0x08001cd8   0x00000002   Code   RO         4487    i.HAL_HRTIM_Capture1EventCallback  stm32f3xx_hal_hrtim.o
    0x08001cda   0x08001cda   0x00000002   Code   RO         4488    i.HAL_HRTIM_Capture2EventCallback  stm32f3xx_hal_hrtim.o
    0x08001cdc   0x08001cdc   0x00000002   Code   RO         4490    i.HAL_HRTIM_Compare1EventCallback  stm32f3xx_hal_hrtim.o
    0x08001cde   0x08001cde   0x00000002   Code   RO         4491    i.HAL_HRTIM_Compare2EventCallback  stm32f3xx_hal_hrtim.o
    0x08001ce0   0x08001ce0   0x00000002   Code   RO         4492    i.HAL_HRTIM_Compare3EventCallback  stm32f3xx_hal_hrtim.o
    0x08001ce2   0x08001ce2   0x00000002   Code   RO         4493    i.HAL_HRTIM_Compare4EventCallback  stm32f3xx_hal_hrtim.o
    0x08001ce4   0x08001ce4   0x00000002   Code   RO         4494    i.HAL_HRTIM_CounterResetCallback  stm32f3xx_hal_hrtim.o
    0x08001ce6   0x08001ce6   0x00000002   Code   RO         4495    i.HAL_HRTIM_DLLCalibrationReadyCallback  stm32f3xx_hal_hrtim.o
    0x08001ce8   0x08001ce8   0x00000062   Code   RO         4496    i.HAL_HRTIM_DLLCalibrationStart  stm32f3xx_hal_hrtim.o
    0x08001d4a   0x08001d4a   0x00000002   PAD
    0x08001d4c   0x08001d4c   0x0000008c   Code   RO         4499    i.HAL_HRTIM_DeadTimeConfig  stm32f3xx_hal_hrtim.o
    0x08001dd8   0x08001dd8   0x00000002   Code   RO         4500    i.HAL_HRTIM_DelayedProtectionCallback  stm32f3xx_hal_hrtim.o
    0x08001dda   0x08001dda   0x00000002   Code   RO         4504    i.HAL_HRTIM_Fault1Callback  stm32f3xx_hal_hrtim.o
    0x08001ddc   0x08001ddc   0x00000002   Code   RO         4505    i.HAL_HRTIM_Fault2Callback  stm32f3xx_hal_hrtim.o
    0x08001dde   0x08001dde   0x00000002   Code   RO         4506    i.HAL_HRTIM_Fault3Callback  stm32f3xx_hal_hrtim.o
    0x08001de0   0x08001de0   0x00000002   Code   RO         4507    i.HAL_HRTIM_Fault4Callback  stm32f3xx_hal_hrtim.o
    0x08001de2   0x08001de2   0x00000002   Code   RO         4508    i.HAL_HRTIM_Fault5Callback  stm32f3xx_hal_hrtim.o
    0x08001de4   0x08001de4   0x00000014   Code   RO         4518    i.HAL_HRTIM_IRQHandler  stm32f3xx_hal_hrtim.o
    0x08001df8   0x08001df8   0x000000bc   Code   RO         4519    i.HAL_HRTIM_Init    stm32f3xx_hal_hrtim.o
    0x08001eb4   0x08001eb4   0x0000003c   Code   RO          588    i.HAL_HRTIM_MspInit  hrtim.o
    0x08001ef0   0x08001ef0   0x00000040   Code   RO          589    i.HAL_HRTIM_MspPostInit  hrtim.o
    0x08001f30   0x08001f30   0x00000002   Code   RO         4522    i.HAL_HRTIM_Output1ResetCallback  stm32f3xx_hal_hrtim.o
    0x08001f32   0x08001f32   0x00000002   Code   RO         4523    i.HAL_HRTIM_Output1SetCallback  stm32f3xx_hal_hrtim.o
    0x08001f34   0x08001f34   0x00000002   Code   RO         4524    i.HAL_HRTIM_Output2ResetCallback  stm32f3xx_hal_hrtim.o
    0x08001f36   0x08001f36   0x00000002   Code   RO         4525    i.HAL_HRTIM_Output2SetCallback  stm32f3xx_hal_hrtim.o
    0x08001f38   0x08001f38   0x00000042   Code   RO         4526    i.HAL_HRTIM_PollForDLLCalibration  stm32f3xx_hal_hrtim.o
    0x08001f7a   0x08001f7a   0x00000002   Code   RO         4527    i.HAL_HRTIM_RegistersUpdateCallback  stm32f3xx_hal_hrtim.o
    0x08001f7c   0x08001f7c   0x00000002   Code   RO         4528    i.HAL_HRTIM_RepetitionEventCallback  stm32f3xx_hal_hrtim.o
    0x08001f7e   0x08001f7e   0x00000002   Code   RO         4564    i.HAL_HRTIM_SynchronizationEventCallback  stm32f3xx_hal_hrtim.o
    0x08001f80   0x08001f80   0x00000002   Code   RO         4565    i.HAL_HRTIM_SystemFaultCallback  stm32f3xx_hal_hrtim.o
    0x08001f82   0x08001f82   0x0000007a   Code   RO         4566    i.HAL_HRTIM_TimeBaseConfig  stm32f3xx_hal_hrtim.o
    0x08001ffc   0x08001ffc   0x00000134   Code   RO         4571    i.HAL_HRTIM_WaveformCompareConfig  stm32f3xx_hal_hrtim.o
    0x08002130   0x08002130   0x00000084   Code   RO         4574    i.HAL_HRTIM_WaveformCountStart_IT  stm32f3xx_hal_hrtim.o
    0x080021b4   0x080021b4   0x00000036   Code   RO         4580    i.HAL_HRTIM_WaveformOutputConfig  stm32f3xx_hal_hrtim.o
    0x080021ea   0x080021ea   0x00000030   Code   RO         4581    i.HAL_HRTIM_WaveformOutputStart  stm32f3xx_hal_hrtim.o
    0x0800221a   0x0800221a   0x00000030   Code   RO         4582    i.HAL_HRTIM_WaveformOutputStop  stm32f3xx_hal_hrtim.o
    0x0800224a   0x0800224a   0x000000ba   Code   RO         4584    i.HAL_HRTIM_WaveformTimerConfig  stm32f3xx_hal_hrtim.o
    0x08002304   0x08002304   0x00000096   Code   RO         5546    i.HAL_IWDG_Init     stm32f3xx_hal_iwdg.o
    0x0800239a   0x0800239a   0x00000002   Code   RO         5547    i.HAL_IWDG_MspInit  stm32f3xx_hal_iwdg.o
    0x0800239c   0x0800239c   0x00000054   Code   RO         5548    i.HAL_IWDG_Refresh  stm32f3xx_hal_iwdg.o
    0x080023f0   0x080023f0   0x00000010   Code   RO         2563    i.HAL_IncTick       stm32f3xx_hal.o
    0x08002400   0x08002400   0x00000024   Code   RO         2564    i.HAL_Init          stm32f3xx_hal.o
    0x08002424   0x08002424   0x00000040   Code   RO         2565    i.HAL_InitTick      stm32f3xx_hal.o
    0x08002464   0x08002464   0x0000002c   Code   RO          497    i.HAL_MspInit       stm32f3xx_hal_msp.o
    0x08002490   0x08002490   0x0000001a   Code   RO         3035    i.HAL_NVIC_EnableIRQ  stm32f3xx_hal_cortex.o
    0x080024aa   0x080024aa   0x00000002   PAD
    0x080024ac   0x080024ac   0x00000040   Code   RO         3041    i.HAL_NVIC_SetPriority  stm32f3xx_hal_cortex.o
    0x080024ec   0x080024ec   0x00000024   Code   RO         3042    i.HAL_NVIC_SetPriorityGrouping  stm32f3xx_hal_cortex.o
    0x08002510   0x08002510   0x00000188   Code   RO         2827    i.HAL_RCCEx_PeriphCLKConfig  stm32f3xx_hal_rcc_ex.o
    0x08002698   0x08002698   0x00000148   Code   RO         2721    i.HAL_RCC_ClockConfig  stm32f3xx_hal_rcc.o
    0x080027e0   0x080027e0   0x0000000c   Code   RO         2726    i.HAL_RCC_GetHCLKFreq  stm32f3xx_hal_rcc.o
    0x080027ec   0x080027ec   0x00000030   Code   RO         2728    i.HAL_RCC_GetPCLK1Freq  stm32f3xx_hal_rcc.o
    0x0800281c   0x0800281c   0x00000030   Code   RO         2729    i.HAL_RCC_GetPCLK2Freq  stm32f3xx_hal_rcc.o
    0x0800284c   0x0800284c   0x0000006c   Code   RO         2730    i.HAL_RCC_GetSysClockFreq  stm32f3xx_hal_rcc.o
    0x080028b8   0x080028b8   0x000005c8   Code   RO         2733    i.HAL_RCC_OscConfig  stm32f3xx_hal_rcc.o
    0x08002e80   0x08002e80   0x00000002   Code   RO         5219    i.HAL_SMBUS_AddrCallback  stm32f3xx_hal_smbus.o
    0x08002e82   0x08002e82   0x00000004   Code   RO         5225    i.HAL_SMBUS_ER_IRQHandler  stm32f3xx_hal_smbus.o
    0x08002e86   0x08002e86   0x000000ba   Code   RO         5226    i.HAL_SMBUS_EV_IRQHandler  stm32f3xx_hal_smbus.o
    0x08002f40   0x08002f40   0x00000002   Code   RO         5229    i.HAL_SMBUS_ErrorCallback  stm32f3xx_hal_smbus.o
    0x08002f42   0x08002f42   0x00000004   Code   RO         5231    i.HAL_SMBUS_GetState  stm32f3xx_hal_smbus.o
    0x08002f46   0x08002f46   0x00000002   PAD
    0x08002f48   0x08002f48   0x000000e8   Code   RO         5232    i.HAL_SMBUS_Init    stm32f3xx_hal_smbus.o
    0x08003030   0x08003030   0x00000002   Code   RO         5234    i.HAL_SMBUS_ListenCpltCallback  stm32f3xx_hal_smbus.o
    0x08003032   0x08003032   0x00000002   Code   RO         5235    i.HAL_SMBUS_MasterRxCpltCallback  stm32f3xx_hal_smbus.o
    0x08003034   0x08003034   0x00000002   Code   RO         5236    i.HAL_SMBUS_MasterTxCpltCallback  stm32f3xx_hal_smbus.o
    0x08003036   0x08003036   0x00000002   PAD
    0x08003038   0x08003038   0x000000b4   Code   RO         5238    i.HAL_SMBUS_Master_Receive_IT  stm32f3xx_hal_smbus.o
    0x080030ec   0x080030ec   0x000000d0   Code   RO         5239    i.HAL_SMBUS_Master_Transmit_IT  stm32f3xx_hal_smbus.o
    0x080031bc   0x080031bc   0x00000068   Code   RO          964    i.HAL_SMBUS_MspInit  smbus.o
    0x08003224   0x08003224   0x00000002   Code   RO         5242    i.HAL_SMBUS_SlaveRxCpltCallback  stm32f3xx_hal_smbus.o
    0x08003226   0x08003226   0x00000002   Code   RO         5243    i.HAL_SMBUS_SlaveTxCpltCallback  stm32f3xx_hal_smbus.o
    0x08003228   0x08003228   0x00000018   Code   RO         3044    i.HAL_SYSTICK_CLKSourceConfig  stm32f3xx_hal_cortex.o
    0x08003240   0x08003240   0x00000002   Code   RO         3045    i.HAL_SYSTICK_Callback  stm32f3xx_hal_cortex.o
    0x08003242   0x08003242   0x00000028   Code   RO         3046    i.HAL_SYSTICK_Config  stm32f3xx_hal_cortex.o
    0x0800326a   0x0800326a   0x00000008   Code   RO         3047    i.HAL_SYSTICK_IRQHandler  stm32f3xx_hal_cortex.o
    0x08003272   0x08003272   0x00000002   Code   RO         1803    i.HAL_TIMEx_Break2Callback  stm32f3xx_hal_tim_ex.o
    0x08003274   0x08003274   0x00000002   Code   RO         1804    i.HAL_TIMEx_BreakCallback  stm32f3xx_hal_tim_ex.o
    0x08003276   0x08003276   0x00000002   Code   RO         1805    i.HAL_TIMEx_CommutCallback  stm32f3xx_hal_tim_ex.o
    0x08003278   0x08003278   0x00000074   Code   RO         1824    i.HAL_TIMEx_MasterConfigSynchronization  stm32f3xx_hal_tim_ex.o
    0x080032ec   0x080032ec   0x00000062   Code   RO         1089    i.HAL_TIM_Base_Init  stm32f3xx_hal_tim.o
    0x0800334e   0x0800334e   0x00000002   PAD
    0x08003350   0x08003350   0x00000058   Code   RO          630    i.HAL_TIM_Base_MspInit  tim.o
    0x080033a8   0x080033a8   0x00000058   Code   RO         1092    i.HAL_TIM_Base_Start  stm32f3xx_hal_tim.o
    0x08003400   0x08003400   0x00000026   Code   RO         1095    i.HAL_TIM_Base_Stop  stm32f3xx_hal_tim.o
    0x08003426   0x08003426   0x00000002   PAD
    0x08003428   0x08003428   0x000000dc   Code   RO         1098    i.HAL_TIM_ConfigClockSource  stm32f3xx_hal_tim.o
    0x08003504   0x08003504   0x00000002   Code   RO         1123    i.HAL_TIM_IC_CaptureCallback  stm32f3xx_hal_tim.o
    0x08003506   0x08003506   0x00000184   Code   RO         1137    i.HAL_TIM_IRQHandler  stm32f3xx_hal_tim.o
    0x0800368a   0x0800368a   0x00000002   Code   RO         1140    i.HAL_TIM_OC_DelayElapsedCallback  stm32f3xx_hal_tim.o
    0x0800368c   0x0800368c   0x0000011e   Code   RO         1161    i.HAL_TIM_PWM_ConfigChannel  stm32f3xx_hal_tim.o
    0x080037aa   0x080037aa   0x00000062   Code   RO         1164    i.HAL_TIM_PWM_Init  stm32f3xx_hal_tim.o
    0x0800380c   0x0800380c   0x00000002   Code   RO         1166    i.HAL_TIM_PWM_MspInit  stm32f3xx_hal_tim.o
    0x0800380e   0x0800380e   0x00000002   PAD
    0x08003810   0x08003810   0x000000a4   Code   RO          832    i.HAL_TIM_PWM_PulseFinishedCallback  bsp.o
    0x080038b4   0x080038b4   0x0000010c   Code   RO         1171    i.HAL_TIM_PWM_Start_IT  stm32f3xx_hal_tim.o
    0x080039c0   0x080039c0   0x00000002   Code   RO         1175    i.HAL_TIM_PeriodElapsedCallback  stm32f3xx_hal_tim.o
    0x080039c2   0x080039c2   0x00000002   Code   RO         1180    i.HAL_TIM_TriggerCallback  stm32f3xx_hal_tim.o
    0x080039c4   0x080039c4   0x00000066   Code   RO         2111    i.HAL_UART_Init     stm32f3xx_hal_uart.o
    0x08003a2a   0x08003a2a   0x00000002   PAD
    0x08003a2c   0x08003a2c   0x00000080   Code   RO          314    i.HAL_UART_MspInit  usart.o
    0x08003aac   0x08003aac   0x00000240   Code   RO          361    i.HRTIM1_Master_IRQHandler  stm32f3xx_it.o
    0x08003cec   0x08003cec   0x0000005a   Code   RO         4591    i.HRTIM_ForceRegistersUpdate  stm32f3xx_hal_hrtim.o
    0x08003d46   0x08003d46   0x000000d2   Code   RO         4595    i.HRTIM_HRTIM_ISR   stm32f3xx_hal_hrtim.o
    0x08003e18   0x08003e18   0x00000128   Code   RO         4596    i.HRTIM_Master_ISR  stm32f3xx_hal_hrtim.o
    0x08003f40   0x08003f40   0x000000ce   Code   RO         4597    i.HRTIM_OutputConfig  stm32f3xx_hal_hrtim.o
    0x0800400e   0x0800400e   0x000001d6   Code   RO         4599    i.HRTIM_Timer_ISR   stm32f3xx_hal_hrtim.o
    0x080041e4   0x080041e4   0x00000142   Code   RO         4600    i.HRTIM_TimingUnitWaveform_Config  stm32f3xx_hal_hrtim.o
    0x08004326   0x08004326   0x00000004   Code   RO          362    i.HardFault_Handler  stm32f3xx_it.o
    0x0800432a   0x0800432a   0x00000002   PAD
    0x0800432c   0x0800432c   0x0000000c   Code   RO          363    i.I2C1_ER_IRQHandler  stm32f3xx_it.o
    0x08004338   0x08004338   0x0000000c   Code   RO          364    i.I2C1_EV_IRQHandler  stm32f3xx_it.o
    0x08004344   0x08004344   0x0000000c   Code   RO          673    i.I2C_Delay         ssd1306.o
    0x08004350   0x08004350   0x00000026   Code   RO          674    i.I2C_Start         ssd1306.o
    0x08004376   0x08004376   0x0000001e   Code   RO          675    i.I2C_Stop          ssd1306.o
    0x08004394   0x08004394   0x0000005c   Code   RO          676    i.I2C_Transmit      ssd1306.o
    0x080043f0   0x080043f0   0x00000024   Code   RO           20    i.LongTime          main.o
    0x08004414   0x08004414   0x000000a8   Code   RO          546    i.MX_ADC1_Init      adc.o
    0x080044bc   0x080044bc   0x0000009c   Code   RO          547    i.MX_ADC2_Init      adc.o
    0x08004558   0x08004558   0x0000013c   Code   RO          521    i.MX_GPIO_Init      gpio.o
    0x08004694   0x08004694   0x0000016c   Code   RO          590    i.MX_HRTIM1_Init    hrtim.o
    0x08004800   0x08004800   0x00000048   Code   RO          965    i.MX_I2C1_SMBUS_Init  smbus.o
    0x08004848   0x08004848   0x00000060   Code   RO          631    i.MX_TIM3_Init      tim.o
    0x080048a8   0x080048a8   0x00000058   Code   RO          632    i.MX_TIM6_Init      tim.o
    0x08004900   0x08004900   0x0000002c   Code   RO          315    i.MX_USART1_UART_Init  usart.o
    0x0800492c   0x0800492c   0x00000004   Code   RO          365    i.MemManage_Handler  stm32f3xx_it.o
    0x08004930   0x08004930   0x00000004   Code   RO          366    i.NMI_Handler       stm32f3xx_it.o
    0x08004934   0x08004934   0x00000004   Code   RO          367    i.PendSV_Handler    stm32f3xx_it.o
    0x08004938   0x08004938   0x00000004   Code   RO          368    i.RCC_IRQHandler    stm32f3xx_it.o
    0x0800493c   0x0800493c   0x00000018   Code   RO           21    i.ROM_CRC32_Assigned  main.o
    0x08004954   0x08004954   0x00000018   Code   RO           22    i.ROM_CRC32_code    main.o
    0x0800496c   0x0800496c   0x00000018   Code   RO           23    i.ROM_CRC32_data    main.o
    0x08004984   0x08004984   0x00000010   Code   RO          677    i.SCL0              ssd1306.o
    0x08004994   0x08004994   0x00000010   Code   RO          678    i.SCL1              ssd1306.o
    0x080049a4   0x080049a4   0x00000010   Code   RO          679    i.SDA0              ssd1306.o
    0x080049b4   0x080049b4   0x00000010   Code   RO          680    i.SDA1              ssd1306.o
    0x080049c4   0x080049c4   0x00000036   Code   RO         5246    i.SMBUS_ConvertOtherXferOptions  stm32f3xx_hal_smbus.o
    0x080049fa   0x080049fa   0x0000007c   Code   RO         5247    i.SMBUS_Disable_IRQ  stm32f3xx_hal_smbus.o
    0x08004a76   0x08004a76   0x00000032   Code   RO         5248    i.SMBUS_Enable_IRQ  stm32f3xx_hal_smbus.o
    0x08004aa8   0x08004aa8   0x000000c0   Code   RO         5249    i.SMBUS_ITErrorHandler  stm32f3xx_hal_smbus.o
    0x08004b68   0x08004b68   0x000001c8   Code   RO         5250    i.SMBUS_Master_ISR  stm32f3xx_hal_smbus.o
    0x08004d30   0x08004d30   0x00000238   Code   RO         5251    i.SMBUS_Slave_ISR   stm32f3xx_hal_smbus.o
    0x08004f68   0x08004f68   0x0000002c   Code   RO         5252    i.SMBUS_TransferConfig  stm32f3xx_hal_smbus.o
    0x08004f94   0x08004f94   0x00000050   Code   RO          966    i.SMBUS_data_init   smbus.o
    0x08004fe4   0x08004fe4   0x0000013c   Code   RO          969    i.SMBUS_task_cycle  smbus.o
    0x08005120   0x08005120   0x0000004c   Code   RO          681    i.SSD1306_Clear     ssd1306.o
    0x0800516c   0x0800516c   0x0000001c   Code   RO          683    i.SSD1306_Command   ssd1306.o
    0x08005188   0x08005188   0x0000003c   Code   RO          684    i.SSD1306_DrawChar  ssd1306.o
    0x080051c4   0x080051c4   0x000000bc   Code   RO          685    i.SSD1306_Init      ssd1306.o
    0x08005280   0x08005280   0x0000003c   Code   RO          686    i.SSD1306_MspInit   ssd1306.o
    0x080052bc   0x080052bc   0x00000078   Code   RO          687    i.SSD1306_PutChar   ssd1306.o
    0x08005334   0x08005334   0x0000008c   Code   RO          689    i.SSD1306_ScroolUp  ssd1306.o
    0x080053c0   0x080053c0   0x00000030   Code   RO          690    i.SSD1306_SetPointer  ssd1306.o
    0x080053f0   0x080053f0   0x0000001c   Code   RO          691    i.SSD1306_SetPos    ssd1306.o
    0x0800540c   0x0800540c   0x00000010   Code   RO          692    i.SSD1306_Start     ssd1306.o
    0x0800541c   0x0800541c   0x0000001c   Code   RO          694    i.SSD1306_Transmit  ssd1306.o
    0x08005438   0x08005438   0x00000004   Code   RO          369    i.SVC_Handler       stm32f3xx_it.o
    0x0800543c   0x0800543c   0x000000bc   Code   RO           25    i.SunlightTrigger   main.o
    0x080054f8   0x080054f8   0x0000000e   Code   RO          370    i.SysTick_Handler   stm32f3xx_it.o
    0x08005506   0x08005506   0x0000006a   Code   RO           26    i.SystemClock_Config  main.o
    0x08005570   0x08005570   0x00000010   Code   RO         5594    i.SystemInit        system_stm32f3xx.o
    0x08005580   0x08005580   0x0000001c   Code   RO         6061    i.TIM2_IRQHandler   porttimer.o
    0x0800559c   0x0800559c   0x0000000c   Code   RO          371    i.TIM3_IRQHandler   stm32f3xx_it.o
    0x080055a8   0x080055a8   0x00000018   Code   RO          372    i.TIM6_DAC1_IRQHandler  stm32f3xx_it.o
    0x080055c0   0x080055c0   0x00000088   Code   RO         1182    i.TIM_Base_SetConfig  stm32f3xx_hal_tim.o
    0x08005648   0x08005648   0x0000001a   Code   RO         1183    i.TIM_CCxChannelCmd  stm32f3xx_hal_tim.o
    0x08005662   0x08005662   0x00000014   Code   RO         1193    i.TIM_ETR_SetConfig  stm32f3xx_hal_tim.o
    0x08005676   0x08005676   0x00000010   Code   RO         1194    i.TIM_ITRx_SetConfig  stm32f3xx_hal_tim.o
    0x08005686   0x08005686   0x00000002   PAD
    0x08005688   0x08005688   0x00000088   Code   RO         1195    i.TIM_OC1_SetConfig  stm32f3xx_hal_tim.o
    0x08005710   0x08005710   0x00000080   Code   RO         1196    i.TIM_OC2_SetConfig  stm32f3xx_hal_tim.o
    0x08005790   0x08005790   0x00000080   Code   RO         1197    i.TIM_OC3_SetConfig  stm32f3xx_hal_tim.o
    0x08005810   0x08005810   0x0000006c   Code   RO         1198    i.TIM_OC4_SetConfig  stm32f3xx_hal_tim.o
    0x0800587c   0x0800587c   0x00000064   Code   RO         1199    i.TIM_OC5_SetConfig  stm32f3xx_hal_tim.o
    0x080058e0   0x080058e0   0x00000068   Code   RO         1200    i.TIM_OC6_SetConfig  stm32f3xx_hal_tim.o
    0x08005948   0x08005948   0x00000022   Code   RO         1202    i.TIM_TI1_ConfigInputStage  stm32f3xx_hal_tim.o
    0x0800596a   0x0800596a   0x00000024   Code   RO         1204    i.TIM_TI2_ConfigInputStage  stm32f3xx_hal_tim.o
    0x0800598e   0x0800598e   0x000000c8   Code   RO         2125    i.UART_AdvFeatureConfig  stm32f3xx_hal_uart.o
    0x08005a56   0x08005a56   0x0000005c   Code   RO         2126    i.UART_CheckIdleState  stm32f3xx_hal_uart.o
    0x08005ab2   0x08005ab2   0x00000002   PAD
    0x08005ab4   0x08005ab4   0x00000144   Code   RO         2141    i.UART_SetConfig    stm32f3xx_hal_uart.o
    0x08005bf8   0x08005bf8   0x000000a4   Code   RO         2146    i.UART_WaitOnFlagUntilTimeout  stm32f3xx_hal_uart.o
    0x08005c9c   0x08005c9c   0x0000004c   Code   RO         5994    i.USART1_IRQHandler  portserial.o
    0x08005ce8   0x08005ce8   0x00000004   Code   RO          373    i.UsageFault_Handler  stm32f3xx_it.o
    0x08005cec   0x08005cec   0x00000020   Code   RO         3048    i.__NVIC_SetPriority  stm32f3xx_hal_cortex.o
    0x08005d0c   0x08005d0c   0x0000000e   Code   RO         6156    i.__scatterload_copy  mc_w.l(handlers.o)
    0x08005d1a   0x08005d1a   0x00000002   Code   RO         6157    i.__scatterload_null  mc_w.l(handlers.o)
    0x08005d1c   0x08005d1c   0x0000000e   Code   RO         6158    i.__scatterload_zeroinit  mc_w.l(handlers.o)
    0x08005d2a   0x08005d2a   0x00000002   PAD
    0x08005d2c   0x08005d2c   0x00000040   Code   RO          970    i.add_SBS_Commands  smbus.o
    0x08005d6c   0x08005d6c   0x00000024   Code   RO          971    i.calc_crc8         smbus.o
    0x08005d90   0x08005d90   0x00000020   Code   RO         5630    i.eMBEnable         mb.o
    0x08005db0   0x08005db0   0x00000072   Code   RO         5738    i.eMBFuncReadCoils  mbfunccoils.o
    0x08005e22   0x08005e22   0x00000072   Code   RO         5765    i.eMBFuncReadDiscreteInputs  mbfuncdisc.o
    0x08005e94   0x08005e94   0x0000005e   Code   RO         5777    i.eMBFuncReadHoldingRegister  mbfuncholding.o
    0x08005ef2   0x08005ef2   0x00000062   Code   RO         5807    i.eMBFuncReadInputRegister  mbfuncinput.o
    0x08005f54   0x08005f54   0x0000009c   Code   RO         5778    i.eMBFuncReadWriteMultipleHoldingRegister  mbfuncholding.o
    0x08005ff0   0x08005ff0   0x00000024   Code   RO         5819    i.eMBFuncReportSlaveID  mbfuncother.o
    0x08006014   0x08006014   0x00000056   Code   RO         5739    i.eMBFuncWriteCoil  mbfunccoils.o
    0x0800606a   0x0800606a   0x00000032   Code   RO         5779    i.eMBFuncWriteHoldingRegister  mbfuncholding.o
    0x0800609c   0x0800609c   0x00000064   Code   RO         5740    i.eMBFuncWriteMultipleCoils  mbfunccoils.o
    0x08006100   0x08006100   0x0000004e   Code   RO         5780    i.eMBFuncWriteMultipleHoldingRegister  mbfuncholding.o
    0x0800614e   0x0800614e   0x00000002   PAD
    0x08006150   0x08006150   0x00000080   Code   RO         5631    i.eMBInit           mb.o
    0x080061d0   0x080061d0   0x00000040   Code   RO         5840    i.eMBRTUInit        mbrtu.o
    0x08006210   0x08006210   0x00000048   Code   RO         5841    i.eMBRTUReceive     mbrtu.o
    0x08006258   0x08006258   0x0000005c   Code   RO         5842    i.eMBRTUSend        mbrtu.o
    0x080062b4   0x080062b4   0x00000020   Code   RO         5843    i.eMBRTUStart       mbrtu.o
    0x080062d4   0x080062d4   0x00000014   Code   RO         5844    i.eMBRTUStop        mbrtu.o
    0x080062e8   0x080062e8   0x00000004   Code   RO         5898    i.eMBRegCoilsCB     mbrtu_var.o
    0x080062ec   0x080062ec   0x00000004   Code   RO         5899    i.eMBRegDiscreteCB  mbrtu_var.o
    0x080062f0   0x080062f0   0x00000080   Code   RO         5900    i.eMBRegHoldingCB   mbrtu_var.o
    0x08006370   0x08006370   0x00000004   Code   RO         5901    i.eMBRegInputCB     mbrtu_var.o
    0x08006374   0x08006374   0x000002f8   Code   RO           28    i.main              main.o
    0x0800666c   0x0800666c   0x00000094   Code   RO          833    i.on_Dim_Rolling    bsp.o
    0x08006700   0x08006700   0x00000064   Code   RO          834    i.on_LED_FastBlink  bsp.o
    0x08006764   0x08006764   0x00000064   Code   RO          835    i.on_LED_SlowBlink  bsp.o
    0x080067c8   0x080067c8   0x000000ec   Code   RO           29    i.pbChargerFSM      main.o
    0x080068b4   0x080068b4   0x00000066   Code   RO         1038    i.printint          print.o
    0x0800691a   0x0800691a   0x00000014   Code   RO         1039    i.printstr          print.o
    0x0800692e   0x0800692e   0x00000018   Code   RO         5941    i.prveMBError2Exception  mbutils.o
    0x08006946   0x08006946   0x00000002   PAD
    0x08006948   0x08006948   0x0000002c   Code   RO         5721    i.usMBCRC16         mbcrc.o
    0x08006974   0x08006974   0x0000002c   Code   RO         5995    i.vMBPortSerialEnable  portserial.o
    0x080069a0   0x080069a0   0x00000010   Code   RO         6091    i.vMBPortTimersDisable  porttimer.o
    0x080069b0   0x080069b0   0x00000018   Code   RO         6085    i.vMBPortTimersEnable  porttimer.o
    0x080069c8   0x080069c8   0x00000010   Code   RO         5966    i.xMBPortEventInit  portevent.o
    0x080069d8   0x080069d8   0x00000010   Code   RO         5967    i.xMBPortEventPost  portevent.o
    0x080069e8   0x080069e8   0x00000010   Code   RO         5996    i.xMBPortSerialGetByte  portserial.o
    0x080069f8   0x080069f8   0x00000020   Code   RO         5997    i.xMBPortSerialInit  portserial.o
    0x08006a18   0x08006a18   0x0000000c   Code   RO         5998    i.xMBPortSerialPutByte  portserial.o
    0x08006a24   0x08006a24   0x00000044   Code   RO         6062    i.xMBPortTimersInit  porttimer.o
    0x08006a68   0x08006a68   0x00000060   Code   RO         5845    i.xMBRTUReceiveFSM  mbrtu.o
    0x08006ac8   0x08006ac8   0x00000028   Code   RO         5846    i.xMBRTUTimerT35Expired  mbrtu.o
    0x08006af0   0x08006af0   0x00000050   Code   RO         5847    i.xMBRTUTransmitFSM  mbrtu.o
    0x08006b40   0x08006b40   0x000001e0   Data   RO          696    .constdata          ssd1306.o
    0x08006d20   0x08006d20   0x00000100   Data   RO          973    .constdata          smbus.o
    0x08006e20   0x08006e20   0x00000064   Data   RO         1062    .constdata          conf_sruct.o
    0x08006e84   0x08006e84   0x0000005c   Data   RO         1063    .constdata          conf_sruct.o
    0x08006ee0   0x08006ee0   0x00000020   Data   RO         2734    .constdata          stm32f3xx_hal_rcc.o
    0x08006f00   0x08006f00   0x00000010   Data   RO         5595    .constdata          system_stm32f3xx.o
    0x08006f10   0x08006f10   0x00000008   Data   RO         5596    .constdata          system_stm32f3xx.o
    0x08006f18   0x08006f18   0x00000200   Data   RO         5722    .constdata          mbcrc.o
    0x08007118   0x08007118   0x00000008   Data   RO           32    .rom_crc            main.o
    0x08007120   0x08007120   0x00000020   Data   RO         6154    Region$$Table       anon$$obj.o


    Execution Region RW_IRAM2 (Exec base: 0x10000000, Load base: 0x080071a4, Size: 0x00000000, Max: 0x00001000, ABSOLUTE)

    **** No section assigned to this execution region ****


    Execution Region RW_IRAM1 (Exec base: 0x20000000, Load base: 0x08007140, Size: 0x00000af8, Max: 0x00003000, ABSOLUTE, COMPRESSED[0x00000064])

    Exec Addr    Load Addr    Size         Type   Attr      Idx    E Section Name        Object

    0x20000000   COMPRESSED   0x00000020   Data   RW           31    .data               main.o
    0x20000020   COMPRESSED   0x00000038   Data   RW          374    .data               stm32f3xx_it.o
    0x20000058   COMPRESSED   0x00000004   Data   RW          549    .data               adc.o
    0x2000005c   COMPRESSED   0x00000001   Data   RW          634    .data               tim.o
    0x2000005d   COMPRESSED   0x00000001   PAD
    0x2000005e   COMPRESSED   0x00000004   Data   RW          697    .data               ssd1306.o
    0x20000062   COMPRESSED   0x00000002   Data   RW          836    .data               bsp.o
    0x20000064   COMPRESSED   0x00000002   Data   RW          837    .data               bsp.o
    0x20000066   COMPRESSED   0x00000002   Data   RW          838    .data               bsp.o
    0x20000068   COMPRESSED   0x00000002   Data   RW          839    .data               bsp.o
    0x2000006a   COMPRESSED   0x00000002   PAD
    0x2000006c   COMPRESSED   0x00000038   Data   RW          840    .data               bsp.o
    0x200000a4   COMPRESSED   0x00000002   Data   RW          841    .data               bsp.o
    0x200000a6   COMPRESSED   0x00000002   Data   RW          842    .data               bsp.o
    0x200000a8   COMPRESSED   0x0000000c   Data   RW          974    .data               smbus.o
    0x200000b4   COMPRESSED   0x0000000c   Data   RW         2571    .data               stm32f3xx_hal.o
    0x200000c0   COMPRESSED   0x00000018   Data   RW         4601    .data               stm32f3xx_hal_hrtim.o
    0x200000d8   COMPRESSED   0x00000004   Data   RW         5597    .data               system_stm32f3xx.o
    0x200000dc   COMPRESSED   0x000000ac   Data   RW         5634    .data               mb.o
    0x20000188   COMPRESSED   0x00000002   Data   RW         5822    .data               mbfuncother.o
    0x2000018a   COMPRESSED   0x00000002   PAD
    0x2000018c   COMPRESSED   0x0000000c   Data   RW         5849    .data               mbrtu.o
    0x20000198   COMPRESSED   0x00000002   Data   RW         5903    .data               mbrtu_var.o
    0x2000019a   COMPRESSED   0x00000002   Data   RW         5968    .data               portevent.o
    0x2000019c   COMPRESSED   0x00000014   Data   RW           34    .udata              main.o
    0x200001b0   COMPRESSED   0x00000002   Data   RW          843    .udata              bsp.o
    0x200001b2   COMPRESSED   0x00000002   PAD
    0x200001b4        -       0x00000038   Zero   RW           30    .bss                main.o
    0x200001ec        -       0x00000084   Zero   RW          316    .bss                usart.o
    0x20000270        -       0x000000a0   Zero   RW          548    .bss                adc.o
    0x20000310        -       0x000000dc   Zero   RW          591    .bss                hrtim.o
    0x200003ec        -       0x00000098   Zero   RW          633    .bss                tim.o
    0x20000484        -       0x000000a8   Zero   RW          695    .bss                ssd1306.o
    0x2000052c        -       0x0000009c   Zero   RW          972    .bss                smbus.o
    0x200005c8        -       0x00000020   Zero   RW         5821    .bss                mbfuncother.o
    0x200005e8        -       0x00000100   Zero   RW         5848    .bss                mbrtu.o
    0x200006e8        -       0x0000000a   Zero   RW         5902    .bss                mbrtu_var.o
    0x200006f2   COMPRESSED   0x00000006   PAD
    0x200006f8        -       0x00000400   Zero   RW            1    STACK               startup_stm32f334x8.o


==============================================================================

Image component sizes


      Code (inc. data)   RO Data    RW Data    ZI Data      Debug   Object Name

       504         34          0          4        160       3026   adc.o
      1448        192          0         70          0      16862   bsp.o
         0          0        192          0          0       2726   conf_sruct.o
       316         22          0          0          0       1255   gpio.o
       488         28          0          0        220       2887   hrtim.o
      2186        286          8         52         56     791147   main.o
       160         36          0        172          0       7616   mb.o
         0          0          0          0          0        701   mbascii.o
        44          4        512          0          0       1392   mbcrc.o
       300          0          0          0          0       3926   mbfunccoils.o
       114          0          0          0          0       1620   mbfuncdisc.o
       378          0          0          0          0       5407   mbfuncholding.o
        98          0          0          0          0       1615   mbfuncinput.o
        36         10          0          2         32       1487   mbfuncother.o
       496         46          0         12        256       6851   mbrtu.o
       140         10          0          2         10       3497   mbrtu_var.o
        24          0          0          0          0        696   mbutils.o
        32         10          0          2          0       1442   portevent.o
       180         32          0          0          0      32403   portserial.o
       136         20          0          0          0       2391   porttimer.o
       122          0          0          0          0       3462   print.o
       672         54        256         12        156       6368   smbus.o
      1028         76        480          4        168      12989   ssd1306.o
        36          8        392          0       1024        908   startup_stm32f334x8.o
       164         28          0         12          0      15777   stm32f3xx_hal.o
         6          0          0          0          0       2334   stm32f3xx_hal_adc.o
      2904         68          0          0          0      12787   stm32f3xx_hal_adc_ex.o
       232         14          0          0          0      34645   stm32f3xx_hal_cortex.o
       334          4          0          0          0       3928   stm32f3xx_hal_crc.o
        78          0          0          0          0       1411   stm32f3xx_hal_crc_ex.o
       480         30          0          0          0       4791   stm32f3xx_hal_gpio.o
      3240         28          0         24          0      35128   stm32f3xx_hal_hrtim.o
       236          0          0          0          0       2934   stm32f3xx_hal_iwdg.o
        44          6          0          0          0        998   stm32f3xx_hal_msp.o
      2024         82         32          0          0       6876   stm32f3xx_hal_rcc.o
       392         14          0          0          0       1608   stm32f3xx_hal_rcc_ex.o
      2316         28          0          0          0      17323   stm32f3xx_hal_smbus.o
      2466        196          0          0          0      20922   stm32f3xx_hal_tim.o
       122         12          0          0          0       3420   stm32f3xx_hal_tim_ex.o
       882         46          0          0          0       5405   stm32f3xx_hal_uart.o
       940        122          0         56          0      12575   stm32f3xx_it.o
        16          4         24          4          0       1343   system_stm32f3xx.o
       272         36          0          1        152       2796   tim.o
       172         22          0          0        132       1978   usart.o

    ----------------------------------------------------------------------
     26292       1608       1928        436       2372    1101653   Object Totals
         0          0         32          0          0          0   (incl. Generated)
        34          0          0          7          6          0   (incl. Padding)

    ----------------------------------------------------------------------

      Code (inc. data)   RO Data    RW Data    ZI Data      Debug   Library Member Name

        86          0          0          0          0          0   __dczerorl2.o
         0          0          0          0          0          0   entry.o
         0          0          0          0          0          0   entry10a.o
         0          0          0          0          0          0   entry11a.o
         8          4          0          0          0          0   entry2.o
         4          0          0          0          0          0   entry5.o
         0          0          0          0          0          0   entry7b.o
         0          0          0          0          0          0   entry8b.o
         8          4          0          0          0          0   entry9a.o
        30          0          0          0          0          0   handlers.o
        40          0          0          0          0         80   idiv.o
        36          8          0          0          0         68   init.o
         0          0          0          0          0          0   iusefp.o
        30          0          0          0          0         68   llshl.o
        32          0          0          0          0         68   llushr.o
        36          0          0          0          0         68   memcpya.o
        36          0          0          0          0        108   memseta.o
        20          0          0          0          0         76   sidiv.o
        44          0          0          0          0         80   uidiv.o
        98          0          0          0          0         92   uldiv.o
        48          0          0          0          0         68   cdrcmple.o
       186          0          0          0          0        176   depilogue.o
        26          0          0          0          0         76   dfltui.o

    ----------------------------------------------------------------------
       772         16          0          0          0       1028   Library Totals
         4          0          0          0          0          0   (incl. Padding)

    ----------------------------------------------------------------------

      Code (inc. data)   RO Data    RW Data    ZI Data      Debug   Library Name

       508         16          0          0          0        708   mc_w.l
       260          0          0          0          0        320   mf_w.l

    ----------------------------------------------------------------------
       772         16          0          0          0       1028   Library Totals

    ----------------------------------------------------------------------

==============================================================================


      Code (inc. data)   RO Data    RW Data    ZI Data      Debug   

     27064       1624       1928        436       2372    1076045   Grand Totals
     27064       1624       1928        100       2372    1076045   ELF Image Totals (compressed)
     27064       1624       1928        100          0          0   ROM Totals

==============================================================================

    Total RO  Size (Code + RO Data)                28992 (  28.31kB)
    Total RW  Size (RW Data + ZI Data)              2808 (   2.74kB)
    Total ROM Size (Code + RO Data + RW Data)      29092 (  28.41kB)

==============================================================================

