<html>
<body>
<pre>
<h1>µVision Build Log</h1>
<h2>Tool Versions:</h2>
IDE-Version: µVision V5.28.0.0
Copyright (C) 2019 ARM Ltd and ARM Germany GmbH. All rights reserved.
License Information: Vladimir Viternko, hata, LIC=AK12Z-JT6I7-04BSQ-NAJB3-D5AIZ-H8TWL
 
Tool Versions:
Toolchain:       MDK-ARM Professional  Version: 5.28.0.0
Toolchain Path:  C:\Keil_v5\ARM\ARMCC\Bin
C Compiler:      Armcc.exe V5.06 update 6 (build 750)
Assembler:       Armasm.exe V5.06 update 6 (build 750)
Linker/Locator:  ArmLink.exe V5.06 update 6 (build 750)
Library Manager: ArmAr.exe V5.06 update 6 (build 750)
Hex Converter:   FromElf.exe V5.06 update 6 (build 750)
CPU DLL:         SARMCM3.DLL V5.28.0.0
Dialog DLL:      DCM.DLL V1.17.3.0
Target DLL:      STLink\ST-LINKIII-KEIL_SWO.dll V3.0.6.0
Dialog DLL:      TCM.DLL V1.36.2.0
 
<h2>Project:</h2>
C:\Users\vvitr\ZERDLab Dropbox\CurrentProject\StreetLightSystem\Firmware\StreetLightSystem\g812-2_mppt-v1.1.4_keil_VV1\MDK-ARM\g812-2_mppt-v1.1.4_keil_VV1.uvprojx
Project File Date:  05/28/2021

<h2>Output:</h2>
*** Using Compiler 'V5.06 update 6 (build 750)', folder: 'C:\Keil_v5\ARM\ARMCC\Bin'
Rebuild target 'g812-2_mppt-v1.1.4_keil_VV1'
assembling startup_stm32f334x8.s...
compiling main.c...
compiling usart.c...
compiling stm32f3xx_it.c...
compiling stm32f3xx_hal_msp.c...
compiling gpio.c...
compiling adc.c...
compiling hrtim.c...
compiling tim.c...
compiling ssd1306.c...
compiling bsp.c...
compiling smbus.c...
compiling print.c...
compiling config.c...
compiling stm32f3xx_hal_tim.c...
compiling stm32f3xx_hal_tim_ex.c...
compiling stm32f3xx_hal_uart.c...
compiling stm32f3xx_hal_uart_ex.c...
compiling stm32f3xx_hal.c...
compiling stm32f3xx_hal_rcc.c...
compiling stm32f3xx_hal_rcc_ex.c...
compiling stm32f3xx_hal_gpio.c...
compiling stm32f3xx_hal_dma.c...
compiling stm32f3xx_hal_cortex.c...
compiling stm32f3xx_hal_pwr.c...
compiling stm32f3xx_hal_pwr_ex.c...
compiling stm32f3xx_hal_flash.c...
compiling stm32f3xx_hal_flash_ex.c...
compiling stm32f3xx_hal_i2c.c...
compiling stm32f3xx_hal_i2c_ex.c...
compiling stm32f3xx_hal_exti.c...
compiling stm32f3xx_hal_adc.c...
compiling stm32f3xx_hal_adc_ex.c...
compiling stm32f3xx_hal_hrtim.c...
compiling stm32f3xx_hal_smbus.c...
compiling stm32f3xx_hal_crc.c...
compiling stm32f3xx_hal_crc_ex.c...
compiling stm32f3xx_hal_iwdg.c...
compiling system_stm32f3xx.c...
compiling mb.c...
compiling mbascii.c...
compiling mbcrc.c...
compiling mbfunccoils.c...
compiling mbfuncdiag.c...
compiling mbfuncdisc.c...
compiling mbfuncholding.c...
compiling mbfuncinput.c...
compiling mbfuncother.c...
compiling mbrtu.c...
compiling mbrtu_var.c...
compiling mbtcp.c...
compiling mbutils.c...
compiling portevent.c...
compiling portserial.c...
compiling porttimer.c...
linking...
Program Size: Code=26892 RO-data=1920 RW-data=432 ZI-data=2296  
FromELF: creating hex file...
"g812-2_mppt-v1.1.4_keil_VV1\g812-2_mppt-v1.1.4_keil_VV1" - 0 Error(s), 0 Warning(s).

<h2>Software Packages used:</h2>

Package Vendor: ARM
                http://www.keil.com/pack/ARM.CMSIS.5.7.0.pack
                ARM.CMSIS.5.7.0
                CMSIS (Cortex Microcontroller Software Interface Standard)
   * Component: CORE Version: 5.4.0

Package Vendor: Keil
                http://www.keil.com/pack/Keil.STM32F3xx_DFP.2.1.0.pack
                Keil.STM32F3xx_DFP.2.1.0
                STMicroelectronics STM32F3 Series Device Support and Examples

<h2>Collection of Component include folders:</h2>
  .\RTE\_g812-2_mppt-v1.1.4_keil_VV1
  C:\Users\vvitr\AppData\Local\Arm\Packs\ARM\CMSIS\5.7.0\CMSIS\Core\Include
  C:\Users\vvitr\AppData\Local\Arm\Packs\Keil\STM32F3xx_DFP\2.1.0\Drivers\CMSIS\Device\ST\STM32F3xx\Include

<h2>Collection of Component Files used:</h2>

   * Component: ARM::CMSIS:CORE:5.4.0
      Include file:  CMSIS\Core\Include\tz_context.h
Build Time Elapsed:  00:08:38
</pre>
</body>
</html>
