Component: ARM Compiler 5.06 update 6 (build 750) Tool: armlink [4d35ed]

==============================================================================

Section Cross References

    startup_stm32f334x8.o(RESET) refers to startup_stm32f334x8.o(STACK) for __initial_sp
    startup_stm32f334x8.o(RESET) refers to startup_stm32f334x8.o(.text) for Reset_Handler
    startup_stm32f334x8.o(RESET) refers to stm32f3xx_it.o(i.NMI_Handler) for NMI_Handler
    startup_stm32f334x8.o(RESET) refers to stm32f3xx_it.o(i.HardFault_Handler) for HardFault_Handler
    startup_stm32f334x8.o(RESET) refers to stm32f3xx_it.o(i.MemManage_Handler) for MemManage_Handler
    startup_stm32f334x8.o(RESET) refers to stm32f3xx_it.o(i.BusFault_Handler) for BusFault_Handler
    startup_stm32f334x8.o(RESET) refers to stm32f3xx_it.o(i.UsageFault_Handler) for UsageFault_Handler
    startup_stm32f334x8.o(RESET) refers to stm32f3xx_it.o(i.SVC_Handler) for SVC_Handler
    startup_stm32f334x8.o(RESET) refers to stm32f3xx_it.o(i.DebugMon_Handler) for DebugMon_Handler
    startup_stm32f334x8.o(RESET) refers to stm32f3xx_it.o(i.PendSV_Handler) for PendSV_Handler
    startup_stm32f334x8.o(RESET) refers to stm32f3xx_it.o(i.SysTick_Handler) for SysTick_Handler
    startup_stm32f334x8.o(RESET) refers to stm32f3xx_it.o(i.RCC_IRQHandler) for RCC_IRQHandler
    startup_stm32f334x8.o(RESET) refers to stm32f3xx_it.o(i.EXTI2_TSC_IRQHandler) for EXTI2_TSC_IRQHandler
    startup_stm32f334x8.o(RESET) refers to stm32f3xx_it.o(i.ADC1_2_IRQHandler) for ADC1_2_IRQHandler
    startup_stm32f334x8.o(RESET) refers to stm32f3xx_it.o(i.EXTI9_5_IRQHandler) for EXTI9_5_IRQHandler
    startup_stm32f334x8.o(RESET) refers to porttimer.o(i.TIM2_IRQHandler) for TIM2_IRQHandler
    startup_stm32f334x8.o(RESET) refers to stm32f3xx_it.o(i.TIM3_IRQHandler) for TIM3_IRQHandler
    startup_stm32f334x8.o(RESET) refers to stm32f3xx_it.o(i.I2C1_EV_IRQHandler) for I2C1_EV_IRQHandler
    startup_stm32f334x8.o(RESET) refers to stm32f3xx_it.o(i.I2C1_ER_IRQHandler) for I2C1_ER_IRQHandler
    startup_stm32f334x8.o(RESET) refers to portserial.o(i.USART1_IRQHandler) for USART1_IRQHandler
    startup_stm32f334x8.o(RESET) refers to stm32f3xx_it.o(i.EXTI15_10_IRQHandler) for EXTI15_10_IRQHandler
    startup_stm32f334x8.o(RESET) refers to stm32f3xx_it.o(i.TIM6_DAC1_IRQHandler) for TIM6_DAC1_IRQHandler
    startup_stm32f334x8.o(RESET) refers to stm32f3xx_it.o(i.HRTIM1_Master_IRQHandler) for HRTIM1_Master_IRQHandler
    startup_stm32f334x8.o(.text) refers to system_stm32f3xx.o(i.SystemInit) for SystemInit
    startup_stm32f334x8.o(.text) refers to entry.o(.ARM.Collect$$$$00000000) for __main
    main.o(i.BSP_EcecuteDisplay) refers to ssd1306.o(i.SSD1306_SetPos) for SSD1306_SetPos
    main.o(i.BSP_EcecuteDisplay) refers to print.o(i.printstr) for printstr
    main.o(i.BSP_EcecuteDisplay) refers to bsp.o(i.BSP_FBC_State) for BSP_FBC_State
    main.o(i.BSP_EcecuteDisplay) refers to print.o(i.printint) for printint
    main.o(i.BSP_EcecuteDisplay) refers to smbus.o(i.SMBUS_getValue) for SMBUS_getValue
    main.o(i.BSP_EcecuteDisplay) refers to smbus.o(i.SMBUS_getCntErr) for SMBUS_getCntErr
    main.o(i.BSP_EcecuteDisplay) refers to bsp.o(i.BSP_LDC_State) for BSP_LDC_State
    main.o(i.BSP_EcecuteDisplay) refers to stm32f3xx_hal.o(i.HAL_GetTick) for HAL_GetTick
    main.o(i.BSP_EcecuteDisplay) refers to ssd1306.o(i.SSD1306_PutChar) for SSD1306_PutChar
    main.o(i.BSP_EcecuteDisplay) refers to stm32f3xx_it.o(.data) for PowerLimitation
    main.o(i.BSP_EcecuteDisplay) refers to bsp.o(.data) for LastStepOptimize
    main.o(i.BSP_EcecuteDisplay) refers to bsp.o(.data) for IpanConversion
    main.o(i.BSP_EcecuteDisplay) refers to bsp.o(.data) for IbatConversion
    main.o(i.BSP_EcecuteDisplay) refers to main.o(.data) for .data
    main.o(i.BSP_ExecuteCeremonial) refers to main.o(i.LongTime) for LongTime
    main.o(i.BSP_ExecuteCeremonial) refers to bsp.o(i.BSP_LDC_State) for BSP_LDC_State
    main.o(i.BSP_ExecuteCeremonial) refers to bsp.o(i.BSP_LDC_SetState) for BSP_LDC_SetState
    main.o(i.BSP_ExecuteCeremonial) refers to bsp.o(.data) for AlightStateLevel
    main.o(i.BSP_ExecuteCeremonial) refers to conf_sruct.o(.constdata) for Ceremonial
    main.o(i.BSP_ExecuteCeremonial) refers to main.o(.data) for .data
    main.o(i.BSP_ExecuteControl) refers to bsp.o(i.BSP_LDC_State) for BSP_LDC_State
    main.o(i.BSP_ExecuteControl) refers to main.o(i.SunlightTrigger) for SunlightTrigger
    main.o(i.BSP_ExecuteControl) refers to bsp.o(i.BSP_LDC_SetState) for BSP_LDC_SetState
    main.o(i.BSP_ExecuteControl) refers to bsp.o(i.BSP_FBC_State) for BSP_FBC_State
    main.o(i.BSP_ExecuteControl) refers to bsp.o(i.BSP_FBC_SetState) for BSP_FBC_SetState
    main.o(i.BSP_ExecuteControl) refers to bsp.o(i.BSP_ELC_State) for BSP_ELC_State
    main.o(i.BSP_ExecuteControl) refers to bsp.o(i.BSP_ELC_SetState) for BSP_ELC_SetState
[...]
    i.HAL_SMBUS_GetState                     0x0800295e   Section        0  stm32f3xx_hal_smbus.o(i.HAL_SMBUS_GetState)
    i.HAL_SMBUS_ListenCpltCallback           0x08002962   Section        0  stm32f3xx_hal_smbus.o(i.HAL_SMBUS_ListenCpltCallback)
    i.HAL_SMBUS_MasterRxCpltCallback         0x08002964   Section        0  stm32f3xx_hal_smbus.o(i.HAL_SMBUS_MasterRxCpltCallback)
    i.HAL_SMBUS_MasterTxCpltCallback         0x08002966   Section        0  stm32f3xx_hal_smbus.o(i.HAL_SMBUS_MasterTxCpltCallback)
    i.HAL_SMBUS_Master_Receive_IT            0x08002968   Section        0  stm32f3xx_hal_smbus.o(i.HAL_SMBUS_Master_Receive_IT)
    i.HAL_SMBUS_Master_Transmit_IT           0x08002a1c   Section        0  stm32f3xx_hal_smbus.o(i.HAL_SMBUS_Master_Transmit_IT)
    i.HAL_SMBUS_SlaveRxCpltCallback          0x08002aec   Section        0  stm32f3xx_hal_smbus.o(i.HAL_SMBUS_SlaveRxCpltCallback)
    i.HAL_SMBUS_SlaveTxCpltCallback          0x08002aee   Section        0  stm32f3xx_hal_smbus.o(i.HAL_SMBUS_SlaveTxCpltCallback)
    i.HAL_SYSTICK_CLKSourceConfig            0x08002af0   Section        0  stm32f3xx_hal_cortex.o(i.HAL_SYSTICK_CLKSourceConfig)
    i.HAL_SYSTICK_Callback                   0x08002b08   Section        0  stm32f3xx_hal_cortex.o(i.HAL_SYSTICK_Callback)
    i.HAL_SYSTICK_Config                     0x08002b0a   Section        0  stm32f3xx_hal_cortex.o(i.HAL_SYSTICK_Config)
    i.HAL_SYSTICK_IRQHandler                 0x08002b32   Section        0  stm32f3xx_hal_cortex.o(i.HAL_SYSTICK_IRQHandler)
    i.HAL_TIMEx_Break2Callback               0x08002b3a   Section        0  stm32f3xx_hal_tim_ex.o(i.HAL_TIMEx_Break2Callback)
    i.HAL_TIMEx_BreakCallback                0x08002b3c   Section        0  stm32f3xx_hal_tim_ex.o(i.HAL_TIMEx_BreakCallback)
    i.HAL_TIMEx_CommutCallback               0x08002b3e   Section        0  stm32f3xx_hal_tim_ex.o(i.HAL_TIMEx_CommutCallback)
    i.HAL_TIMEx_MasterConfigSynchronization  0x08002b40   Section        0  stm32f3xx_hal_tim_ex.o(i.HAL_TIMEx_MasterConfigSynchronization)
    i.HAL_TIM_Base_Init                      0x08002bb4   Section        0  stm32f3xx_hal_tim.o(i.HAL_TIM_Base_Init)
    i.HAL_TIM_Base_MspInit                   0x08002c18   Section        0  tim.o(i.HAL_TIM_Base_MspInit)
    i.HAL_TIM_Base_Start_IT                  0x08002c9c   Section        0  stm32f3xx_hal_tim.o(i.HAL_TIM_Base_Start_IT)
    i.HAL_TIM_Base_Stop_IT                   0x08002d00   Section        0  stm32f3xx_hal_tim.o(i.HAL_TIM_Base_Stop_IT)
    i.HAL_TIM_ConfigClockSource              0x08002d30   Section        0  stm32f3xx_hal_tim.o(i.HAL_TIM_ConfigClockSource)
    i.HAL_TIM_IC_CaptureCallback             0x08002e0c   Section        0  stm32f3xx_hal_tim.o(i.HAL_TIM_IC_CaptureCallback)
    i.HAL_TIM_IRQHandler                     0x08002e0e   Section        0  stm32f3xx_hal_tim.o(i.HAL_TIM_IRQHandler)
    i.HAL_TIM_OC_DelayElapsedCallback        0x08002f92   Section        0  stm32f3xx_hal_tim.o(i.HAL_TIM_OC_DelayElapsedCallback)
    i.HAL_TIM_PWM_ConfigChannel              0x08002f94   Section        0  stm32f3xx_hal_tim.o(i.HAL_TIM_PWM_ConfigChannel)
    i.HAL_TIM_PWM_Init                       0x080030b2   Section        0  stm32f3xx_hal_tim.o(i.HAL_TIM_PWM_Init)
    i.HAL_TIM_PWM_MspInit                    0x08003114   Section        0  stm32f3xx_hal_tim.o(i.HAL_TIM_PWM_MspInit)
    i.HAL_TIM_PWM_PulseFinishedCallback      0x08003118   Section        0  bsp.o(i.HAL_TIM_PWM_PulseFinishedCallback)
    i.HAL_TIM_PWM_Start_IT                   0x080031bc   Section        0  stm32f3xx_hal_tim.o(i.HAL_TIM_PWM_Start_IT)
    i.HAL_TIM_PeriodElapsedCallback          0x080032c8   Section        0  stm32f3xx_hal_tim.o(i.HAL_TIM_PeriodElapsedCallback)
    i.HAL_TIM_TriggerCallback                0x080032ca   Section        0  stm32f3xx_hal_tim.o(i.HAL_TIM_TriggerCallback)
    i.HRTIM1_Master_IRQHandler               0x080032cc   Section        0  stm32f3xx_it.o(i.HRTIM1_Master_IRQHandler)
    i.HRTIM_ForceRegistersUpdate             0x0800351c   Section        0  stm32f3xx_hal_hrtim.o(i.HRTIM_ForceRegistersUpdate)
    HRTIM_ForceRegistersUpdate               0x0800351d   Thumb Code    90  stm32f3xx_hal_hrtim.o(i.HRTIM_ForceRegistersUpdate)
    i.HRTIM_HRTIM_ISR                        0x08003576   Section        0  stm32f3xx_hal_hrtim.o(i.HRTIM_HRTIM_ISR)
    HRTIM_HRTIM_ISR                          0x08003577   Thumb Code   210  stm32f3xx_hal_hrtim.o(i.HRTIM_HRTIM_ISR)
    i.HRTIM_Master_ISR                       0x08003648   Section        0  stm32f3xx_hal_hrtim.o(i.HRTIM_Master_ISR)
    HRTIM_Master_ISR                         0x08003649   Thumb Code   296  stm32f3xx_hal_hrtim.o(i.HRTIM_Master_ISR)
    i.HRTIM_OutputConfig                     0x08003770   Section        0  stm32f3xx_hal_hrtim.o(i.HRTIM_OutputConfig)
    HRTIM_OutputConfig                       0x08003771   Thumb Code   206  stm32f3xx_hal_hrtim.o(i.HRTIM_OutputConfig)
    i.HRTIM_Timer_ISR                        0x0800383e   Section        0  stm32f3xx_hal_hrtim.o(i.HRTIM_Timer_ISR)
    HRTIM_Timer_ISR                          0x0800383f   Thumb Code   470  stm32f3xx_hal_hrtim.o(i.HRTIM_Timer_ISR)
    i.HRTIM_TimingUnitWaveform_Config        0x08003a14   Section        0  stm32f3xx_hal_hrtim.o(i.HRTIM_TimingUnitWaveform_Config)
    HRTIM_TimingUnitWaveform_Config          0x08003a15   Thumb Code   322  stm32f3xx_hal_hrtim.o(i.HRTIM_TimingUnitWaveform_Config)
    i.HardFault_Handler                      0x08003b56   Section        0  stm32f3xx_it.o(i.HardFault_Handler)
    i.I2C1_ER_IRQHandler                     0x08003b5c   Section        0  stm32f3xx_it.o(i.I2C1_ER_IRQHandler)
    i.I2C1_EV_IRQHandler                     0x08003b68   Section        0  stm32f3xx_it.o(i.I2C1_EV_IRQHandler)
    i.MX_ADC1_Init                           0x08003b74   Section        0  adc.o(i.MX_ADC1_Init)
    i.MX_ADC2_Init                           0x08003c1c   Section        0  adc.o(i.MX_ADC2_Init)
    i.MX_GPIO_Init                           0x08003cb8   Section        0  gpio.o(i.MX_GPIO_Init)
    i.MX_HRTIM1_Init                         0x08003dfc   Section        0  hrtim.o(i.MX_HRTIM1_Init)
    i.MX_TIM3_Init                           0x08003f68   Section        0  tim.o(i.MX_TIM3_Init)
    i.MX_TIM6_Init                           0x08003fc8   Section        0  tim.o(i.MX_TIM6_Init)
    i.MemManage_Handler                      0x08004020   Section        0  stm32f3xx_it.o(i.MemManage_Handler)
    i.NMI_Handler                            0x08004024   Section        0  stm32f3xx_it.o(i.NMI_Handler)
    i.PendSV_Handler                         0x08004028   Section        0  stm32f3xx_it.o(i.PendSV_Handler)
    i.RCC_IRQHandler                         0x0800402c   Section        0  stm32f3xx_it.o(i.RCC_IRQHandler)
    i.SMBUS_ConvertOtherXferOptions          0x08004030   Section        0  stm32f3xx_hal_smbus.o(i.SMBUS_ConvertOtherXferOptions)
    SMBUS_ConvertOtherXferOptions            0x08004031   Thumb Code    54  stm32f3xx_hal_smbus.o(i.SMBUS_ConvertOtherXferOptions)
    i.SMBUS_Disable_IRQ                      0x08004066   Section        0  stm32f3xx_hal_smbus.o(i.SMBUS_Disable_IRQ)
    SMBUS_Disable_IRQ                        0x08004067   Thumb Code   124  stm32f3xx_hal_smbus.o(i.SMBUS_Disable_IRQ)
    i.SMBUS_Enable_IRQ                       0x080040e2   Section        0  stm32f3xx_hal_smbus.o(i.SMBUS_Enable_IRQ)
    SMBUS_Enable_IRQ                         0x080040e3   Thumb Code    50  stm32f3xx_hal_smbus.o(i.SMBUS_Enable_IRQ)
    i.SMBUS_ITErrorHandler                   0x08004114   Section        0  stm32f3xx_hal_smbus.o(i.SMBUS_ITErrorHandler)
    SMBUS_ITErrorHandler                     0x08004115   Thumb Code   192  stm32f3xx_hal_smbus.o(i.SMBUS_ITErrorHandler)
    i.SMBUS_Master_ISR                       0x080041d4   Section        0  stm32f3xx_hal_smbus.o(i.SMBUS_Master_ISR)
    SMBUS_Master_ISR                         0x080041d5   Thumb Code   452  stm32f3xx_hal_smbus.o(i.SMBUS_Master_ISR)
    i.SMBUS_Slave_ISR                        0x0800439c   Section        0  stm32f3xx_hal_smbus.o(i.SMBUS_Slave_ISR)
    SMBUS_Slave_ISR                          0x0800439d   Thumb Code   562  stm32f3xx_hal_smbus.o(i.SMBUS_Slave_ISR)
    i.SMBUS_TransferConfig                   0x080045d4   Section        0  stm32f3xx_hal_smbus.o(i.SMBUS_TransferConfig)
    SMBUS_TransferConfig                     0x080045d5   Thumb Code    40  stm32f3xx_hal_smbus.o(i.SMBUS_TransferConfig)
    i.SMBUS_task_cycle                       0x08004600   Section        0  smbus.o(i.SMBUS_task_cycle)
    i.SVC_Handler                            0x0800473c   Section        0  stm32f3xx_it.o(i.SVC_Handler)
    i.SunlightTrigger                        0x08004740   Section        0  main.o(i.SunlightTrigger)
    SunlightTrigger                          0x08004741   Thumb Code   166  main.o(i.SunlightTrigger)
    i.SysTick_Handler                        0x080047fc   Section        0  stm32f3xx_it.o(i.SysTick_Handler)
    i.SystemClock_Config                     0x0800480a   Section        0  main.o(i.SystemClock_Config)
    i.SystemInit                             0x08004874   Section        0  system_stm32f3xx.o(i.SystemInit)
    i.TIM2_IRQHandler                        0x08004884   Section        0  porttimer.o(i.TIM2_IRQHandler)
    i.TIM3_IRQHandler                        0x080048a0   Section        0  stm32f3xx_it.o(i.TIM3_IRQHandler)
    i.TIM6_DAC1_IRQHandler                   0x080048ac   Section        0  stm32f3xx_it.o(i.TIM6_DAC1_IRQHandler)
    i.TIM_Base_SetConfig                     0x080048d4   Section        0  stm32f3xx_hal_tim.o(i.TIM_Base_SetConfig)
    i.TIM_CCxChannelCmd                      0x0800495c   Section        0  stm32f3xx_hal_tim.o(i.TIM_CCxChannelCmd)
    i.TIM_ETR_SetConfig                      0x08004976   Section        0  stm32f3xx_hal_tim.o(i.TIM_ETR_SetConfig)
    i.TIM_ITRx_SetConfig                     0x0800498a   Section        0  stm32f3xx_hal_tim.o(i.TIM_ITRx_SetConfig)
    TIM_ITRx_SetConfig                       0x0800498b   Thumb Code    16  stm32f3xx_hal_tim.o(i.TIM_ITRx_SetConfig)
    i.TIM_OC1_SetConfig                      0x0800499c   Section        0  stm32f3xx_hal_tim.o(i.TIM_OC1_SetConfig)
    TIM_OC1_SetConfig                        0x0800499d   Thumb Code   116  stm32f3xx_hal_tim.o(i.TIM_OC1_SetConfig)
    i.TIM_OC2_SetConfig                      0x08004a24   Section        0  stm32f3xx_hal_tim.o(i.TIM_OC2_SetConfig)
    i.TIM_OC3_SetConfig                      0x08004aa4   Section        0  stm32f3xx_hal_tim.o(i.TIM_OC3_SetConfig)
    TIM_OC3_SetConfig                        0x08004aa5   Thumb Code   106  stm32f3xx_hal_tim.o(i.TIM_OC3_SetConfig)
    i.TIM_OC4_SetConfig                      0x08004b24   Section        0  stm32f3xx_hal_tim.o(i.TIM_OC4_SetConfig)
    TIM_OC4_SetConfig                        0x08004b25   Thumb Code    86  stm32f3xx_hal_tim.o(i.TIM_OC4_SetConfig)
    i.TIM_OC5_SetConfig                      0x08004b90   Section        0  stm32f3xx_hal_tim.o(i.TIM_OC5_SetConfig)
    TIM_OC5_SetConfig                        0x08004b91   Thumb Code    80  stm32f3xx_hal_tim.o(i.TIM_OC5_SetConfig)
    i.TIM_OC6_SetConfig                      0x08004bf4   Section        0  stm32f3xx_hal_tim.o(i.TIM_OC6_SetConfig)
    TIM_OC6_SetConfig                        0x08004bf5   Thumb Code    82  stm32f3xx_hal_tim.o(i.TIM_OC6_SetConfig)
    i.TIM_TI1_ConfigInputStage               0x08004c5c   Section        0  stm32f3xx_hal_tim.o(i.TIM_TI1_ConfigInputStage)
    TIM_TI1_ConfigInputStage                 0x08004c5d   Thumb Code    34  stm32f3xx_hal_tim.o(i.TIM_TI1_ConfigInputStage)
    i.TIM_TI2_ConfigInputStage               0x08004c7e   Section        0  stm32f3xx_hal_tim.o(i.TIM_TI2_ConfigInputStage)
    TIM_TI2_ConfigInputStage                 0x08004c7f   Thumb Code    36  stm32f3xx_hal_tim.o(i.TIM_TI2_ConfigInputStage)
    i.USART1_IRQHandler                      0x08004ca4   Section        0  portserial.o(i.USART1_IRQHandler)
    i.UsageFault_Handler                     0x08004cf0   Section        0  stm32f3xx_it.o(i.UsageFault_Handler)
    i.__NVIC_SetPriority                     0x08004cf4   Section        0  stm32f3xx_hal_cortex.o(i.__NVIC_SetPriority)
    __NVIC_SetPriority                       0x08004cf5   Thumb Code    32  stm32f3xx_hal_cortex.o(i.__NVIC_SetPriority)
    i.__scatterload_copy                     0x08004d14   Section       14  handlers.o(i.__scatterload_copy)
    i.__scatterload_null                     0x08004d22   Section        2  handlers.o(i.__scatterload_null)
    i.__scatterload_zeroinit                 0x08004d24   Section       14  handlers.o(i.__scatterload_zeroinit)
    i.calc_crc8                              0x08004d34   Section        0  smbus.o(i.calc_crc8)
    i.eMBFuncReadCoils                       0x08004d58   Section        0  mbfunccoils.o(i.eMBFuncReadCoils)
    i.eMBFuncReadDiscreteInputs              0x08004dca   Section        0  mbfuncdisc.o(i.eMBFuncReadDiscreteInputs)
    i.eMBFuncReadHoldingRegister             0x08004e3c   Section        0  mbfuncholding.o(i.eMBFuncReadHoldingRegister)
    i.eMBFuncReadInputRegister               0x08004e9a   Section        0  mbfuncinput.o(i.eMBFuncReadInputRegister)
    i.eMBFuncReadWriteMultipleHoldingRegister 0x08004efc   Section        0  mbfuncholding.o(i.eMBFuncReadWriteMultipleHoldingRegister)
    i.eMBFuncReportSlaveID                   0x08004f98   Section        0  mbfuncother.o(i.eMBFuncReportSlaveID)
    i.eMBFuncWriteCoil                       0x08004fbc   Section        0  mbfunccoils.o(i.eMBFuncWriteCoil)
    i.eMBFuncWriteHoldingRegister            0x08005012   Section        0  mbfuncholding.o(i.eMBFuncWriteHoldingRegister)
    i.eMBFuncWriteMultipleCoils              0x08005044   Section        0  mbfunccoils.o(i.eMBFuncWriteMultipleCoils)
    i.eMBFuncWriteMultipleHoldingRegister    0x080050a8   Section        0  mbfuncholding.o(i.eMBFuncWriteMultipleHoldingRegister)
    i.eMBRegCoilsCB                          0x080050f6   Section        0  mbrtu_var_1.o(i.eMBRegCoilsCB)
    i.eMBRegDiscreteCB                       0x080050fc   Section        0  mbrtu_var_1.o(i.eMBRegDiscreteCB)
    i.eMBRegHoldingCB                        0x0800514c   Section        0  mbrtu_var_1.o(i.eMBRegHoldingCB)
    i.eMBRegInputCB                          0x08005150   Section        0  mbrtu_var_1.o(i.eMBRegInputCB)
    i.main                                   0x08005188   Section        0  main.o(i.main)
    i.on_Dim_Rolling                         0x080051bc   Section        0  bsp.o(i.on_Dim_Rolling)
    i.on_LED_FastBlink                       0x0800524c   Section        0  bsp.o(i.on_LED_FastBlink)
    i.on_LED_SlowBlink                       0x080052b0   Section        0  bsp.o(i.on_LED_SlowBlink)
    i.pbChargerFSM                           0x08005314   Section        0  main.o(i.pbChargerFSM)
    i.prveMBError2Exception                  0x08005420   Section        0  mbutils.o(i.prveMBError2Exception)
    i.xMBUtilGetBits                         0x08005438   Section        0  mbutils.o(i.xMBUtilGetBits)
    .constdata                               0x0800545a   Section      256  smbus.o(.constdata)
    .constdata                               0x0800555a   Section      100  conf_sruct.o(.constdata)
    .constdata                               0x080055be   Section       32  stm32f3xx_hal_rcc.o(.constdata)
    .constdata                               0x080055de   Section       16  system_stm32f3xx.o(.constdata)
    .data                                    0x20000000   Section       32  main.o(.data)
    currentState                             0x20000001   Data           1  main.o(.data)
    last_interval                            0x20000002   Data           1  main.o(.data)
    light                                    0x20000003   Data           1  main.o(.data)
    newtime                                  0x2000000c   Data           4  main.o(.data)
    oldtime                                  0x20000010   Data           4  main.o(.data)
    oldtick                                  0x20000014   Data           4  main.o(.data)
    time                                     0x20000018   Data           4  main.o(.data)
    oldtick                                  0x2000001c   Data           4  main.o(.data)
    .data                                    0x20000020   Section       64  stm32f3xx_it.o(.data)
    averagecount                             0x20000020   Data           2  stm32f3xx_it.o(.data)
    vpanaverage                              0x20000030   Data           4  stm32f3xx_it.o(.data)
    vbataverage                              0x20000034   Data           4  stm32f3xx_it.o(.data)
    ipanaverage                              0x20000038   Data           4  stm32f3xx_it.o(.data)
    ibataverage                              0x2000003c   Data           4  stm32f3xx_it.o(.data)
    ref1average                              0x20000040   Data           4  stm32f3xx_it.o(.data)
    ref2average                              0x20000044   Data           4  stm32f3xx_it.o(.data)
    optimizetime                             0x20000050   Data           4  stm32f3xx_it.o(.data)
    power                                    0x20000058   Data           8  stm32f3xx_it.o(.data)
    .data                                    0x20000060   Section        4  adc.o(.data)
    ADC12_CLK_ENABLED                        0x20000060   Data           4  adc.o(.data)
    .data                                    0x20000064   Section        2  bsp.o(.data)
    .data                                    0x20000066   Section        2  bsp.o(.data)
    .data                                    0x20000068   Section        2  bsp.o(.data)
    .data                                    0x2000006a   Section        2  bsp.o(.data)
    .data                                    0x2000006c   Section       56  bsp.o(.data)
    bridgestate                              0x2000006e   Data           1  bsp.o(.data)
    slowblinkedleds                          0x2000006f   Data           1  bsp.o(.data)
    fastblinkedleds                          0x20000070   Data           1  bsp.o(.data)
    dimmingtarget                            0x20000071   Data           1  bsp.o(.data)
    dimmingactive                            0x20000072   Data           1  bsp.o(.data)
    presencefiltered                         0x2000007c   Data           2  bsp.o(.data)
    fastblinkcounter                         0x20000098   Data           4  bsp.o(.data)
    slowblinkcounter                         0x2000009c   Data           4  bsp.o(.data)
    dimrollingcounter                        0x200000a0   Data           4  bsp.o(.data)
    .data                                    0x200000a4   Section        2  bsp.o(.data)
    .data                                    0x200000a6   Section        2  bsp.o(.data)
    .data                                    0x200000a8   Section       12  smbus.o(.data)
    smbus_cycle_state                        0x200000a8   Data           1  smbus.o(.data)
    index_cmd                                0x200000b0   Data           4  smbus.o(.data)
    .data                                    0x200000b4   Section       12  stm32f3xx_hal.o(.data)
    .data                                    0x200000c0   Section       24  stm32f3xx_hal_hrtim.o(.data)
    TimerIdxToTimerId                        0x200000c0   Data          24  stm32f3xx_hal_hrtim.o(.data)
    .data                                    0x200000d8   Section        4  system_stm32f3xx.o(.data)
    .data                                    0x200000dc   Section      172  mb.o(.data)
    eMBState                                 0x200000dc   Data           1  mb.o(.data)
    ucRcvAddress                             0x200000dd   Data           1  mb.o(.data)
    ucFunctionCode                           0x200000de   Data           1  mb.o(.data)
    eException                               0x200000df   Data           1  mb.o(.data)
    ucMBAddress                              0x200000e0   Data           1  mb.o(.data)
    eMBCurrentMode                           0x200000e1   Data           1  mb.o(.data)
    usLength                                 0x200000e2   Data           2  mb.o(.data)
    ucMBFrame                                0x200000e4   Data           4  mb.o(.data)
    peMBFrameSendCur                         0x200000e8   Data           4  mb.o(.data)
    pvMBFrameStartCur                        0x200000ec   Data           4  mb.o(.data)
    pvMBFrameStopCur                         0x200000f0   Data           4  mb.o(.data)
    peMBFrameReceiveCur                      0x200000f4   Data           4  mb.o(.data)
    pvMBFrameCloseCur                        0x200000f8   Data           4  mb.o(.data)
    xFuncHandlers                            0x20000108   Data         128  mb.o(.data)
    .data                                    0x20000188   Section        2  mbfuncother.o(.data)
    usMBSlaveIDLen                           0x20000188   Data           2  mbfuncother.o(.data)
    .udata                                   0x2000018c   Section        8  main.o(.udata)
    .udata                                   0x20000194   Section        2  main.o(.udata)
    .udata                                   0x20000196   Section        2  main.o(.udata)
    .udata                                   0x20000198   Section        2  main.o(.udata)
    .udata                                   0x2000019a   Section        2  bsp.o(.udata)
    .bss                                     0x2000019c   Section      160  adc.o(.bss)
    .bss                                     0x2000023c   Section      220  hrtim.o(.bss)
    .bss                                     0x20000318   Section      152  tim.o(.bss)
    .bss                                     0x200003b0   Section      156  smbus.o(.bss)
    .bss                                     0x2000044c   Section       32  mbfuncother.o(.bss)
    ucMBSlaveID                              0x2000044c   Data          32  mbfuncother.o(.bss)
    .bss                                     0x2000046c   Section      140  mbrtu_var_1.o(.bss)
    mbDiscreteInputBuf                       0x2000046c   Data          12  mbrtu_var_1.o(.bss)
    mbInputRegBuf                            0x20000478   Data         128  mbrtu_var_1.o(.bss)
    STACK                                    0x200004f8   Section     1024  startup_stm32f334x8.o(STACK)

    Global Symbols

    Symbol Name                              Value     Ov Type        Size  Object(Section)

    BuildAttributes$$THM_ISAv4$E$P$D$K$B$S$7EM$VFPi3$EXTD16$VFPS$VFMA$PE$A:L22UL41UL21$X:L11$S22US41US21$IEEE1$IW$USESV6$~STKCKD$USESV7$~SHL$OSPACE$ROPI$EBA8$MICROLIB$REQ8$PRES8$EABIv2 0x00000000   Number         0  anon$$obj.o ABSOLUTE
    __ARM_use_no_argv                        0x00000000   Number         0  main.o ABSOLUTE
    __cpp_initialize__aeabi_                  - Undefined Weak Reference
    __cxa_finalize                            - Undefined Weak Reference
    _clock_init                               - Undefined Weak Reference
    _microlib_exit                            - Undefined Weak Reference
    __Vectors_Size                           0x00000188   Number         0  startup_stm32f334x8.o ABSOLUTE
    __Vectors                                0x08000000   Data           4  startup_stm32f334x8.o(RESET)
    __Vectors_End                            0x08000188   Data           0  startup_stm32f334x8.o(RESET)
    __main                                   0x08000189   Thumb Code     0  entry.o(.ARM.Collect$$$$00000000)
    _main_stk                                0x08000189   Thumb Code     0  entry2.o(.ARM.Collect$$$$00000001)
    _main_scatterload                        0x0800018d   Thumb Code     0  entry5.o(.ARM.Collect$$$$00000004)
    __main_after_scatterload                 0x08000191   Thumb Code     0  entry5.o(.ARM.Collect$$$$00000004)
    _main_clock                              0x08000191   Thumb Code     0  entry7b.o(.ARM.Collect$$$$00000008)
    _main_cpp_init                           0x08000191   Thumb Code     0  entry8b.o(.ARM.Collect$$$$0000000A)
    _main_init                               0x08000191   Thumb Code     0  entry9a.o(.ARM.Collect$$$$0000000B)
    __rt_final_cpp                           0x08000199   Thumb Code     0  entry10a.o(.ARM.Collect$$$$0000000D)
    __rt_final_exit                          0x08000199   Thumb Code     0  entry11a.o(.ARM.Collect$$$$0000000F)
    Reset_Handler                            0x0800019d   Thumb Code     8  startup_stm32f334x8.o(.text)
    CAN_RX0_IRQHandler                       0x080001b7   Thumb Code     0  startup_stm32f334x8.o(.text)
    CAN_RX1_IRQHandler                       0x080001b7   Thumb Code     0  startup_stm32f334x8.o(.text)
    CAN_SCE_IRQHandler                       0x080001b7   Thumb Code     0  startup_stm32f334x8.o(.text)
    CAN_TX_IRQHandler                        0x080001b7   Thumb Code     0  startup_stm32f334x8.o(.text)
    COMP2_IRQHandler                         0x080001b7   Thumb Code     0  startup_stm32f334x8.o(.text)
    COMP4_6_IRQHandler                       0x080001b7   Thumb Code     0  startup_stm32f334x8.o(.text)
    DMA1_Channel1_IRQHandler                 0x080001b7   Thumb Code     0  startup_stm32f334x8.o(.text)
    DMA1_Channel2_IRQHandler                 0x080001b7   Thumb Code     0  startup_stm32f334x8.o(.text)
    DMA1_Channel3_IRQHandler                 0x080001b7   Thumb Code     0  startup_stm32f334x8.o(.text)
    DMA1_Channel4_IRQHandler                 0x080001b7   Thumb Code     0  startup_stm32f334x8.o(.text)
    DMA1_Channel5_IRQHandler                 0x080001b7   Thumb Code     0  startup_stm32f334x8.o(.text)
    DMA1_Channel6_IRQHandler                 0x080001b7   Thumb Code     0  startup_stm32f334x8.o(.text)
    DMA1_Channel7_IRQHandler                 0x080001b7   Thumb Code     0  startup_stm32f334x8.o(.text)
    EXTI0_IRQHandler                         0x080001b7   Thumb Code     0  startup_stm32f334x8.o(.text)
    EXTI1_IRQHandler                         0x080001b7   Thumb Code     0  startup_stm32f334x8.o(.text)
    EXTI3_IRQHandler                         0x080001b7   Thumb Code     0  startup_stm32f334x8.o(.text)
    EXTI4_IRQHandler                         0x080001b7   Thumb Code     0  startup_stm32f334x8.o(.text)
    FLASH_IRQHandler                         0x080001b7   Thumb Code     0  startup_stm32f334x8.o(.text)
    FPU_IRQHandler                           0x080001b7   Thumb Code     0  startup_stm32f334x8.o(.text)
    HRTIM1_FLT_IRQHandler                    0x080001b7   Thumb Code     0  startup_stm32f334x8.o(.text)
    HRTIM1_TIMA_IRQHandler                   0x080001b7   Thumb Code     0  startup_stm32f334x8.o(.text)
    HRTIM1_TIMB_IRQHandler                   0x080001b7   Thumb Code     0  startup_stm32f334x8.o(.text)
    HRTIM1_TIMC_IRQHandler                   0x080001b7   Thumb Code     0  startup_stm32f334x8.o(.text)
    HRTIM1_TIMD_IRQHandler                   0x080001b7   Thumb Code     0  startup_stm32f334x8.o(.text)
    HRTIM1_TIME_IRQHandler                   0x080001b7   Thumb Code     0  startup_stm32f334x8.o(.text)
    PVD_IRQHandler                           0x080001b7   Thumb Code     0  startup_stm32f334x8.o(.text)
    RTC_Alarm_IRQHandler                     0x080001b7   Thumb Code     0  startup_stm32f334x8.o(.text)
    RTC_WKUP_IRQHandler                      0x080001b7   Thumb Code     0  startup_stm32f334x8.o(.text)
    SPI1_IRQHandler                          0x080001b7   Thumb Code     0  startup_stm32f334x8.o(.text)
    TAMP_STAMP_IRQHandler                    0x080001b7   Thumb Code     0  startup_stm32f334x8.o(.text)
    TIM1_BRK_TIM15_IRQHandler                0x080001b7   Thumb Code     0  startup_stm32f334x8.o(.text)
    TIM1_CC_IRQHandler                       0x080001b7   Thumb Code     0  startup_stm32f334x8.o(.text)
    TIM1_TRG_COM_TIM17_IRQHandler            0x080001b7   Thumb Code     0  startup_stm32f334x8.o(.text)
    TIM1_UP_TIM16_IRQHandler                 0x080001b7   Thumb Code     0  startup_stm32f334x8.o(.text)
    TIM7_DAC2_IRQHandler                     0x080001b7   Thumb Code     0  startup_stm32f334x8.o(.text)
    USART2_IRQHandler                        0x080001b7   Thumb Code     0  startup_stm32f334x8.o(.text)
    USART3_IRQHandler                        0x080001b7   Thumb Code     0  startup_stm32f334x8.o(.text)
    WWDG_IRQHandler                          0x080001b7   Thumb Code     0  startup_stm32f334x8.o(.text)
    __aeabi_uldivmod                         0x080001c1   Thumb Code    98  uldiv.o(.text)
    __aeabi_llsr                             0x08000223   Thumb Code    32  llushr.o(.text)
    _ll_ushift_r                             0x08000223   Thumb Code     0  llushr.o(.text)
    __aeabi_memcpy                           0x08000243   Thumb Code    36  memcpya.o(.text)
    __aeabi_memcpy4                          0x08000243   Thumb Code     0  memcpya.o(.text)
    __aeabi_memcpy8                          0x08000243   Thumb Code     0  memcpya.o(.text)
    __aeabi_ui2d                             0x08000267   Thumb Code    26  dfltui.o(.text)
    __aeabi_cdrcmple                         0x08000281   Thumb Code    48  cdrcmple.o(.text)
    __aeabi_llsl                             0x080002b1   Thumb Code    30  llshl.o(.text)
    _ll_shift_l                              0x080002b1   Thumb Code     0  llshl.o(.text)
    __I$use$fp                               0x080002cf   Thumb Code     0  iusefp.o(.text)
    _double_round                            0x080002cf   Thumb Code    30  depilogue.o(.text)
    _double_epilogue                         0x080002ed   Thumb Code   156  depilogue.o(.text)
    __scatterload                            0x08000389   Thumb Code    28  init.o(.text)
    __scatterload_rt2                        0x08000389   Thumb Code     0  init.o(.text)
    __decompress                             0x080003ad   Thumb Code     0  __dczerorl2.o(.text)
    __decompress1                            0x080003ad   Thumb Code    86  __dczerorl2.o(.text)
    ADC1_2_IRQHandler                        0x08000405   Thumb Code   202  stm32f3xx_it.o(i.ADC1_2_IRQHandler)
    BSP_ELC_SetState                         0x080005b9   Thumb Code    34  bsp.o(i.BSP_ELC_SetState)
    BSP_ELC_State                            0x080005e5   Thumb Code     6  bsp.o(i.BSP_ELC_State)
    BSP_ExecuteControl                       0x080005f1   Thumb Code   304  main.o(i.BSP_ExecuteControl)
    BSP_FBC_CutGearNumber                    0x08000741   Thumb Code    28  bsp.o(i.BSP_FBC_CutGearNumber)
    BSP_FBC_Reset                            0x08000761   Thumb Code    30  bsp.o(i.BSP_FBC_Reset)
    BSP_FBC_SetDutyCycles                    0x08000785   Thumb Code   150  bsp.o(i.BSP_FBC_SetDutyCycles)
    BSP_FBC_SetGearNumber                    0x08000825   Thumb Code   102  bsp.o(i.BSP_FBC_SetGearNumber)
    BSP_FBC_SetState                         0x08000899   Thumb Code    42  bsp.o(i.BSP_FBC_SetState)
    BSP_FBC_State                            0x080008d1   Thumb Code     6  bsp.o(i.BSP_FBC_State)
    BSP_Init                                 0x080008dd   Thumb Code    92  bsp.o(i.BSP_Init)
    BSP_LDC_SetState                         0x08000949   Thumb Code    40  bsp.o(i.BSP_LDC_SetState)
    BSP_LDC_State                            0x0800097d   Thumb Code     6  bsp.o(i.BSP_LDC_State)
    BSP_Reset                                0x08000989   Thumb Code    26  bsp.o(i.BSP_Reset)
    BusFault_Handler                         0x080009ad   Thumb Code     4  stm32f3xx_it.o(i.BusFault_Handler)
    DebugMon_Handler                         0x080009b1   Thumb Code     4  stm32f3xx_it.o(i.DebugMon_Handler)
    EXTI15_10_IRQHandler                     0x080009b5   Thumb Code    30  stm32f3xx_it.o(i.EXTI15_10_IRQHandler)
    EXTI2_TSC_IRQHandler                     0x080009d3   Thumb Code     6  stm32f3xx_it.o(i.EXTI2_TSC_IRQHandler)
    EXTI9_5_IRQHandler                       0x080009d9   Thumb Code     6  stm32f3xx_it.o(i.EXTI9_5_IRQHandler)
    HAL_ADCEx_Calibration_Start              0x080009e1   Thumb Code   150  stm32f3xx_hal_adc_ex.o(i.HAL_ADCEx_Calibration_Start)
    HAL_ADCEx_InjectedConfigChannel          0x08000a79   Thumb Code   978  stm32f3xx_hal_adc_ex.o(i.HAL_ADCEx_InjectedConfigChannel)
    HAL_ADCEx_InjectedConvCpltCallback       0x08000e65   Thumb Code     2  stm32f3xx_hal_adc_ex.o(i.HAL_ADCEx_InjectedConvCpltCallback)
    HAL_ADCEx_InjectedQueueOverflowCallback  0x08000e67   Thumb Code     2  stm32f3xx_hal_adc_ex.o(i.HAL_ADCEx_InjectedQueueOverflowCallback)
    HAL_ADCEx_InjectedStart_IT               0x08000e69   Thumb Code   224  stm32f3xx_hal_adc_ex.o(i.HAL_ADCEx_InjectedStart_IT)
    HAL_ADCEx_LevelOutOfWindow2Callback      0x08000f49   Thumb Code     2  stm32f3xx_hal_adc_ex.o(i.HAL_ADCEx_LevelOutOfWindow2Callback)
    HAL_ADCEx_LevelOutOfWindow3Callback      0x08000f4b   Thumb Code     2  stm32f3xx_hal_adc_ex.o(i.HAL_ADCEx_LevelOutOfWindow3Callback)
    HAL_ADCEx_MultiModeConfigChannel         0x08000f4d   Thumb Code   214  stm32f3xx_hal_adc_ex.o(i.HAL_ADCEx_MultiModeConfigChannel)
    HAL_ADC_ConvCpltCallback                 0x0800102d   Thumb Code     2  stm32f3xx_hal_adc.o(i.HAL_ADC_ConvCpltCallback)
    HAL_ADC_ErrorCallback                    0x0800102f   Thumb Code     2  stm32f3xx_hal_adc.o(i.HAL_ADC_ErrorCallback)
    HAL_ADC_IRQHandler                       0x08001031   Thumb Code   612  stm32f3xx_hal_adc_ex.o(i.HAL_ADC_IRQHandler)
    HAL_ADC_Init                             0x08001299   Thumb Code   460  stm32f3xx_hal_adc_ex.o(i.HAL_ADC_Init)
    HAL_ADC_LevelOutOfWindowCallback         0x0800147d   Thumb Code     2  stm32f3xx_hal_adc.o(i.HAL_ADC_LevelOutOfWindowCallback)
    HAL_ADC_MspInit                          0x08001481   Thumb Code   160  adc.o(i.HAL_ADC_MspInit)
    HAL_GPIO_EXTI_Callback                   0x08001535   Thumb Code    76  bsp.o(i.HAL_GPIO_EXTI_Callback)
    HAL_GPIO_EXTI_IRQHandler                 0x08001595   Thumb Code    18  stm32f3xx_hal_gpio.o(i.HAL_GPIO_EXTI_IRQHandler)
    HAL_GPIO_Init                            0x080015ad   Thumb Code   396  stm32f3xx_hal_gpio.o(i.HAL_GPIO_Init)
    HAL_GPIO_ReadPin                         0x08001751   Thumb Code    10  stm32f3xx_hal_gpio.o(i.HAL_GPIO_ReadPin)
    HAL_GPIO_TogglePin                       0x0800175b   Thumb Code    16  stm32f3xx_hal_gpio.o(i.HAL_GPIO_TogglePin)
    HAL_GPIO_WritePin                        0x0800176b   Thumb Code    10  stm32f3xx_hal_gpio.o(i.HAL_GPIO_WritePin)
    HAL_GetTick                              0x08001775   Thumb Code     6  stm32f3xx_hal.o(i.HAL_GetTick)
    HAL_HRTIM_ADCTriggerConfig               0x08001781   Thumb Code   190  stm32f3xx_hal_hrtim.o(i.HAL_HRTIM_ADCTriggerConfig)
    HAL_HRTIM_BurstModePeriodCallback        0x0800183f   Thumb Code     2  stm32f3xx_hal_hrtim.o(i.HAL_HRTIM_BurstModePeriodCallback)
    HAL_HRTIM_Capture1EventCallback          0x08001841   Thumb Code     2  stm32f3xx_hal_hrtim.o(i.HAL_HRTIM_Capture1EventCallback)
    HAL_HRTIM_Capture2EventCallback          0x08001843   Thumb Code     2  stm32f3xx_hal_hrtim.o(i.HAL_HRTIM_Capture2EventCallback)
    HAL_HRTIM_Compare1EventCallback          0x08001845   Thumb Code     2  stm32f3xx_hal_hrtim.o(i.HAL_HRTIM_Compare1EventCallback)
    HAL_HRTIM_Compare2EventCallback          0x08001847   Thumb Code     2  stm32f3xx_hal_hrtim.o(i.HAL_HRTIM_Compare2EventCallback)
    HAL_HRTIM_Compare3EventCallback          0x08001849   Thumb Code     2  stm32f3xx_hal_hrtim.o(i.HAL_HRTIM_Compare3EventCallback)
    HAL_HRTIM_Compare4EventCallback          0x0800184b   Thumb Code     2  stm32f3xx_hal_hrtim.o(i.HAL_HRTIM_Compare4EventCallback)
    HAL_HRTIM_CounterResetCallback           0x0800184d   Thumb Code     2  stm32f3xx_hal_hrtim.o(i.HAL_HRTIM_CounterResetCallback)
    HAL_HRTIM_DLLCalibrationReadyCallback    0x0800184f   Thumb Code     2  stm32f3xx_hal_hrtim.o(i.HAL_HRTIM_DLLCalibrationReadyCallback)
    HAL_HRTIM_DLLCalibrationStart            0x08001851   Thumb Code    98  stm32f3xx_hal_hrtim.o(i.HAL_HRTIM_DLLCalibrationStart)
    HAL_HRTIM_DeadTimeConfig                 0x080018b5   Thumb Code   136  stm32f3xx_hal_hrtim.o(i.HAL_HRTIM_DeadTimeConfig)
    HAL_HRTIM_DelayedProtectionCallback      0x08001941   Thumb Code     2  stm32f3xx_hal_hrtim.o(i.HAL_HRTIM_DelayedProtectionCallback)
    HAL_HRTIM_Fault1Callback                 0x08001943   Thumb Code     2  stm32f3xx_hal_hrtim.o(i.HAL_HRTIM_Fault1Callback)
    HAL_HRTIM_Fault2Callback                 0x08001945   Thumb Code     2  stm32f3xx_hal_hrtim.o(i.HAL_HRTIM_Fault2Callback)
    HAL_HRTIM_Fault3Callback                 0x08001947   Thumb Code     2  stm32f3xx_hal_hrtim.o(i.HAL_HRTIM_Fault3Callback)
    HAL_HRTIM_Fault4Callback                 0x08001949   Thumb Code     2  stm32f3xx_hal_hrtim.o(i.HAL_HRTIM_Fault4Callback)
    HAL_HRTIM_Fault5Callback                 0x0800194b   Thumb Code     2  stm32f3xx_hal_hrtim.o(i.HAL_HRTIM_Fault5Callback)
    HAL_HRTIM_IRQHandler                     0x0800194d   Thumb Code    20  stm32f3xx_hal_hrtim.o(i.HAL_HRTIM_IRQHandler)
    HAL_HRTIM_Init                           0x08001961   Thumb Code   180  stm32f3xx_hal_hrtim.o(i.HAL_HRTIM_Init)
    HAL_HRTIM_MspInit                        0x08001a1d   Thumb Code    50  hrtim.o(i.HAL_HRTIM_MspInit)
    HAL_HRTIM_MspPostInit                    0x08001a59   Thumb Code    56  hrtim.o(i.HAL_HRTIM_MspPostInit)
    HAL_HRTIM_Output1ResetCallback           0x08001a99   Thumb Code     2  stm32f3xx_hal_hrtim.o(i.HAL_HRTIM_Output1ResetCallback)
    HAL_HRTIM_Output1SetCallback             0x08001a9b   Thumb Code     2  stm32f3xx_hal_hrtim.o(i.HAL_HRTIM_Output1SetCallback)
    HAL_HRTIM_Output2ResetCallback           0x08001a9d   Thumb Code     2  stm32f3xx_hal_hrtim.o(i.HAL_HRTIM_Output2ResetCallback)
    HAL_HRTIM_Output2SetCallback             0x08001a9f   Thumb Code     2  stm32f3xx_hal_hrtim.o(i.HAL_HRTIM_Output2SetCallback)
    HAL_HRTIM_PollForDLLCalibration          0x08001aa1   Thumb Code    66  stm32f3xx_hal_hrtim.o(i.HAL_HRTIM_PollForDLLCalibration)
    HAL_HRTIM_RegistersUpdateCallback        0x08001ae3   Thumb Code     2  stm32f3xx_hal_hrtim.o(i.HAL_HRTIM_RegistersUpdateCallback)
    HAL_HRTIM_RepetitionEventCallback        0x08001ae5   Thumb Code     2  stm32f3xx_hal_hrtim.o(i.HAL_HRTIM_RepetitionEventCallback)
    HAL_HRTIM_SynchronizationEventCallback   0x08001ae7   Thumb Code     2  stm32f3xx_hal_hrtim.o(i.HAL_HRTIM_SynchronizationEventCallback)
    HAL_HRTIM_SystemFaultCallback            0x08001ae9   Thumb Code     2  stm32f3xx_hal_hrtim.o(i.HAL_HRTIM_SystemFaultCallback)
    HAL_HRTIM_TimeBaseConfig                 0x08001aeb   Thumb Code   122  stm32f3xx_hal_hrtim.o(i.HAL_HRTIM_TimeBaseConfig)
    HAL_HRTIM_WaveformCompareConfig          0x08001b65   Thumb Code   308  stm32f3xx_hal_hrtim.o(i.HAL_HRTIM_WaveformCompareConfig)
    HAL_HRTIM_WaveformCountStart_IT          0x08001c99   Thumb Code   128  stm32f3xx_hal_hrtim.o(i.HAL_HRTIM_WaveformCountStart_IT)
    HAL_HRTIM_WaveformOutputConfig           0x08001d1d   Thumb Code    54  stm32f3xx_hal_hrtim.o(i.HAL_HRTIM_WaveformOutputConfig)
    HAL_HRTIM_WaveformOutputStart            0x08001d53   Thumb Code    48  stm32f3xx_hal_hrtim.o(i.HAL_HRTIM_WaveformOutputStart)
    HAL_HRTIM_WaveformOutputStop             0x08001d83   Thumb Code    48  stm32f3xx_hal_hrtim.o(i.HAL_HRTIM_WaveformOutputStop)
    HAL_HRTIM_WaveformTimerConfig            0x08001db3   Thumb Code   186  stm32f3xx_hal_hrtim.o(i.HAL_HRTIM_WaveformTimerConfig)
    HAL_IncTick                              0x08001e6d   Thumb Code    12  stm32f3xx_hal.o(i.HAL_IncTick)
    HAL_Init                                 0x08001e7d   Thumb Code    32  stm32f3xx_hal.o(i.HAL_Init)
    HAL_InitTick                             0x08001ea1   Thumb Code    54  stm32f3xx_hal.o(i.HAL_InitTick)
    HAL_MspInit                              0x08001ee1   Thumb Code    38  stm32f3xx_hal_msp.o(i.HAL_MspInit)
    HAL_NVIC_EnableIRQ                       0x08001f0d   Thumb Code    26  stm32f3xx_hal_cortex.o(i.HAL_NVIC_EnableIRQ)
    HAL_NVIC_SetPriority                     0x08001f29   Thumb Code    60  stm32f3xx_hal_cortex.o(i.HAL_NVIC_SetPriority)
    HAL_NVIC_SetPriorityGrouping             0x08001f69   Thumb Code    26  stm32f3xx_hal_cortex.o(i.HAL_NVIC_SetPriorityGrouping)
    HAL_RCCEx_PeriphCLKConfig                0x08001f8d   Thumb Code   378  stm32f3xx_hal_rcc_ex.o(i.HAL_RCCEx_PeriphCLKConfig)
    HAL_RCC_ClockConfig                      0x08002115   Thumb Code   308  stm32f3xx_hal_rcc.o(i.HAL_RCC_ClockConfig)
    HAL_RCC_GetHCLKFreq                      0x0800225d   Thumb Code     6  stm32f3xx_hal_rcc.o(i.HAL_RCC_GetHCLKFreq)
    HAL_RCC_GetSysClockFreq                  0x08002269   Thumb Code    92  stm32f3xx_hal_rcc.o(i.HAL_RCC_GetSysClockFreq)
    HAL_RCC_OscConfig                        0x080022d5   Thumb Code  1480  stm32f3xx_hal_rcc.o(i.HAL_RCC_OscConfig)
    HAL_SMBUS_AddrCallback                   0x0800289d   Thumb Code     2  stm32f3xx_hal_smbus.o(i.HAL_SMBUS_AddrCallback)
    HAL_SMBUS_ER_IRQHandler                  0x0800289f   Thumb Code     4  stm32f3xx_hal_smbus.o(i.HAL_SMBUS_ER_IRQHandler)
    HAL_SMBUS_EV_IRQHandler                  0x080028a3   Thumb Code   186  stm32f3xx_hal_smbus.o(i.HAL_SMBUS_EV_IRQHandler)
    HAL_SMBUS_ErrorCallback                  0x0800295d   Thumb Code     2  stm32f3xx_hal_smbus.o(i.HAL_SMBUS_ErrorCallback)
    HAL_SMBUS_GetState                       0x0800295f   Thumb Code     4  stm32f3xx_hal_smbus.o(i.HAL_SMBUS_GetState)
    HAL_SMBUS_ListenCpltCallback             0x08002963   Thumb Code     2  stm32f3xx_hal_smbus.o(i.HAL_SMBUS_ListenCpltCallback)
    HAL_SMBUS_MasterRxCpltCallback           0x08002965   Thumb Code     2  stm32f3xx_hal_smbus.o(i.HAL_SMBUS_MasterRxCpltCallback)
    HAL_SMBUS_MasterTxCpltCallback           0x08002967   Thumb Code     2  stm32f3xx_hal_smbus.o(i.HAL_SMBUS_MasterTxCpltCallback)
    HAL_SMBUS_Master_Receive_IT              0x08002969   Thumb Code   176  stm32f3xx_hal_smbus.o(i.HAL_SMBUS_Master_Receive_IT)
    HAL_SMBUS_Master_Transmit_IT             0x08002a1d   Thumb Code   204  stm32f3xx_hal_smbus.o(i.HAL_SMBUS_Master_Transmit_IT)
    HAL_SMBUS_SlaveRxCpltCallback            0x08002aed   Thumb Code     2  stm32f3xx_hal_smbus.o(i.HAL_SMBUS_SlaveRxCpltCallback)
    HAL_SMBUS_SlaveTxCpltCallback            0x08002aef   Thumb Code     2  stm32f3xx_hal_smbus.o(i.HAL_SMBUS_SlaveTxCpltCallback)
    HAL_SYSTICK_CLKSourceConfig              0x08002af1   Thumb Code    24  stm32f3xx_hal_cortex.o(i.HAL_SYSTICK_CLKSourceConfig)
    HAL_SYSTICK_Callback                     0x08002b09   Thumb Code     2  stm32f3xx_hal_cortex.o(i.HAL_SYSTICK_Callback)
    HAL_SYSTICK_Config                       0x08002b0b   Thumb Code    40  stm32f3xx_hal_cortex.o(i.HAL_SYSTICK_Config)
    HAL_SYSTICK_IRQHandler                   0x08002b33   Thumb Code     8  stm32f3xx_hal_cortex.o(i.HAL_SYSTICK_IRQHandler)
    HAL_TIMEx_Break2Callback                 0x08002b3b   Thumb Code     2  stm32f3xx_hal_tim_ex.o(i.HAL_TIMEx_Break2Callback)
    HAL_TIMEx_BreakCallback                  0x08002b3d   Thumb Code     2  stm32f3xx_hal_tim_ex.o(i.HAL_TIMEx_BreakCallback)
    HAL_TIMEx_CommutCallback                 0x08002b3f   Thumb Code     2  stm32f3xx_hal_tim_ex.o(i.HAL_TIMEx_CommutCallback)
    HAL_TIMEx_MasterConfigSynchronization    0x08002b41   Thumb Code   104  stm32f3xx_hal_tim_ex.o(i.HAL_TIMEx_MasterConfigSynchronization)
    HAL_TIM_Base_Init                        0x08002bb5   Thumb Code    98  stm32f3xx_hal_tim.o(i.HAL_TIM_Base_Init)
    HAL_TIM_Base_MspInit                     0x08002c19   Thumb Code   116  tim.o(i.HAL_TIM_Base_MspInit)
    HAL_TIM_Base_Start_IT                    0x08002c9d   Thumb Code    82  stm32f3xx_hal_tim.o(i.HAL_TIM_Base_Start_IT)
    HAL_TIM_Base_Stop_IT                     0x08002d01   Thumb Code    48  stm32f3xx_hal_tim.o(i.HAL_TIM_Base_Stop_IT)
    HAL_TIM_ConfigClockSource                0x08002d31   Thumb Code   214  stm32f3xx_hal_tim.o(i.HAL_TIM_ConfigClockSource)
    HAL_TIM_IC_CaptureCallback               0x08002e0d   Thumb Code     2  stm32f3xx_hal_tim.o(i.HAL_TIM_IC_CaptureCallback)
    HAL_TIM_IRQHandler                       0x08002e0f   Thumb Code   388  stm32f3xx_hal_tim.o(i.HAL_TIM_IRQHandler)
    HAL_TIM_OC_DelayElapsedCallback          0x08002f93   Thumb Code     2  stm32f3xx_hal_tim.o(i.HAL_TIM_OC_DelayElapsedCallback)
    HAL_TIM_PWM_ConfigChannel                0x08002f95   Thumb Code   286  stm32f3xx_hal_tim.o(i.HAL_TIM_PWM_ConfigChannel)
    HAL_TIM_PWM_Init                         0x080030b3   Thumb Code    98  stm32f3xx_hal_tim.o(i.HAL_TIM_PWM_Init)
    HAL_TIM_PWM_MspInit                      0x08003115   Thumb Code     2  stm32f3xx_hal_tim.o(i.HAL_TIM_PWM_MspInit)
    HAL_TIM_PWM_PulseFinishedCallback        0x08003119   Thumb Code   148  bsp.o(i.HAL_TIM_PWM_PulseFinishedCallback)
    HAL_TIM_PWM_Start_IT                     0x080031bd   Thumb Code   242  stm32f3xx_hal_tim.o(i.HAL_TIM_PWM_Start_IT)
    HAL_TIM_PeriodElapsedCallback            0x080032c9   Thumb Code     2  stm32f3xx_hal_tim.o(i.HAL_TIM_PeriodElapsedCallback)
    HAL_TIM_TriggerCallback                  0x080032cb   Thumb Code     2  stm32f3xx_hal_tim.o(i.HAL_TIM_TriggerCallback)
    HRTIM1_Master_IRQHandler                 0x080032cd   Thumb Code   532  stm32f3xx_it.o(i.HRTIM1_Master_IRQHandler)
    HardFault_Handler                        0x08003b57   Thumb Code     4  stm32f3xx_it.o(i.HardFault_Handler)
    I2C1_ER_IRQHandler                       0x08003b5d   Thumb Code     6  stm32f3xx_it.o(i.I2C1_ER_IRQHandler)
    I2C1_EV_IRQHandler                       0x08003b69   Thumb Code     6  stm32f3xx_it.o(i.I2C1_EV_IRQHandler)
    MX_ADC1_Init                             0x08003b75   Thumb Code   164  adc.o(i.MX_ADC1_Init)
    MX_ADC2_Init                             0x08003c1d   Thumb Code   146  adc.o(i.MX_ADC2_Init)
    MX_GPIO_Init                             0x08003cb9   Thumb Code   298  gpio.o(i.MX_GPIO_Init)
    MX_HRTIM1_Init                           0x08003dfd   Thumb Code   354  hrtim.o(i.MX_HRTIM1_Init)
    MX_TIM3_Init                             0x08003f69   Thumb Code    86  tim.o(i.MX_TIM3_Init)
    MX_TIM6_Init                             0x08003fc9   Thumb Code    78  tim.o(i.MX_TIM6_Init)
    MemManage_Handler                        0x08004021   Thumb Code     4  stm32f3xx_it.o(i.MemManage_Handler)
    NMI_Handler                              0x08004025   Thumb Code     4  stm32f3xx_it.o(i.NMI_Handler)
    PendSV_Handler                           0x08004029   Thumb Code     4  stm32f3xx_it.o(i.PendSV_Handler)
    RCC_IRQHandler                           0x0800402d   Thumb Code     4  stm32f3xx_it.o(i.RCC_IRQHandler)
    SMBUS_task_cycle                         0x08004601   Thumb Code   308  smbus.o(i.SMBUS_task_cycle)
    SVC_Handler                              0x0800473d   Thumb Code     4  stm32f3xx_it.o(i.SVC_Handler)
    SysTick_Handler                          0x080047fd   Thumb Code    14  stm32f3xx_it.o(i.SysTick_Handler)
    SystemClock_Config                       0x0800480b   Thumb Code   106  main.o(i.SystemClock_Config)
    SystemInit                               0x08004875   Thumb Code    12  system_stm32f3xx.o(i.SystemInit)
    TIM2_IRQHandler                          0x08004885   Thumb Code    24  porttimer.o(i.TIM2_IRQHandler)
    TIM3_IRQHandler                          0x080048a1   Thumb Code     6  stm32f3xx_it.o(i.TIM3_IRQHandler)
    TIM6_DAC1_IRQHandler                     0x080048ad   Thumb Code    32  stm32f3xx_it.o(i.TIM6_DAC1_IRQHandler)
    TIM_Base_SetConfig                       0x080048d5   Thumb Code   114  stm32f3xx_hal_tim.o(i.TIM_Base_SetConfig)
    TIM_CCxChannelCmd                        0x0800495d   Thumb Code    26  stm32f3xx_hal_tim.o(i.TIM_CCxChannelCmd)
    TIM_ETR_SetConfig                        0x08004977   Thumb Code    20  stm32f3xx_hal_tim.o(i.TIM_ETR_SetConfig)
    TIM_OC2_SetConfig                        0x08004a25   Thumb Code   108  stm32f3xx_hal_tim.o(i.TIM_OC2_SetConfig)
    USART1_IRQHandler                        0x08004ca5   Thumb Code    64  portserial.o(i.USART1_IRQHandler)
    UsageFault_Handler                       0x08004cf1   Thumb Code     4  stm32f3xx_it.o(i.UsageFault_Handler)
    __scatterload_copy                       0x08004d15   Thumb Code    14  handlers.o(i.__scatterload_copy)
    __scatterload_null                       0x08004d23   Thumb Code     2  handlers.o(i.__scatterload_null)
    __scatterload_zeroinit                   0x08004d25   Thumb Code    14  handlers.o(i.__scatterload_zeroinit)
    calc_crc8                                0x08004d35   Thumb Code    30  smbus.o(i.calc_crc8)
    eMBFuncReadCoils                         0x08004d59   Thumb Code   114  mbfunccoils.o(i.eMBFuncReadCoils)
    eMBFuncReadDiscreteInputs                0x08004dcb   Thumb Code   114  mbfuncdisc.o(i.eMBFuncReadDiscreteInputs)
    eMBFuncReadHoldingRegister               0x08004e3d   Thumb Code    94  mbfuncholding.o(i.eMBFuncReadHoldingRegister)
    eMBFuncReadInputRegister                 0x08004e9b   Thumb Code    98  mbfuncinput.o(i.eMBFuncReadInputRegister)
    eMBFuncReadWriteMultipleHoldingRegister  0x08004efd   Thumb Code   156  mbfuncholding.o(i.eMBFuncReadWriteMultipleHoldingRegister)
    eMBFuncReportSlaveID                     0x08004f99   Thumb Code    26  mbfuncother.o(i.eMBFuncReportSlaveID)
    eMBFuncWriteCoil                         0x08004fbd   Thumb Code    86  mbfunccoils.o(i.eMBFuncWriteCoil)
    eMBFuncWriteHoldingRegister              0x08005013   Thumb Code    50  mbfuncholding.o(i.eMBFuncWriteHoldingRegister)
    eMBFuncWriteMultipleCoils                0x08005045   Thumb Code   100  mbfunccoils.o(i.eMBFuncWriteMultipleCoils)
    eMBFuncWriteMultipleHoldingRegister      0x080050a9   Thumb Code    78  mbfuncholding.o(i.eMBFuncWriteMultipleHoldingRegister)
    eMBRegCoilsCB                            0x080050f7   Thumb Code     4  mbrtu_var_1.o(i.eMBRegCoilsCB)
    eMBRegDiscreteCB                         0x080050fd   Thumb Code    76  mbrtu_var_1.o(i.eMBRegDiscreteCB)
    eMBRegHoldingCB                          0x0800514d   Thumb Code     4  mbrtu_var_1.o(i.eMBRegHoldingCB)
    eMBRegInputCB                            0x08005151   Thumb Code    52  mbrtu_var_1.o(i.eMBRegInputCB)
    main                                     0x08005189   Thumb Code    46  main.o(i.main)
    on_Dim_Rolling                           0x080051bd   Thumb Code   128  bsp.o(i.on_Dim_Rolling)
    on_LED_FastBlink                         0x0800524d   Thumb Code    92  bsp.o(i.on_LED_FastBlink)
    on_LED_SlowBlink                         0x080052b1   Thumb Code    92  bsp.o(i.on_LED_SlowBlink)
    pbChargerFSM                             0x08005315   Thumb Code   232  main.o(i.pbChargerFSM)
    prveMBError2Exception                    0x08005421   Thumb Code    24  mbutils.o(i.prveMBError2Exception)
    xMBUtilGetBits                           0x08005439   Thumb Code    34  mbutils.o(i.xMBUtilGetBits)
    table_crc8                               0x0800545a   Data         256  smbus.o(.constdata)
    conf                                     0x0800555a   Data         100  conf_sruct.o(.constdata)
    aPLLMULFactorTable                       0x080055be   Data          16  stm32f3xx_hal_rcc.o(.constdata)
    aPredivFactorTable                       0x080055ce   Data          16  stm32f3xx_hal_rcc.o(.constdata)
    AHBPrescTable                            0x080055de   Data          16  system_stm32f3xx.o(.constdata)
    Region$$Table$$Base                      0x080055f0   Number         0  anon$$obj.o(Region$$Table)
    Region$$Table$$Limit                     0x08005610   Number         0  anon$$obj.o(Region$$Table)
    pbChargerEn                              0x20000000   Data           1  main.o(.data)
    ch_state                                 0x20000004   Data           1  main.o(.data)
    _srom_crc                                0x20000005   Data           1  main.o(.data)
    _erom_crc                                0x20000006   Data           1  main.o(.data)
    _sidata                                  0x20000007   Data           1  main.o(.data)
    _sdata                                   0x20000008   Data           1  main.o(.data)
    _edata                                   0x20000009   Data           1  main.o(.data)
    VbatConversion_volt                      0x2000000a   Data           2  main.o(.data)
    minutesCnt                               0x20000022   Data           2  stm32f3xx_it.o(.data)
    StoppingTimeout                          0x20000024   Data           4  stm32f3xx_it.o(.data)
    OverloadTimeout                          0x20000028   Data           4  stm32f3xx_it.o(.data)
    PowerLimitation                          0x2000002c   Data           4  stm32f3xx_it.o(.data)
    adc_data                                 0x20000048   Data           4  stm32f3xx_it.o(.data)
    adc_volt                                 0x2000004c   Data           4  stm32f3xx_it.o(.data)
    BatCurrentLimit                          0x20000064   Data           2  bsp.o(.data)
    BatVoltageLimit                          0x20000066   Data           2  bsp.o(.data)
    Ref1Conversion                           0x20000068   Data           2  bsp.o(.data)
    Ref2Conversion                           0x2000006a   Data           2  bsp.o(.data)
    AlightStateLevel                         0x2000006c   Data           1  bsp.o(.data)
    DimmedStateLevel                         0x2000006d   Data           1  bsp.o(.data)
    VpanConversion                           0x20000074   Data           2  bsp.o(.data)
    VbatConversion                           0x20000076   Data           2  bsp.o(.data)
    LastStepOptimize                         0x20000078   Data           2  bsp.o(.data)
    PanelVoltageMPPT                         0x2000007a   Data           2  bsp.o(.data)
    BridgeGearNumber                         0x20000080   Data           4  bsp.o(.data)
    DimmingDutyCycle                         0x20000084   Data           4  bsp.o(.data)
    LastPowerOfPanel                         0x20000088   Data           4  bsp.o(.data)
    SysSharedTimeout                         0x2000008c   Data           4  bsp.o(.data)
    SysBridgeTimeout                         0x20000090   Data           4  bsp.o(.data)
    PresenceDetector                         0x20000094   Data           4  bsp.o(.data)
    IpanConversion                           0x200000a4   Data           2  bsp.o(.data)
    IbatConversion                           0x200000a6   Data           2  bsp.o(.data)
    Voltage                                  0x200000aa   Data           2  smbus.o(.data)
    Current                                  0x200000ac   Data           2  smbus.o(.data)
    RemainingCapacity                        0x200000ae   Data           2  smbus.o(.data)
    uwTickFreq                               0x200000b4   Data           1  stm32f3xx_hal.o(.data)
    uwTickPrio                               0x200000b8   Data           4  stm32f3xx_hal.o(.data)
    uwTick                                   0x200000bc   Data           4  stm32f3xx_hal.o(.data)
    SystemCoreClock                          0x200000d8   Data           4  system_stm32f3xx.o(.data)
    pxMBFrameCBByteReceived                  0x200000fc   Data           4  mb.o(.data)
    pxMBFrameCBTransmitterEmpty              0x20000100   Data           4  mb.o(.data)
    pxMBPortCBTimerExpired                   0x20000104   Data           4  mb.o(.data)
    udata_SunlightTrigger                    0x2000018c   Data           1  main.o(.udata)
    udata_LongTimeCounter                    0x20000190   Data           4  main.o(.udata)
    udata_OvervoltageResets                  0x20000194   Data           2  main.o(.udata)
    udata_OvercarrentResets                  0x20000196   Data           2  main.o(.udata)
    udata_PowergoodResets                    0x20000198   Data           2  main.o(.udata)
    udata_LightingState                      0x2000019a   Data           1  bsp.o(.udata)
    udata_ExtLoadState                       0x2000019b   Data           1  bsp.o(.udata)
    hadc1                                    0x2000019c   Data          80  adc.o(.bss)
    hadc2                                    0x200001ec   Data          80  adc.o(.bss)
    hhrtim1                                  0x2000023c   Data         220  hrtim.o(.bss)
    htim3                                    0x20000318   Data          76  tim.o(.bss)
    htim6                                    0x20000364   Data          76  tim.o(.bss)
    hsmbus1                                  0x200003b0   Data          80  smbus.o(.bss)
    SBS_Commands                             0x20000400   Data          60  smbus.o(.bss)
    smbusBufRX                               0x2000043c   Data          16  smbus.o(.bss)
    __initial_sp                             0x200008f8   Data           0  startup_stm32f334x8.o(STACK)



==============================================================================

Memory Map of the image

  Image Entry point : 0x08000189

  Load Region LR_IROM1 (Base: 0x08000000, Size: 0x000057ac, Max: 0x00010000, ABSOLUTE, COMPRESSED[0x00005670])

    Execution Region ER_IROM1 (Exec base: 0x08000000, Load base: 0x08000000, Size: 0x00005610, Max: 0x00010000, ABSOLUTE)

    Exec Addr    Load Addr    Size         Type   Attr      Idx    E Section Name        Object

    0x08000000   0x08000000   0x00000188   Data   RO            3    RESET               startup_stm32f334x8.o
    0x08000188   0x08000188   0x00000000   Code   RO         6048  * .ARM.Collect$$$$00000000  mc_w.l(entry.o)
    0x08000188   0x08000188   0x00000004   Code   RO         6071    .ARM.Collect$$$$00000001  mc_w.l(entry2.o)
    0x0800018c   0x0800018c   0x00000004   Code   RO         6074    .ARM.Collect$$$$00000004  mc_w.l(entry5.o)
    0x08000190   0x08000190   0x00000000   Code   RO         6076    .ARM.Collect$$$$00000008  mc_w.l(entry7b.o)
    0x08000190   0x08000190   0x00000000   Code   RO         6078    .ARM.Collect$$$$0000000A  mc_w.l(entry8b.o)
    0x08000190   0x08000190   0x00000008   Code   RO         6079    .ARM.Collect$$$$0000000B  mc_w.l(entry9a.o)
    0x08000198   0x08000198   0x00000000   Code   RO         6081    .ARM.Collect$$$$0000000D  mc_w.l(entry10a.o)
    0x08000198   0x08000198   0x00000000   Code   RO         6083    .ARM.Collect$$$$0000000F  mc_w.l(entry11a.o)
    0x08000198   0x08000198   0x00000004   Code   RO         6072    .ARM.Collect$$$$00002712  mc_w.l(entry2.o)
    0x0800019c   0x0800019c   0x00000024   Code   RO            4    .text               startup_stm32f334x8.o
    0x080001c0   0x080001c0   0x00000062   Code   RO         6051    .text               mc_w.l(uldiv.o)
    0x08000222   0x08000222   0x00000020   Code   RO         6053    .text               mc_w.l(llushr.o)
    0x08000242   0x08000242   0x00000024   Code   RO         6061    .text               mc_w.l(memcpya.o)
    0x08000266   0x08000266   0x0000001a   Code   RO         6067    .text               mf_w.l(dfltui.o)
    0x08000280   0x08000280   0x00000030   Code   RO         6069    .text               mf_w.l(cdrcmple.o)
    0x080002b0   0x080002b0   0x0000001e   Code   RO         6087    .text               mc_w.l(llshl.o)
    0x080002ce   0x080002ce   0x00000000   Code   RO         6089    .text               mc_w.l(iusefp.o)
    0x080002ce   0x080002ce   0x000000ba   Code   RO         6090    .text               mf_w.l(depilogue.o)
    0x08000388   0x08000388   0x00000024   Code   RO         6092    .text               mc_w.l(init.o)
    0x080003ac   0x080003ac   0x00000056   Code   RO         6104    .text               mc_w.l(__dczerorl2.o)
    0x08000402   0x08000402   0x00000002   PAD
    0x08000404   0x08000404   0x000000f0   Code   RO          298    i.ADC1_2_IRQHandler  stm32f3xx_it.o
    0x080004f4   0x080004f4   0x00000062   Code   RO         4170    i.ADC_Disable       stm32f3xx_hal_adc_ex.o
    0x08000556   0x08000556   0x00000002   PAD
    0x08000558   0x08000558   0x00000060   Code   RO         4171    i.ADC_Enable        stm32f3xx_hal_adc_ex.o
    0x080005b8   0x080005b8   0x0000002c   Code   RO          766    i.BSP_ELC_SetState  bsp.o
    0x080005e4   0x080005e4   0x0000000c   Code   RO          767    i.BSP_ELC_State     bsp.o
    0x080005f0   0x080005f0   0x00000150   Code   RO           15    i.BSP_ExecuteControl  main.o
    0x08000740   0x08000740   0x00000020   Code   RO          768    i.BSP_FBC_CutGearNumber  bsp.o
    0x08000760   0x08000760   0x00000024   Code   RO          769    i.BSP_FBC_Reset     bsp.o
    0x08000784   0x08000784   0x000000a0   Code   RO          770    i.BSP_FBC_SetDutyCycles  bsp.o
    0x08000824   0x08000824   0x00000074   Code   RO          771    i.BSP_FBC_SetGearNumber  bsp.o
    0x08000898   0x08000898   0x00000038   Code   RO          772    i.BSP_FBC_SetState  bsp.o
    0x080008d0   0x080008d0   0x0000000c   Code   RO          773    i.BSP_FBC_State     bsp.o
    0x080008dc   0x080008dc   0x0000006c   Code   RO          774    i.BSP_Init          bsp.o
    0x08000948   0x08000948   0x00000034   Code   RO          775    i.BSP_LDC_SetState  bsp.o
    0x0800097c   0x0800097c   0x0000000c   Code   RO          776    i.BSP_LDC_State     bsp.o
    0x08000988   0x08000988   0x00000024   Code   RO          779    i.BSP_Reset         bsp.o
    0x080009ac   0x080009ac   0x00000004   Code   RO          299    i.BusFault_Handler  stm32f3xx_it.o
    0x080009b0   0x080009b0   0x00000004   Code   RO          300    i.DebugMon_Handler  stm32f3xx_it.o
    0x080009b4   0x080009b4   0x0000001e   Code   RO          301    i.EXTI15_10_IRQHandler  stm32f3xx_it.o
    0x080009d2   0x080009d2   0x00000006   Code   RO          302    i.EXTI2_TSC_IRQHandler  stm32f3xx_it.o
    0x080009d8   0x080009d8   0x00000006   Code   RO          303    i.EXTI9_5_IRQHandler  stm32f3xx_it.o
    0x080009de   0x080009de   0x00000002   PAD
    0x080009e0   0x080009e0   0x00000096   Code   RO         4174    i.HAL_ADCEx_Calibration_Start  stm32f3xx_hal_adc_ex.o
    0x08000a76   0x08000a76   0x00000002   PAD
    0x08000a78   0x08000a78   0x000003ec   Code   RO         4175    i.HAL_ADCEx_InjectedConfigChannel  stm32f3xx_hal_adc_ex.o
    0x08000e64   0x08000e64   0x00000002   Code   RO         4176    i.HAL_ADCEx_InjectedConvCpltCallback  stm32f3xx_hal_adc_ex.o
    0x08000e66   0x08000e66   0x00000002   Code   RO         4179    i.HAL_ADCEx_InjectedQueueOverflowCallback  stm32f3xx_hal_adc_ex.o
    0x08000e68   0x08000e68   0x000000e0   Code   RO         4181    i.HAL_ADCEx_InjectedStart_IT  stm32f3xx_hal_adc_ex.o
    0x08000f48   0x08000f48   0x00000002   Code   RO         4184    i.HAL_ADCEx_LevelOutOfWindow2Callback  stm32f3xx_hal_adc_ex.o
    0x08000f4a   0x08000f4a   0x00000002   Code   RO         4185    i.HAL_ADCEx_LevelOutOfWindow3Callback  stm32f3xx_hal_adc_ex.o
    0x08000f4c   0x08000f4c   0x000000e0   Code   RO         4186    i.HAL_ADCEx_MultiModeConfigChannel  stm32f3xx_hal_adc_ex.o
    0x0800102c   0x0800102c   0x00000002   Code   RO         4018    i.HAL_ADC_ConvCpltCallback  stm32f3xx_hal_adc.o
    0x0800102e   0x0800102e   0x00000002   Code   RO         4021    i.HAL_ADC_ErrorCallback  stm32f3xx_hal_adc.o
    0x08001030   0x08001030   0x00000268   Code   RO         4198    i.HAL_ADC_IRQHandler  stm32f3xx_hal_adc_ex.o
    0x08001298   0x08001298   0x000001e4   Code   RO         4199    i.HAL_ADC_Init      stm32f3xx_hal_adc_ex.o
    0x0800147c   0x0800147c   0x00000002   Code   RO         4027    i.HAL_ADC_LevelOutOfWindowCallback  stm32f3xx_hal_adc.o
    0x0800147e   0x0800147e   0x00000002   PAD
    0x08001480   0x08001480   0x000000b4   Code   RO          495    i.HAL_ADC_MspInit   adc.o
    0x08001534   0x08001534   0x00000060   Code   RO          780    i.HAL_GPIO_EXTI_Callback  bsp.o
    0x08001594   0x08001594   0x00000018   Code   RO         2821    i.HAL_GPIO_EXTI_IRQHandler  stm32f3xx_hal_gpio.o
    0x080015ac   0x080015ac   0x000001a4   Code   RO         2822    i.HAL_GPIO_Init     stm32f3xx_hal_gpio.o
    0x08001750   0x08001750   0x0000000a   Code   RO         2824    i.HAL_GPIO_ReadPin  stm32f3xx_hal_gpio.o
    0x0800175a   0x0800175a   0x00000010   Code   RO         2825    i.HAL_GPIO_TogglePin  stm32f3xx_hal_gpio.o
    0x0800176a   0x0800176a   0x0000000a   Code   RO         2826    i.HAL_GPIO_WritePin  stm32f3xx_hal_gpio.o
    0x08001774   0x08001774   0x0000000c   Code   RO         2509    i.HAL_GetTick       stm32f3xx_hal.o
    0x08001780   0x08001780   0x000000be   Code   RO         4431    i.HAL_HRTIM_ADCTriggerConfig  stm32f3xx_hal_hrtim.o
    0x0800183e   0x0800183e   0x00000002   Code   RO         4437    i.HAL_HRTIM_BurstModePeriodCallback  stm32f3xx_hal_hrtim.o
    0x08001840   0x08001840   0x00000002   Code   RO         4439    i.HAL_HRTIM_Capture1EventCallback  stm32f3xx_hal_hrtim.o
    0x08001842   0x08001842   0x00000002   Code   RO         4440    i.HAL_HRTIM_Capture2EventCallback  stm32f3xx_hal_hrtim.o
    0x08001844   0x08001844   0x00000002   Code   RO         4442    i.HAL_HRTIM_Compare1EventCallback  stm32f3xx_hal_hrtim.o
    0x08001846   0x08001846   0x00000002   Code   RO         4443    i.HAL_HRTIM_Compare2EventCallback  stm32f3xx_hal_hrtim.o
    0x08001848   0x08001848   0x00000002   Code   RO         4444    i.HAL_HRTIM_Compare3EventCallback  stm32f3xx_hal_hrtim.o
    0x0800184a   0x0800184a   0x00000002   Code   RO         4445    i.HAL_HRTIM_Compare4EventCallback  stm32f3xx_hal_hrtim.o
    0x0800184c   0x0800184c   0x00000002   Code   RO         4446    i.HAL_HRTIM_CounterResetCallback  stm32f3xx_hal_hrtim.o
    0x0800184e   0x0800184e   0x00000002   Code   RO         4447    i.HAL_HRTIM_DLLCalibrationReadyCallback  stm32f3xx_hal_hrtim.o
    0x08001850   0x08001850   0x00000062   Code   RO         4448    i.HAL_HRTIM_DLLCalibrationStart  stm32f3xx_hal_hrtim.o
    0x080018b2   0x080018b2   0x00000002   PAD
    0x080018b4   0x080018b4   0x0000008c   Code   RO         4451    i.HAL_HRTIM_DeadTimeConfig  stm32f3xx_hal_hrtim.o
    0x08001940   0x08001940   0x00000002   Code   RO         4452    i.HAL_HRTIM_DelayedProtectionCallback  stm32f3xx_hal_hrtim.o
    0x08001942   0x08001942   0x00000002   Code   RO         4456    i.HAL_HRTIM_Fault1Callback  stm32f3xx_hal_hrtim.o
    0x08001944   0x08001944   0x00000002   Code   RO         4457    i.HAL_HRTIM_Fault2Callback  stm32f3xx_hal_hrtim.o
    0x08001946   0x08001946   0x00000002   Code   RO         4458    i.HAL_HRTIM_Fault3Callback  stm32f3xx_hal_hrtim.o
    0x08001948   0x08001948   0x00000002   Code   RO         4459    i.HAL_HRTIM_Fault4Callback  stm32f3xx_hal_hrtim.o
    0x0800194a   0x0800194a   0x00000002   Code   RO         4460    i.HAL_HRTIM_Fault5Callback  stm32f3xx_hal_hrtim.o
    0x0800194c   0x0800194c   0x00000014   Code   RO         4470    i.HAL_HRTIM_IRQHandler  stm32f3xx_hal_hrtim.o
    0x08001960   0x08001960   0x000000bc   Code   RO         4471    i.HAL_HRTIM_Init    stm32f3xx_hal_hrtim.o
    0x08001a1c   0x08001a1c   0x0000003c   Code   RO          538    i.HAL_HRTIM_MspInit  hrtim.o
    0x08001a58   0x08001a58   0x00000040   Code   RO          539    i.HAL_HRTIM_MspPostInit  hrtim.o
    0x08001a98   0x08001a98   0x00000002   Code   RO         4474    i.HAL_HRTIM_Output1ResetCallback  stm32f3xx_hal_hrtim.o
    0x08001a9a   0x08001a9a   0x00000002   Code   RO         4475    i.HAL_HRTIM_Output1SetCallback  stm32f3xx_hal_hrtim.o
    0x08001a9c   0x08001a9c   0x00000002   Code   RO         4476    i.HAL_HRTIM_Output2ResetCallback  stm32f3xx_hal_hrtim.o
    0x08001a9e   0x08001a9e   0x00000002   Code   RO         4477    i.HAL_HRTIM_Output2SetCallback  stm32f3xx_hal_hrtim.o
    0x08001aa0   0x08001aa0   0x00000042   Code   RO         4478    i.HAL_HRTIM_PollForDLLCalibration  stm32f3xx_hal_hrtim.o
    0x08001ae2   0x08001ae2   0x00000002   Code   RO         4479    i.HAL_HRTIM_RegistersUpdateCallback  stm32f3xx_hal_hrtim.o
    0x08001ae4   0x08001ae4   0x00000002   Code   RO         4480    i.HAL_HRTIM_RepetitionEventCallback  stm32f3xx_hal_hrtim.o
    0x08001ae6   0x08001ae6   0x00000002   Code   RO         4516    i.HAL_HRTIM_SynchronizationEventCallback  stm32f3xx_hal_hrtim.o
    0x08001ae8   0x08001ae8   0x00000002   Code   RO         4517    i.HAL_HRTIM_SystemFaultCallback  stm32f3xx_hal_hrtim.o
    0x08001aea   0x08001aea   0x0000007a   Code   RO         4518    i.HAL_HRTIM_TimeBaseConfig  stm32f3xx_hal_hrtim.o
    0x08001b64   0x08001b64   0x00000134   Code   RO         4523    i.HAL_HRTIM_WaveformCompareConfig  stm32f3xx_hal_hrtim.o
    0x08001c98   0x08001c98   0x00000084   Code   RO         4526    i.HAL_HRTIM_WaveformCountStart_IT  stm32f3xx_hal_hrtim.o
    0x08001d1c   0x08001d1c   0x00000036   Code   RO         4532    i.HAL_HRTIM_WaveformOutputConfig  stm32f3xx_hal_hrtim.o
    0x08001d52   0x08001d52   0x00000030   Code   RO         4533    i.HAL_HRTIM_WaveformOutputStart  stm32f3xx_hal_hrtim.o
    0x08001d82   0x08001d82   0x00000030   Code   RO         4534    i.HAL_HRTIM_WaveformOutputStop  stm32f3xx_hal_hrtim.o
    0x08001db2   0x08001db2   0x000000ba   Code   RO         4536    i.HAL_HRTIM_WaveformTimerConfig  stm32f3xx_hal_hrtim.o
    0x08001e6c   0x08001e6c   0x00000010   Code   RO         2515    i.HAL_IncTick       stm32f3xx_hal.o
    0x08001e7c   0x08001e7c   0x00000024   Code   RO         2516    i.HAL_Init          stm32f3xx_hal.o
    0x08001ea0   0x08001ea0   0x00000040   Code   RO         2517    i.HAL_InitTick      stm32f3xx_hal.o
    0x08001ee0   0x08001ee0   0x0000002c   Code   RO          440    i.HAL_MspInit       stm32f3xx_hal_msp.o
    0x08001f0c   0x08001f0c   0x0000001a   Code   RO         2987    i.HAL_NVIC_EnableIRQ  stm32f3xx_hal_cortex.o
    0x08001f26   0x08001f26   0x00000002   PAD
    0x08001f28   0x08001f28   0x00000040   Code   RO         2993    i.HAL_NVIC_SetPriority  stm32f3xx_hal_cortex.o
    0x08001f68   0x08001f68   0x00000024   Code   RO         2994    i.HAL_NVIC_SetPriorityGrouping  stm32f3xx_hal_cortex.o
    0x08001f8c   0x08001f8c   0x00000188   Code   RO         2779    i.HAL_RCCEx_PeriphCLKConfig  stm32f3xx_hal_rcc_ex.o
    0x08002114   0x08002114   0x00000148   Code   RO         2673    i.HAL_RCC_ClockConfig  stm32f3xx_hal_rcc.o
    0x0800225c   0x0800225c   0x0000000c   Code   RO         2678    i.HAL_RCC_GetHCLKFreq  stm32f3xx_hal_rcc.o
    0x08002268   0x08002268   0x0000006c   Code   RO         2682    i.HAL_RCC_GetSysClockFreq  stm32f3xx_hal_rcc.o
    0x080022d4   0x080022d4   0x000005c8   Code   RO         2685    i.HAL_RCC_OscConfig  stm32f3xx_hal_rcc.o
    0x0800289c   0x0800289c   0x00000002   Code   RO         5171    i.HAL_SMBUS_AddrCallback  stm32f3xx_hal_smbus.o
    0x0800289e   0x0800289e   0x00000004   Code   RO         5177    i.HAL_SMBUS_ER_IRQHandler  stm32f3xx_hal_smbus.o
    0x080028a2   0x080028a2   0x000000ba   Code   RO         5178    i.HAL_SMBUS_EV_IRQHandler  stm32f3xx_hal_smbus.o
    0x0800295c   0x0800295c   0x00000002   Code   RO         5181    i.HAL_SMBUS_ErrorCallback  stm32f3xx_hal_smbus.o
    0x0800295e   0x0800295e   0x00000004   Code   RO         5183    i.HAL_SMBUS_GetState  stm32f3xx_hal_smbus.o
    0x08002962   0x08002962   0x00000002   Code   RO         5186    i.HAL_SMBUS_ListenCpltCallback  stm32f3xx_hal_smbus.o
    0x08002964   0x08002964   0x00000002   Code   RO         5187    i.HAL_SMBUS_MasterRxCpltCallback  stm32f3xx_hal_smbus.o
    0x08002966   0x08002966   0x00000002   Code   RO         5188    i.HAL_SMBUS_MasterTxCpltCallback  stm32f3xx_hal_smbus.o
    0x08002968   0x08002968   0x000000b4   Code   RO         5190    i.HAL_SMBUS_Master_Receive_IT  stm32f3xx_hal_smbus.o
    0x08002a1c   0x08002a1c   0x000000d0   Code   RO         5191    i.HAL_SMBUS_Master_Transmit_IT  stm32f3xx_hal_smbus.o
    0x08002aec   0x08002aec   0x00000002   Code   RO         5194    i.HAL_SMBUS_SlaveRxCpltCallback  stm32f3xx_hal_smbus.o
    0x08002aee   0x08002aee   0x00000002   Code   RO         5195    i.HAL_SMBUS_SlaveTxCpltCallback  stm32f3xx_hal_smbus.o
    0x08002af0   0x08002af0   0x00000018   Code   RO         2996    i.HAL_SYSTICK_CLKSourceConfig  stm32f3xx_hal_cortex.o
    0x08002b08   0x08002b08   0x00000002   Code   RO         2997    i.HAL_SYSTICK_Callback  stm32f3xx_hal_cortex.o
    0x08002b0a   0x08002b0a   0x00000028   Code   RO         2998    i.HAL_SYSTICK_Config  stm32f3xx_hal_cortex.o
    0x08002b32   0x08002b32   0x00000008   Code   RO         2999    i.HAL_SYSTICK_IRQHandler  stm32f3xx_hal_cortex.o
    0x08002b3a   0x08002b3a   0x00000002   Code   RO         1755    i.HAL_TIMEx_Break2Callback  stm32f3xx_hal_tim_ex.o
    0x08002b3c   0x08002b3c   0x00000002   Code   RO         1756    i.HAL_TIMEx_BreakCallback  stm32f3xx_hal_tim_ex.o
    0x08002b3e   0x08002b3e   0x00000002   Code   RO         1757    i.HAL_TIMEx_CommutCallback  stm32f3xx_hal_tim_ex.o
    0x08002b40   0x08002b40   0x00000074   Code   RO         1776    i.HAL_TIMEx_MasterConfigSynchronization  stm32f3xx_hal_tim_ex.o
    0x08002bb4   0x08002bb4   0x00000062   Code   RO         1041    i.HAL_TIM_Base_Init  stm32f3xx_hal_tim.o
    0x08002c16   0x08002c16   0x00000002   PAD
    0x08002c18   0x08002c18   0x00000084   Code   RO          580    i.HAL_TIM_Base_MspInit  tim.o
    0x08002c9c   0x08002c9c   0x00000064   Code   RO         1046    i.HAL_TIM_Base_Start_IT  stm32f3xx_hal_tim.o
    0x08002d00   0x08002d00   0x00000030   Code   RO         1049    i.HAL_TIM_Base_Stop_IT  stm32f3xx_hal_tim.o
    0x08002d30   0x08002d30   0x000000dc   Code   RO         1050    i.HAL_TIM_ConfigClockSource  stm32f3xx_hal_tim.o
    0x08002e0c   0x08002e0c   0x00000002   Code   RO         1075    i.HAL_TIM_IC_CaptureCallback  stm32f3xx_hal_tim.o
    0x08002e0e   0x08002e0e   0x00000184   Code   RO         1089    i.HAL_TIM_IRQHandler  stm32f3xx_hal_tim.o
    0x08002f92   0x08002f92   0x00000002   Code   RO         1092    i.HAL_TIM_OC_DelayElapsedCallback  stm32f3xx_hal_tim.o
    0x08002f94   0x08002f94   0x0000011e   Code   RO         1113    i.HAL_TIM_PWM_ConfigChannel  stm32f3xx_hal_tim.o
    0x080030b2   0x080030b2   0x00000062   Code   RO         1116    i.HAL_TIM_PWM_Init  stm32f3xx_hal_tim.o
    0x08003114   0x08003114   0x00000002   Code   RO         1118    i.HAL_TIM_PWM_MspInit  stm32f3xx_hal_tim.o
    0x08003116   0x08003116   0x00000002   PAD
    0x08003118   0x08003118   0x000000a4   Code   RO          781    i.HAL_TIM_PWM_PulseFinishedCallback  bsp.o
    0x080031bc   0x080031bc   0x0000010c   Code   RO         1123    i.HAL_TIM_PWM_Start_IT  stm32f3xx_hal_tim.o
    0x080032c8   0x080032c8   0x00000002   Code   RO         1127    i.HAL_TIM_PeriodElapsedCallback  stm32f3xx_hal_tim.o
    0x080032ca   0x080032ca   0x00000002   Code   RO         1132    i.HAL_TIM_TriggerCallback  stm32f3xx_hal_tim.o
    0x080032cc   0x080032cc   0x00000250   Code   RO          304    i.HRTIM1_Master_IRQHandler  stm32f3xx_it.o
    0x0800351c   0x0800351c   0x0000005a   Code   RO         4543    i.HRTIM_ForceRegistersUpdate  stm32f3xx_hal_hrtim.o
    0x08003576   0x08003576   0x000000d2   Code   RO         4547    i.HRTIM_HRTIM_ISR   stm32f3xx_hal_hrtim.o
    0x08003648   0x08003648   0x00000128   Code   RO         4548    i.HRTIM_Master_ISR  stm32f3xx_hal_hrtim.o
    0x08003770   0x08003770   0x000000ce   Code   RO         4549    i.HRTIM_OutputConfig  stm32f3xx_hal_hrtim.o
    0x0800383e   0x0800383e   0x000001d6   Code   RO         4551    i.HRTIM_Timer_ISR   stm32f3xx_hal_hrtim.o
    0x08003a14   0x08003a14   0x00000142   Code   RO         4552    i.HRTIM_TimingUnitWaveform_Config  stm32f3xx_hal_hrtim.o
    0x08003b56   0x08003b56   0x00000004   Code   RO          305    i.HardFault_Handler  stm32f3xx_it.o
    0x08003b5a   0x08003b5a   0x00000002   PAD
    0x08003b5c   0x08003b5c   0x0000000c   Code   RO          306    i.I2C1_ER_IRQHandler  stm32f3xx_it.o
    0x08003b68   0x08003b68   0x0000000c   Code   RO          307    i.I2C1_EV_IRQHandler  stm32f3xx_it.o
    0x08003b74   0x08003b74   0x000000a8   Code   RO          496    i.MX_ADC1_Init      adc.o
    0x08003c1c   0x08003c1c   0x0000009c   Code   RO          497    i.MX_ADC2_Init      adc.o
    0x08003cb8   0x08003cb8   0x00000144   Code   RO          467    i.MX_GPIO_Init      gpio.o
    0x08003dfc   0x08003dfc   0x0000016c   Code   RO          540    i.MX_HRTIM1_Init    hrtim.o
    0x08003f68   0x08003f68   0x00000060   Code   RO          581    i.MX_TIM3_Init      tim.o
    0x08003fc8   0x08003fc8   0x00000058   Code   RO          582    i.MX_TIM6_Init      tim.o
    0x08004020   0x08004020   0x00000004   Code   RO          308    i.MemManage_Handler  stm32f3xx_it.o
    0x08004024   0x08004024   0x00000004   Code   RO          309    i.NMI_Handler       stm32f3xx_it.o
    0x08004028   0x08004028   0x00000004   Code   RO          310    i.PendSV_Handler    stm32f3xx_it.o
    0x0800402c   0x0800402c   0x00000004   Code   RO          311    i.RCC_IRQHandler    stm32f3xx_it.o
    0x08004030   0x08004030   0x00000036   Code   RO         5198    i.SMBUS_ConvertOtherXferOptions  stm32f3xx_hal_smbus.o
    0x08004066   0x08004066   0x0000007c   Code   RO         5199    i.SMBUS_Disable_IRQ  stm32f3xx_hal_smbus.o
    0x080040e2   0x080040e2   0x00000032   Code   RO         5200    i.SMBUS_Enable_IRQ  stm32f3xx_hal_smbus.o
    0x08004114   0x08004114   0x000000c0   Code   RO         5201    i.SMBUS_ITErrorHandler  stm32f3xx_hal_smbus.o
    0x080041d4   0x080041d4   0x000001c8   Code   RO         5202    i.SMBUS_Master_ISR  stm32f3xx_hal_smbus.o
    0x0800439c   0x0800439c   0x00000238   Code   RO         5203    i.SMBUS_Slave_ISR   stm32f3xx_hal_smbus.o
    0x080045d4   0x080045d4   0x0000002c   Code   RO         5204    i.SMBUS_TransferConfig  stm32f3xx_hal_smbus.o
    0x08004600   0x08004600   0x0000013c   Code   RO          921    i.SMBUS_task_cycle  smbus.o
    0x0800473c   0x0800473c   0x00000004   Code   RO          312    i.SVC_Handler       stm32f3xx_it.o
    0x08004740   0x08004740   0x000000bc   Code   RO           25    i.SunlightTrigger   main.o
    0x080047fc   0x080047fc   0x0000000e   Code   RO          313    i.SysTick_Handler   stm32f3xx_it.o
    0x0800480a   0x0800480a   0x0000006a   Code   RO           26    i.SystemClock_Config  main.o
    0x08004874   0x08004874   0x00000010   Code   RO         5528    i.SystemInit        system_stm32f3xx.o
    0x08004884   0x08004884   0x0000001c   Code   RO         6003    i.TIM2_IRQHandler   porttimer.o
    0x080048a0   0x080048a0   0x0000000c   Code   RO          314    i.TIM3_IRQHandler   stm32f3xx_it.o
    0x080048ac   0x080048ac   0x00000028   Code   RO          315    i.TIM6_DAC1_IRQHandler  stm32f3xx_it.o
    0x080048d4   0x080048d4   0x00000088   Code   RO         1134    i.TIM_Base_SetConfig  stm32f3xx_hal_tim.o
    0x0800495c   0x0800495c   0x0000001a   Code   RO         1135    i.TIM_CCxChannelCmd  stm32f3xx_hal_tim.o
    0x08004976   0x08004976   0x00000014   Code   RO         1145    i.TIM_ETR_SetConfig  stm32f3xx_hal_tim.o
    0x0800498a   0x0800498a   0x00000010   Code   RO         1146    i.TIM_ITRx_SetConfig  stm32f3xx_hal_tim.o
    0x0800499a   0x0800499a   0x00000002   PAD
    0x0800499c   0x0800499c   0x00000088   Code   RO         1147    i.TIM_OC1_SetConfig  stm32f3xx_hal_tim.o
    0x08004a24   0x08004a24   0x00000080   Code   RO         1148    i.TIM_OC2_SetConfig  stm32f3xx_hal_tim.o
    0x08004aa4   0x08004aa4   0x00000080   Code   RO         1149    i.TIM_OC3_SetConfig  stm32f3xx_hal_tim.o
    0x08004b24   0x08004b24   0x0000006c   Code   RO         1150    i.TIM_OC4_SetConfig  stm32f3xx_hal_tim.o
    0x08004b90   0x08004b90   0x00000064   Code   RO         1151    i.TIM_OC5_SetConfig  stm32f3xx_hal_tim.o
    0x08004bf4   0x08004bf4   0x00000068   Code   RO         1152    i.TIM_OC6_SetConfig  stm32f3xx_hal_tim.o
    0x08004c5c   0x08004c5c   0x00000022   Code   RO         1154    i.TIM_TI1_ConfigInputStage  stm32f3xx_hal_tim.o
    0x08004c7e   0x08004c7e   0x00000024   Code   RO         1156    i.TIM_TI2_ConfigInputStage  stm32f3xx_hal_tim.o
    0x08004ca2   0x08004ca2   0x00000002   PAD
    0x08004ca4   0x08004ca4   0x0000004c   Code   RO         5932    i.USART1_IRQHandler  portserial.o
    0x08004cf0   0x08004cf0   0x00000004   Code   RO          316    i.UsageFault_Handler  stm32f3xx_it.o
    0x08004cf4   0x08004cf4   0x00000020   Code   RO         3000    i.__NVIC_SetPriority  stm32f3xx_hal_cortex.o
    0x08004d14   0x08004d14   0x0000000e   Code   RO         6098    i.__scatterload_copy  mc_w.l(handlers.o)
    0x08004d22   0x08004d22   0x00000002   Code   RO         6099    i.__scatterload_null  mc_w.l(handlers.o)
    0x08004d24   0x08004d24   0x0000000e   Code   RO         6100    i.__scatterload_zeroinit  mc_w.l(handlers.o)
    0x08004d32   0x08004d32   0x00000002   PAD
    0x08004d34   0x08004d34   0x00000024   Code   RO          923    i.calc_crc8         smbus.o
    0x08004d58   0x08004d58   0x00000072   Code   RO         5675    i.eMBFuncReadCoils  mbfunccoils.o
    0x08004dca   0x08004dca   0x00000072   Code   RO         5702    i.eMBFuncReadDiscreteInputs  mbfuncdisc.o
    0x08004e3c   0x08004e3c   0x0000005e   Code   RO         5714    i.eMBFuncReadHoldingRegister  mbfuncholding.o
    0x08004e9a   0x08004e9a   0x00000062   Code   RO         5744    i.eMBFuncReadInputRegister  mbfuncinput.o
    0x08004efc   0x08004efc   0x0000009c   Code   RO         5715    i.eMBFuncReadWriteMultipleHoldingRegister  mbfuncholding.o
    0x08004f98   0x08004f98   0x00000024   Code   RO         5756    i.eMBFuncReportSlaveID  mbfuncother.o
    0x08004fbc   0x08004fbc   0x00000056   Code   RO         5676    i.eMBFuncWriteCoil  mbfunccoils.o
    0x08005012   0x08005012   0x00000032   Code   RO         5716    i.eMBFuncWriteHoldingRegister  mbfuncholding.o
    0x08005044   0x08005044   0x00000064   Code   RO         5677    i.eMBFuncWriteMultipleCoils  mbfunccoils.o
    0x080050a8   0x080050a8   0x0000004e   Code   RO         5717    i.eMBFuncWriteMultipleHoldingRegister  mbfuncholding.o
    0x080050f6   0x080050f6   0x00000004   Code   RO         5835    i.eMBRegCoilsCB     mbrtu_var_1.o
    0x080050fa   0x080050fa   0x00000002   PAD
    0x080050fc   0x080050fc   0x00000050   Code   RO         5836    i.eMBRegDiscreteCB  mbrtu_var_1.o
    0x0800514c   0x0800514c   0x00000004   Code   RO         5837    i.eMBRegHoldingCB   mbrtu_var_1.o
    0x08005150   0x08005150   0x00000038   Code   RO         5838    i.eMBRegInputCB     mbrtu_var_1.o
    0x08005188   0x08005188   0x00000034   Code   RO           28    i.main              main.o
    0x080051bc   0x080051bc   0x00000090   Code   RO          782    i.on_Dim_Rolling    bsp.o
    0x0800524c   0x0800524c   0x00000064   Code   RO          783    i.on_LED_FastBlink  bsp.o
    0x080052b0   0x080052b0   0x00000064   Code   RO          784    i.on_LED_SlowBlink  bsp.o
    0x08005314   0x08005314   0x0000010c   Code   RO           29    i.pbChargerFSM      main.o
    0x08005420   0x08005420   0x00000018   Code   RO         5879    i.prveMBError2Exception  mbutils.o
    0x08005438   0x08005438   0x00000022   Code   RO         5880    i.xMBUtilGetBits    mbutils.o
    0x0800545a   0x0800545a   0x00000100   Data   RO          925    .constdata          smbus.o
    0x0800555a   0x0800555a   0x00000064   Data   RO         1014    .constdata          conf_sruct.o
    0x080055be   0x080055be   0x00000020   Data   RO         2686    .constdata          stm32f3xx_hal_rcc.o
    0x080055de   0x080055de   0x00000010   Data   RO         5529    .constdata          system_stm32f3xx.o
    0x080055ee   0x080055ee   0x00000002   PAD
    0x080055f0   0x080055f0   0x00000020   Data   RO         6096    Region$$Table       anon$$obj.o


    Execution Region RW_IRAM2 (Exec base: 0x10000000, Load base: 0x08005670, Size: 0x00000000, Max: 0x00001000, ABSOLUTE)

    **** No section assigned to this execution region ****


    Execution Region RW_IRAM1 (Exec base: 0x20000000, Load base: 0x08005610, Size: 0x000008f8, Max: 0x00003000, ABSOLUTE, COMPRESSED[0x00000060])

    Exec Addr    Load Addr    Size         Type   Attr      Idx    E Section Name        Object

    0x20000000   COMPRESSED   0x00000020   Data   RW           31    .data               main.o
    0x20000020   COMPRESSED   0x00000040   Data   RW          317    .data               stm32f3xx_it.o
    0x20000060   COMPRESSED   0x00000004   Data   RW          499    .data               adc.o
    0x20000064   COMPRESSED   0x00000002   Data   RW          785    .data               bsp.o
    0x20000066   COMPRESSED   0x00000002   Data   RW          786    .data               bsp.o
    0x20000068   COMPRESSED   0x00000002   Data   RW          787    .data               bsp.o
    0x2000006a   COMPRESSED   0x00000002   Data   RW          788    .data               bsp.o
    0x2000006c   COMPRESSED   0x00000038   Data   RW          789    .data               bsp.o
    0x200000a4   COMPRESSED   0x00000002   Data   RW          790    .data               bsp.o
    0x200000a6   COMPRESSED   0x00000002   Data   RW          791    .data               bsp.o
    0x200000a8   COMPRESSED   0x0000000c   Data   RW          926    .data               smbus.o
    0x200000b4   COMPRESSED   0x0000000c   Data   RW         2523    .data               stm32f3xx_hal.o
    0x200000c0   COMPRESSED   0x00000018   Data   RW         4553    .data               stm32f3xx_hal_hrtim.o
    0x200000d8   COMPRESSED   0x00000004   Data   RW         5531    .data               system_stm32f3xx.o
    0x200000dc   COMPRESSED   0x000000ac   Data   RW         5568    .data               mb.o
    0x20000188   COMPRESSED   0x00000002   Data   RW         5759    .data               mbfuncother.o
    0x2000018a   COMPRESSED   0x00000002   PAD
    0x2000018c   COMPRESSED   0x00000008   Data   RW           34    .udata              main.o
    0x20000194   COMPRESSED   0x00000002   Data   RW           37    .udata              main.o
    0x20000196   COMPRESSED   0x00000002   Data   RW           38    .udata              main.o
    0x20000198   COMPRESSED   0x00000002   Data   RW           39    .udata              main.o
    0x2000019a   COMPRESSED   0x00000002   Data   RW          792    .udata              bsp.o
    0x2000019c        -       0x000000a0   Zero   RW          498    .bss                adc.o
    0x2000023c        -       0x000000dc   Zero   RW          541    .bss                hrtim.o
    0x20000318        -       0x00000098   Zero   RW          583    .bss                tim.o
    0x200003b0        -       0x0000009c   Zero   RW          924    .bss                smbus.o
    0x2000044c        -       0x00000020   Zero   RW         5758    .bss                mbfuncother.o
    0x2000046c        -       0x0000008c   Zero   RW         5839    .bss                mbrtu_var_1.o
    0x200004f8        -       0x00000400   Zero   RW            1    STACK               startup_stm32f334x8.o


==============================================================================

Image component sizes


      Code (inc. data)   RO Data    RW Data    ZI Data      Debug   Object Name

       504         34          0          4        160       3042   adc.o
      1280        182          0         70          0      16071   bsp.o
         0          0        100          0          0       2726   conf_sruct.o
       324         26          0          0          0       1271   gpio.o
       488         28          0          0        220       2887   hrtim.o
       950        102          0         46          0     770104   main.o
         0          0          0        172          0       6038   mb.o
       300          0          0          0          0       3926   mbfunccoils.o
       114          0          0          0          0       1620   mbfuncdisc.o
       378          0          0          0          0       5407   mbfuncholding.o
        98          0          0          0          0       1615   mbfuncinput.o
        36         10          0          2         32       1487   mbfuncother.o
       144          8          0          0        140       3901   mbrtu_var_1.o
        58          0          0          0          0       1941   mbutils.o
        76         12          0          0          0        652   portserial.o
        28          4          0          0          0        554   porttimer.o
       352         20        256         12        156       3526   smbus.o
        36          8        392          0       1024        908   startup_stm32f334x8.o
       128         24          0         12          0      15065   stm32f3xx_hal.o
         6          0          0          0          0       2334   stm32f3xx_hal_adc.o
      2904         68          0          0          0      12787   stm32f3xx_hal_adc_ex.o
       232         14          0          0          0      34645   stm32f3xx_hal_cortex.o
       480         30          0          0          0       4791   stm32f3xx_hal_gpio.o
      3240         28          0         24          0      35128   stm32f3xx_hal_hrtim.o
        44          6          0          0          0        998   stm32f3xx_hal_msp.o
      1928         54         32          0          0       5542   stm32f3xx_hal_rcc.o
       392         14          0          0          0       1608   stm32f3xx_hal_rcc_ex.o
      2084         22          0          0          0      16414   stm32f3xx_hal_smbus.o
      2488        198          0          0          0      20944   stm32f3xx_hal_tim.o
       122         12          0          0          0       3420   stm32f3xx_hal_tim_ex.o
      1000        124          0         64          0      12790   stm32f3xx_it.o
        16          4         16          4          0       1343   system_stm32f3xx.o
       316         36          0          0        152       2851   tim.o

    ----------------------------------------------------------------------
     20570       1068        830        412       1884     998336   Object Totals
         0          0         32          0          0          0   (incl. Generated)
        24          0          2          2          0          0   (incl. Padding)

    ----------------------------------------------------------------------

      Code (inc. data)   RO Data    RW Data    ZI Data      Debug   Library Member Name

        86          0          0          0          0          0   __dczerorl2.o
         0          0          0          0          0          0   entry.o
         0          0          0          0          0          0   entry10a.o
         0          0          0          0          0          0   entry11a.o
         8          4          0          0          0          0   entry2.o
         4          0          0          0          0          0   entry5.o
         0          0          0          0          0          0   entry7b.o
         0          0          0          0          0          0   entry8b.o
         8          4          0          0          0          0   entry9a.o
        30          0          0          0          0          0   handlers.o
        36          8          0          0          0         68   init.o
         0          0          0          0          0          0   iusefp.o
        30          0          0          0          0         68   llshl.o
        32          0          0          0          0         68   llushr.o
        36          0          0          0          0         68   memcpya.o
        98          0          0          0          0         92   uldiv.o
        48          0          0          0          0         68   cdrcmple.o
       186          0          0          0          0        176   depilogue.o
        26          0          0          0          0         76   dfltui.o

    ----------------------------------------------------------------------
       632         16          0          0          0        684   Library Totals
         4          0          0          0          0          0   (incl. Padding)

    ----------------------------------------------------------------------

      Code (inc. data)   RO Data    RW Data    ZI Data      Debug   Library Name

       368         16          0          0          0        364   mc_w.l
       260          0          0          0          0        320   mf_w.l

    ----------------------------------------------------------------------
       632         16          0          0          0        684   Library Totals

    ----------------------------------------------------------------------

==============================================================================


      Code (inc. data)   RO Data    RW Data    ZI Data      Debug   

     21202       1084        830        412       1884     979692   Grand Totals
     21202       1084        830         96       1884     979692   ELF Image Totals (compressed)
     21202       1084        830         96          0          0   ROM Totals

==============================================================================

    Total RO  Size (Code + RO Data)                22032 (  21.52kB)
    Total RW  Size (RW Data + ZI Data)              2296 (   2.24kB)
    Total ROM Size (Code + RO Data + RW Data)      22128 (  21.61kB)

==============================================================================

